train graph 0: base T 100.0  matched_donor/intermediates -1.9/e0.01  matched_donor/final -99.7/e0.00  same_answer_donor/intermediates -96.8/e0.61  label_swap/intermediates -0.0/e0.00  random_donor/intermediates -2.6/e0.76
train graph 1: base T 100.0  matched_donor/intermediates -99.6/e0.00  matched_donor/final -99.0/e0.00  same_answer_donor/intermediates -99.9/e0.00  label_swap/intermediates -0.0/e0.00  random_donor/intermediates -78.1/e1.00
train graph 2: base T 100.0  matched_donor/intermediates -99.1/e0.00  matched_donor/final -100.0/e0.00  same_answer_donor/intermediates -4.2/e0.26  label_swap/intermediates -0.0/e0.00  random_donor/intermediates -51.1/e1.00
train graph 3: base T 100.0  matched_donor/intermediates -1.0/e0.71  matched_donor/final -99.8/e0.00  same_answer_donor/intermediates +0.0/e0.00  label_swap/intermediates -0.0/e0.00  random_donor/intermediates -1.5/e1.00
train graph 4: base T 100.0  matched_donor/intermediates -99.7/e0.00  matched_donor/final -99.8/e0.00  same_answer_donor/intermediates -0.3/e0.00  label_swap/intermediates -0.0/e0.00  random_donor/intermediates -0.0/e0.96
train graph 5: base T 100.0  matched_donor/intermediates -99.9/e0.04  matched_donor/final -100.0/e0.00  same_answer_donor/intermediates -12.1/e0.09  label_swap/intermediates +0.0/e0.00  random_donor/intermediates -51.7/e0.88
train graph 6: base T 99.9  matched_donor/intermediates -99.9/e0.00  matched_donor/final -99.9/e0.00  same_answer_donor/intermediates -49.1/e0.00  label_swap/intermediates -0.0/e0.00  random_donor/intermediates -99.9/e0.09
train graph 7: base T 100.0  matched_donor/intermediates -0.0/e0.00  matched_donor/final -94.3/e0.00  same_answer_donor/intermediates -0.0/e0.00  label_swap/intermediates -1.5/e0.00  random_donor/intermediates -93.8/e0.78
train graph 8: base T 94.4  matched_donor/intermediates -94.3/e0.00  matched_donor/final -93.6/e0.00  same_answer_donor/intermediates -3.1/e0.03  label_swap/intermediates -0.5/e0.00  random_donor/intermediates -45.5/e0.45
train graph 9: base T 99.5  matched_donor/intermediates -22.8/e0.00  matched_donor/final -99.0/e0.00  same_answer_donor/intermediates -99.4/e0.00  label_swap/intermediates -16.3/e0.00  random_donor/intermediates -99.5/e0.00
train graph 10: base T 99.5  matched_donor/intermediates -99.5/e0.00  matched_donor/final -99.5/e0.00  same_answer_donor/intermediates +0.3/e0.00  label_swap/intermediates +0.3/e0.00  random_donor/intermediates +0.5/e0.00
train graph 11: base T 99.7  matched_donor/intermediates -99.6/e0.00  matched_donor/final -99.7/e0.00  same_answer_donor/intermediates +0.3/e0.00  label_swap/intermediates +0.0/e0.00  random_donor/intermediates -1.0/e0.76
train graph 12: base T 99.9  matched_donor/intermediates -99.9/e0.00  matched_donor/final -99.9/e0.00  same_answer_donor/intermediates -98.3/e0.00  label_swap/intermediates -1.3/e0.00  random_donor/intermediates -6.2/e0.53
train graph 13: base T 100.0  matched_donor/intermediates -1.4/e0.00  matched_donor/final -1.4/e0.00  same_answer_donor/intermediates -99.6/e0.00  label_swap/intermediates +0.0/e0.00  random_donor/intermediates +0.0/e0.00
train graph 14: base T 100.0  matched_donor/intermediates -13.8/e0.85  matched_donor/final -100.0/e0.00  same_answer_donor/intermediates -0.3/e0.15  label_swap/intermediates +0.0/e0.00  random_donor/intermediates -0.8/e0.79
train graph 15: base T 100.0  matched_donor/intermediates -99.8/e0.20  matched_donor/final -100.0/e0.00  same_answer_donor/intermediates -100.0/e0.00  label_swap/intermediates -0.0/e0.00  random_donor/intermediates -95.7/e1.00
train graph 16: base T 100.0  matched_donor/intermediates -100.0/e0.00  matched_donor/final -67.5/e0.01  same_answer_donor/intermediates -66.7/e0.01  label_swap/intermediates -0.0/e0.00  random_donor/intermediates -97.3/e0.64
train graph 17: base T 100.0  matched_donor/intermediates -99.8/e0.03  matched_donor/final -100.0/e0.00  same_answer_donor/intermediates -84.6/e0.00  label_swap/intermediates +0.0/e0.00  random_donor/intermediates -93.8/e1.00
train graph 18: base T 100.0  matched_donor/intermediates -40.4/e0.35  matched_donor/final -99.9/e0.00  same_answer_donor/intermediates -81.5/e0.00  label_swap/intermediates -0.0/e0.00  random_donor/intermediates -72.9/e0.09
train graph 19: base T 99.9  matched_donor/intermediates -70.9/e0.02  matched_donor/final -99.9/e0.00  same_answer_donor/intermediates +0.1/e0.00  label_swap/intermediates +0.0/e0.00  random_donor/intermediates -7.3/e0.99
train graph 20: base T 100.0  matched_donor/intermediates -99.6/e0.00  matched_donor/final -100.0/e0.00  same_answer_donor/intermediates -3.3/e0.87  label_swap/intermediates -0.0/e0.00  random_donor/intermediates -64.8/e1.00
train graph 21: base T 100.0  matched_donor/intermediates -81.3/e0.00  matched_donor/final -100.0/e0.00  same_answer_donor/intermediates -1.1/e0.00  label_swap/intermediates -0.0/e0.00  random_donor/intermediates -0.8/e0.86
train graph 22: base T 99.8  matched_donor/intermediates -99.6/e0.00  matched_donor/final -99.8/e0.00  same_answer_donor/intermediates -5.7/e0.03  label_swap/intermediates -0.2/e0.00  random_donor/intermediates -99.8/e0.00
train graph 23: base T 100.0  matched_donor/intermediates -100.0/e0.00  matched_donor/final -100.0/e0.00  label_swap/intermediates -0.1/e0.01  random_donor/intermediates -100.0/e0.98
train graph 24: base T 99.9  matched_donor/intermediates -99.9/e0.00  matched_donor/final -99.9/e0.00  same_answer_donor/intermediates -3.7/e0.00  label_swap/intermediates +0.0/e0.00  random_donor/intermediates -0.1/e0.48
train graph 25: base T 99.9  matched_donor/intermediates -98.9/e0.03  matched_donor/final -99.9/e0.00  same_answer_donor/intermediates -1.3/e0.15  label_swap/intermediates -0.1/e0.00  random_donor/intermediates -31.7/e1.00
train graph 26: base T 100.0  matched_donor/intermediates -0.6/e0.00  matched_donor/final -100.0/e0.00  same_answer_donor/intermediates -58.3/e0.09  label_swap/intermediates +0.0/e0.00  random_donor/intermediates -100.0/e0.00
train graph 27: base T 100.0  matched_donor/intermediates -0.0/e0.00  matched_donor/final -99.6/e0.00  same_answer_donor/intermediates -0.1/e0.00  label_swap/intermediates +0.0/e0.00  random_donor/intermediates -60.8/e0.99
train graph 28: base T 100.0  matched_donor/intermediates -33.7/e0.33  matched_donor/final -48.2/e0.20  same_answer_donor/intermediates -0.0/e0.00  label_swap/intermediates -0.1/e0.00  random_donor/intermediates +0.0/e0.00
train graph 29: base T 100.0  matched_donor/intermediates -100.0/e0.00  matched_donor/final -99.9/e0.00  same_answer_donor/intermediates -96.2/e0.00  label_swap/intermediates +0.0/e0.00  random_donor/intermediates -0.0/e0.14
train graph 30: base T 100.0  matched_donor/intermediates -91.6/e0.01  matched_donor/final -99.5/e0.00  same_answer_donor/intermediates -70.6/e0.00  label_swap/intermediates -5.2/e0.00  random_donor/intermediates -43.8/e1.00
train graph 31: base T 100.0  same_answer_donor/intermediates +0.0/e0.00  label_swap/intermediates -0.0/e0.04  random_donor/intermediates +0.0/e0.00
train graph 32: base T 100.0  matched_donor/intermediates -78.8/e0.70  matched_donor/final -99.9/e0.19  same_answer_donor/intermediates -0.0/e0.00  label_swap/intermediates -0.0/e0.00  random_donor/intermediates -70.7/e0.99
train graph 33: base T 100.0  matched_donor/intermediates -94.2/e0.01  matched_donor/final -99.9/e0.00  same_answer_donor/intermediates -65.2/e0.02  label_swap/intermediates -0.2/e0.00  random_donor/intermediates -92.5/e0.00
train graph 34: base T 99.9  matched_donor/intermediates -14.0/e0.01  matched_donor/final -99.9/e0.00  same_answer_donor/intermediates -0.0/e0.00  label_swap/intermediates -0.0/e0.00  random_donor/intermediates -0.4/e0.44
train graph 35: base T 100.0  matched_donor/intermediates -99.1/e0.00  matched_donor/final -99.9/e0.00  same_answer_donor/intermediates -99.9/e0.00  label_swap/intermediates -0.0/e0.00  random_donor/intermediates -99.8/e0.00
train graph 36: base T 100.0  matched_donor/intermediates -99.8/e0.00  matched_donor/final -100.0/e0.00  same_answer_donor/intermediates -100.0/e0.00  label_swap/intermediates -0.0/e0.00  random_donor/intermediates -9.1/e1.00
train graph 37: base T 100.0  matched_donor/intermediates -2.1/e0.01  matched_donor/final -99.8/e0.00  same_answer_donor/intermediates -1.9/e0.01  label_swap/intermediates -0.0/e0.00  random_donor/intermediates -0.0/e0.62
train graph 38: base T 100.0  matched_donor/intermediates -0.0/e0.00  matched_donor/final -100.0/e0.00  same_answer_donor/intermediates +0.0/e0.00  label_swap/intermediates -0.0/e0.00  random_donor/intermediates -100.0/e0.95
train graph 39: base T 100.0  matched_donor/intermediates -75.0/e0.00  matched_donor/final -99.3/e0.00  same_answer_donor/intermediates -99.2/e0.00  label_swap/intermediates -0.0/e0.00  random_donor/intermediates -0.4/e0.96
train graph 40: base T 100.0  matched_donor/intermediates -55.1/e0.00  matched_donor/final -0.0/e0.00  same_answer_donor/intermediates -0.0/e0.00  label_swap/intermediates -0.1/e0.00  random_donor/intermediates -0.3/e0.18
train graph 41: base T 100.0  matched_donor/intermediates -99.1/e0.00  matched_donor/final -100.0/e0.00  same_answer_donor/intermediates -8.3/e0.03  label_swap/intermediates +0.0/e0.00  random_donor/intermediates -7.3/e1.00
train graph 42: base T 100.0  matched_donor/intermediates -0.1/e0.02  matched_donor/final -99.9/e0.00  same_answer_donor/intermediates -0.0/e0.03  label_swap/intermediates -0.0/e0.00  random_donor/intermediates -0.4/e0.84
train graph 43: base T 100.0  matched_donor/intermediates -99.8/e0.00  matched_donor/final -98.5/e0.00  same_answer_donor/intermediates -2.7/e0.00  label_swap/intermediates -0.0/e0.00  random_donor/intermediates -78.6/e0.19
train graph 44: base T 100.0  matched_donor/intermediates -99.9/e0.00  matched_donor/final -100.0/e0.00  same_answer_donor/intermediates -0.1/e0.01  label_swap/intermediates -0.0/e0.00  random_donor/intermediates -74.6/e1.00
train graph 45: base T 100.0  matched_donor/intermediates -97.0/e0.00  matched_donor/final -99.1/e0.00  same_answer_donor/intermediates -8.0/e0.00  label_swap/intermediates -0.0/e0.00  random_donor/intermediates -0.3/e0.68
train graph 46: base T 100.0  matched_donor/intermediates -86.6/e0.02  matched_donor/final -97.5/e0.00  same_answer_donor/intermediates -0.1/e0.00  label_swap/intermediates -0.1/e0.00  random_donor/intermediates -14.2/e0.96
train graph 47: base T 100.0  matched_donor/intermediates -0.0/e0.00  matched_donor/final -100.0/e0.00  same_answer_donor/intermediates -0.0/e0.00  label_swap/intermediates +0.0/e0.00  random_donor/intermediates -0.3/e0.60
train graph 48: base T 100.0  matched_donor/intermediates -2.1/e0.25  matched_donor/final -100.0/e0.00  same_answer_donor/intermediates -99.8/e0.00  label_swap/intermediates -0.0/e0.00  random_donor/intermediates -100.0/e0.24
train graph 49: base T 100.0  same_answer_donor/intermediates +0.0/e0.00  label_swap/intermediates -0.0/e0.00  random_donor/intermediates -98.9/e1.00
train graph 50: base T 99.8  matched_donor/intermediates -95.6/e0.00  matched_donor/final -99.8/e0.00  same_answer_donor/intermediates -5.9/e0.00  label_swap/intermediates +0.0/e0.00  random_donor/intermediates -99.4/e1.00
train graph 51: base T 99.1  matched_donor/intermediates -98.6/e0.00  matched_donor/final -96.8/e0.00  same_answer_donor/intermediates -99.0/e0.00  label_swap/intermediates -0.7/e0.00  random_donor/intermediates -99.1/e0.00
train graph 52: base T 100.0  matched_donor/intermediates -17.0/e0.26  matched_donor/final -100.0/e0.00  same_answer_donor/intermediates -0.6/e0.10  label_swap/intermediates -0.0/e0.00  random_donor/intermediates -86.1/e0.99
train graph 53: base T 100.0  matched_donor/intermediates -0.0/e0.00  matched_donor/final -99.9/e0.00  same_answer_donor/intermediates +0.0/e0.00  label_swap/intermediates -0.2/e0.00  random_donor/intermediates -99.5/e0.69
train graph 54: base T 100.0  matched_donor/intermediates -2.2/e0.00  matched_donor/final -100.0/e0.00  same_answer_donor/intermediates -98.4/e0.09  label_swap/intermediates -0.0/e0.00  random_donor/intermediates -0.0/e0.41
train graph 55: base T 100.0  matched_donor/intermediates -98.9/e0.00  matched_donor/final -55.6/e0.02  same_answer_donor/intermediates -75.2/e0.00  label_swap/intermediates -0.2/e0.00  random_donor/intermediates -0.2/e0.02
train graph 56: base T 100.0  matched_donor/intermediates -8.4/e0.00  matched_donor/final -99.9/e0.00  same_answer_donor/intermediates +0.0/e0.00  label_swap/intermediates -1.3/e0.00  random_donor/intermediates +0.0/e0.00
train graph 57: base T 100.0  matched_donor/intermediates -0.0/e0.00  matched_donor/final -99.5/e0.00  same_answer_donor/intermediates -1.2/e0.00  label_swap/intermediates -0.0/e0.00  random_donor/intermediates -0.0/e0.00
train graph 58: base T 100.0  matched_donor/intermediates -97.8/e0.05  matched_donor/final -100.0/e0.00  same_answer_donor/intermediates -1.5/e0.01  label_swap/intermediates -0.0/e0.00  random_donor/intermediates -96.1/e0.98
train graph 59: base T 100.0  matched_donor/intermediates -99.5/e0.04  matched_donor/final -100.0/e0.00  same_answer_donor/intermediates -99.2/e0.00  label_swap/intermediates -0.0/e0.00  random_donor/intermediates -17.4/e1.00
train graph 60: base T 99.4  matched_donor/intermediates -99.4/e0.00  matched_donor/final -99.4/e0.01  same_answer_donor/intermediates -1.3/e0.08  label_swap/intermediates +0.4/e0.00  random_donor/intermediates -99.4/e0.05
train graph 61: base T 100.0  matched_donor/intermediates -99.8/e0.00  matched_donor/final -100.0/e0.00  same_answer_donor/intermediates +0.0/e0.00  label_swap/intermediates +0.0/e0.00  random_donor/intermediates +0.0/e0.00
train graph 62: base T 100.0  matched_donor/intermediates -100.0/e0.00  matched_donor/final -100.0/e0.00  same_answer_donor/intermediates -0.0/e0.04  label_swap/intermediates -61.5/e0.17  random_donor/intermediates -4.6/e0.99
train graph 63: base T 100.0  matched_donor/intermediates -100.0/e0.00  matched_donor/final -100.0/e0.00  same_answer_donor/intermediates -7.5/e0.02  label_swap/intermediates -0.0/e0.00  random_donor/intermediates -52.1/e1.00
train graph 64: base T 100.0  label_swap/intermediates -0.0/e0.00  random_donor/intermediates -0.0/e0.08
train graph 65: base T 100.0  matched_donor/intermediates -4.3/e0.73  matched_donor/final -99.8/e0.00  same_answer_donor/intermediates -0.0/e0.00  label_swap/intermediates -0.0/e0.00  random_donor/intermediates -3.3/e0.95
train graph 66: base T 99.9  matched_donor/intermediates -94.6/e0.01  matched_donor/final -99.9/e0.00  same_answer_donor/intermediates -37.2/e0.00  label_swap/intermediates -0.3/e0.00  random_donor/intermediates -38.1/e0.37
train graph 67: base T 100.0  matched_donor/intermediates -0.6/e0.47  matched_donor/final -100.0/e0.00  same_answer_donor/intermediates +0.0/e0.00  label_swap/intermediates -0.1/e0.00  random_donor/intermediates -3.7/e0.91
train graph 68: base T 100.0  matched_donor/intermediates -15.9/e0.03  matched_donor/final -100.0/e0.00  same_answer_donor/intermediates +0.0/e0.00  label_swap/intermediates +0.0/e0.00  random_donor/intermediates -0.1/e0.08
train graph 69: base T 100.0  matched_donor/intermediates -97.8/e0.01  matched_donor/final -100.0/e0.00  same_answer_donor/intermediates -0.1/e0.00  label_swap/intermediates -34.0/e0.00  random_donor/intermediates -9.2/e0.99
train graph 70: base T 100.0  same_answer_donor/intermediates -17.9/e0.01  label_swap/intermediates +0.0/e0.00  random_donor/intermediates -99.0/e0.13
train graph 71: base T 99.9  matched_donor/intermediates -10.8/e0.00  matched_donor/final -99.9/e0.00  same_answer_donor/intermediates -0.1/e0.01  label_swap/intermediates -0.1/e0.00  random_donor/intermediates -34.3/e0.04
train graph 72: base T 100.0  matched_donor/intermediates -99.4/e0.02  matched_donor/final -100.0/e0.00  same_answer_donor/intermediates -0.0/e0.00  label_swap/intermediates -0.0/e0.00  random_donor/intermediates +0.0/e0.00
train graph 73: base T 100.0  matched_donor/intermediates -100.0/e0.00  matched_donor/final -100.0/e0.00  same_answer_donor/intermediates -0.0/e0.00  label_swap/intermediates -0.0/e0.00  random_donor/intermediates -66.3/e1.00
train graph 74: base T 100.0  matched_donor/intermediates -0.4/e0.00  matched_donor/final -100.0/e0.00  same_answer_donor/intermediates -0.4/e0.00  label_swap/intermediates -0.0/e0.00  random_donor/intermediates -95.7/e0.00
train graph 75: base T 100.0  matched_donor/intermediates -8.4/e0.00  matched_donor/final -100.0/e0.00  same_answer_donor/intermediates -99.4/e0.00  label_swap/intermediates +0.0/e0.00  random_donor/intermediates -99.6/e0.98
train graph 76: base T 100.0  matched_donor/intermediates -86.7/e0.00  matched_donor/final -99.5/e0.00  same_answer_donor/intermediates -99.7/e0.00  label_swap/intermediates -0.0/e0.00  random_donor/intermediates -99.8/e0.78
train graph 77: base T 100.0  matched_donor/intermediates -97.3/e0.00  matched_donor/final -99.9/e0.00  same_answer_donor/intermediates -4.7/e0.02  label_swap/intermediates +0.0/e0.00  random_donor/intermediates -4.5/e0.99
train graph 78: base T 99.2  matched_donor/intermediates -99.2/e0.00  matched_donor/final -99.2/e0.00  same_answer_donor/intermediates -58.9/e1.00  label_swap/intermediates +0.4/e0.00  random_donor/intermediates -99.1/e0.85
train graph 79: base T 100.0  matched_donor/intermediates -100.0/e0.00  matched_donor/final -99.9/e0.00  same_answer_donor/intermediates -92.1/e0.00  label_swap/intermediates -0.0/e0.00  random_donor/intermediates -99.8/e0.00
train graph 80: base T 100.0  matched_donor/intermediates -0.0/e0.00  matched_donor/final -100.0/e0.00  same_answer_donor/intermediates -43.6/e0.51  label_swap/intermediates -0.0/e0.00  random_donor/intermediates -2.3/e1.00
train graph 81: base T 100.0  matched_donor/intermediates -2.2/e0.25  matched_donor/final -98.9/e0.00  same_answer_donor/intermediates -0.2/e0.02  label_swap/intermediates -0.3/e0.00  random_donor/intermediates -2.8/e0.01
train graph 82: base T 100.0  matched_donor/intermediates -99.0/e0.01  matched_donor/final -0.0/e0.00  same_answer_donor/intermediates -0.0/e0.02  label_swap/intermediates -0.0/e0.00  random_donor/intermediates -0.0/e0.00
train graph 83: base T 100.0  matched_donor/intermediates -98.8/e0.03  matched_donor/final -100.0/e0.00  same_answer_donor/intermediates -99.3/e0.00  label_swap/intermediates +0.0/e0.00  random_donor/intermediates -100.0/e0.00
train graph 84: base T 100.0  matched_donor/intermediates -99.8/e0.00  matched_donor/final -100.0/e0.00  same_answer_donor/intermediates -29.0/e1.00  label_swap/intermediates -45.5/e0.03  random_donor/intermediates -0.0/e0.04
train graph 85: base T 99.9  matched_donor/intermediates -7.9/e0.18  matched_donor/final -99.7/e0.00  same_answer_donor/intermediates -99.9/e0.00  label_swap/intermediates +0.0/e0.00  random_donor/intermediates -4.0/e0.07
train graph 86: base T 100.0  matched_donor/intermediates -100.0/e0.00  matched_donor/final -100.0/e0.00  same_answer_donor/intermediates +0.0/e0.00  label_swap/intermediates +0.0/e0.00  random_donor/intermediates -4.3/e0.93
train graph 87: base T 100.0  matched_donor/intermediates -0.1/e0.00  matched_donor/final -28.2/e0.02  same_answer_donor/intermediates -0.0/e0.00  label_swap/intermediates -0.0/e0.00  random_donor/intermediates -26.8/e1.00
train graph 88: base T 100.0  matched_donor/intermediates -0.0/e0.00  matched_donor/final -98.8/e0.00  same_answer_donor/intermediates -96.5/e0.00  label_swap/intermediates +0.0/e0.00  random_donor/intermediates -15.3/e0.03
train graph 89: base T 100.0  matched_donor/intermediates -0.0/e0.00  matched_donor/final -100.0/e0.00  same_answer_donor/intermediates -99.6/e0.00  label_swap/intermediates -0.0/e0.00  random_donor/intermediates -81.0/e1.00
train graph 90: base T 99.9  matched_donor/intermediates -12.1/e0.01  matched_donor/final -99.7/e0.00  same_answer_donor/intermediates -32.5/e0.03  label_swap/intermediates -0.0/e0.00  random_donor/intermediates -0.0/e0.96
train graph 91: base T 100.0  matched_donor/intermediates -99.9/e0.01  matched_donor/final -100.0/e0.00  same_answer_donor/intermediates -0.0/e0.01  label_swap/intermediates -0.0/e0.01  random_donor/intermediates -89.1/e1.00
train graph 92: base T 100.0  matched_donor/intermediates -99.7/e0.00  matched_donor/final -100.0/e0.00  same_answer_donor/intermediates -99.9/e0.00  label_swap/intermediates -0.0/e0.00  random_donor/intermediates -74.6/e1.00
train graph 93: base T 100.0  matched_donor/intermediates -95.2/e0.02  matched_donor/final -100.0/e0.00  same_answer_donor/intermediates -0.7/e0.00  label_swap/intermediates -1.8/e0.00  random_donor/intermediates -92.8/e1.00
train graph 94: base T 100.0  matched_donor/intermediates -0.2/e0.00  matched_donor/final -100.0/e0.00  same_answer_donor/intermediates -10.0/e0.99  label_swap/intermediates -0.0/e0.00  random_donor/intermediates -87.1/e0.93
train graph 95: base T 100.0  matched_donor/intermediates -33.4/e0.15  matched_donor/final -100.0/e0.00  same_answer_donor/intermediates +0.0/e0.00  label_swap/intermediates +0.0/e0.00  random_donor/intermediates -10.8/e1.00
train graph 96: base T 100.0  matched_donor/intermediates -1.9/e0.00  matched_donor/final -100.0/e0.00  same_answer_donor/intermediates -0.2/e0.00  label_swap/intermediates -0.0/e0.00  random_donor/intermediates -99.7/e0.00
train graph 97: base T 100.0  matched_donor/intermediates -100.0/e0.00  matched_donor/final -35.3/e0.00  same_answer_donor/intermediates -0.0/e0.00  label_swap/intermediates -0.0/e0.00  random_donor/intermediates -0.2/e0.68
train graph 98: base T 100.0  matched_donor/intermediates -99.4/e0.00  matched_donor/final -100.0/e0.00  same_answer_donor/intermediates -0.0/e0.00  label_swap/intermediates -0.0/e0.00  random_donor/intermediates -44.4/e0.75
train graph 99: base T 100.0  matched_donor/intermediates -100.0/e0.00  matched_donor/final -100.0/e0.00  same_answer_donor/intermediates +0.0/e0.00  label_swap/intermediates -0.1/e0.00  random_donor/intermediates -92.2/e1.00
written: /Users/ecaterina/Developer/phoenix/results/seed1/baseline_transplant_n100.json
