extracting step-1 thoughts from 14785 training graphs ...
  2000/14785
  4000/14785
  6000/14785
  8000/14785
  10000/14785
  12000/14785
  14000/14785
node   2: k=40  auc_traj=[0.9999, 1.0, 0.9987, 0.9895, 0.9755, 0.9611, 0.9531, 0.9471, 0.9356, 0.9287, 0.9125, 0.8817, 0.868, 0.8539, 0.8481, 0.8516, 0.8419, 0.8318, 0.82, 0.8091, 0.7979, 0.7917, 0.7858, 0.7795, 0.7755, 0.7757, 0.7821, 0.7788, 0.7634, 0.7547, 0.7536, 0.7418, 0.7305, 0.7233, 0.7109, 0.7014, 0.6892, 0.6824, 0.674, 0.67]
node   3: k=40  auc_traj=[1.0, 1.0, 0.9985, 0.9923, 0.9838, 0.9727, 0.9593, 0.9506, 0.9427, 0.9413, 0.9372, 0.9245, 0.9166, 0.9065, 0.9008, 0.8902, 0.8721, 0.8525, 0.844, 0.8308, 0.8211, 0.8148, 0.7952, 0.779, 0.7659, 0.7557, 0.7533, 0.7431, 0.7355, 0.7322, 0.7253, 0.7183, 0.7133, 0.7074, 0.6999, 0.6907, 0.6815, 0.6779, 0.6759, 0.6696]
node   4: k=40  auc_traj=[0.9995, 0.9994, 0.999, 0.9921, 0.9786, 0.9713, 0.9655, 0.9487, 0.9349, 0.9329, 0.9234, 0.9091, 0.9003, 0.8917, 0.8811, 0.8672, 0.8575, 0.8433, 0.8261, 0.8114, 0.8016, 0.7977, 0.79, 0.7809, 0.7822, 0.7763, 0.75, 0.7397, 0.7393, 0.7282, 0.7166, 0.6987, 0.6802, 0.6659, 0.6506, 0.6404, 0.6311, 0.6243, 0.6318, 0.6346]
node   5: k=40  auc_traj=[0.9998, 0.9959, 0.9935, 0.9833, 0.9498, 0.9222, 0.8928, 0.8772, 0.8622, 0.8367, 0.8268, 0.8038, 0.78, 0.7608, 0.7531, 0.7391, 0.7194, 0.7147, 0.6942, 0.6866, 0.6817, 0.6861, 0.6652, 0.6597, 0.6541, 0.6553, 0.6572, 0.6261, 0.6113, 0.6159, 0.6117, 0.6163, 0.6233, 0.6157, 0.6073, 0.6024, 0.5952, 0.5745, 0.5615, 0.5601]
node   6: k=40  auc_traj=[1.0, 1.0, 0.9977, 0.9938, 0.9849, 0.9673, 0.9653, 0.9612, 0.955, 0.9319, 0.9204, 0.9096, 0.8943, 0.8834, 0.8782, 0.8702, 0.8586, 0.8452, 0.8169, 0.8144, 0.808, 0.7835, 0.7737, 0.7774, 0.7742, 0.7541, 0.7348, 0.7291, 0.7274, 0.7151, 0.7049, 0.6867, 0.6727, 0.6613, 0.6499, 0.6492, 0.6493, 0.647, 0.653, 0.6507]
node   7: k=40  auc_traj=[1.0, 1.0, 0.999, 0.986, 0.98, 0.9714, 0.9599, 0.9427, 0.9263, 0.9128, 0.8948, 0.8897, 0.8795, 0.8694, 0.8609, 0.8495, 0.8206, 0.818, 0.8024, 0.7931, 0.7809, 0.7751, 0.7747, 0.7747, 0.7356, 0.7193, 0.728, 0.7121, 0.7173, 0.6988, 0.6888, 0.6741, 0.6639, 0.6574, 0.6552, 0.6729, 0.6777, 0.6556, 0.6474, 0.6347]
node   8: k=40  auc_traj=[0.9996, 0.9986, 0.998, 0.9842, 0.9634, 0.9466, 0.914, 0.8748, 0.849, 0.8327, 0.8113, 0.7943, 0.8064, 0.8034, 0.7908, 0.7774, 0.7709, 0.777, 0.7763, 0.7551, 0.7568, 0.7547, 0.7528, 0.7392, 0.7273, 0.7195, 0.7119, 0.7, 0.689, 0.68, 0.671, 0.676, 0.6876, 0.6869, 0.6874, 0.6813, 0.6721, 0.6558, 0.6497, 0.6497]
node   9: k=40  auc_traj=[0.9855, 0.9844, 0.9834, 0.9679, 0.9537, 0.9289, 0.9007, 0.8859, 0.8618, 0.838, 0.8242, 0.805, 0.7963, 0.8003, 0.7947, 0.7834, 0.7598, 0.752, 0.7513, 0.7291, 0.7253, 0.7291, 0.7363, 0.737, 0.7315, 0.7004, 0.6879, 0.6886, 0.6915, 0.6757, 0.6659, 0.669, 0.6774, 0.6786, 0.643, 0.6233, 0.6504, 0.6692, 0.6675, 0.643]
node  10: k=36  auc_traj=[0.9998, 0.9994, 0.9893, 0.9595, 0.9236, 0.8992, 0.8785, 0.8325, 0.8064, 0.8214, 0.8105, 0.7941, 0.7841, 0.7688, 0.7782, 0.7589, 0.7541, 0.7296, 0.7447, 0.7362, 0.7372, 0.737, 0.6832, 0.6547, 0.6628, 0.6369, 0.6339, 0.6278, 0.6021, 0.5924, 0.5755, 0.5635, 0.577, 0.5764, 0.5761, 0.5554, 0.5384]
node  11: k=40  auc_traj=[0.9966, 0.9855, 0.9664, 0.9398, 0.8949, 0.8168, 0.771, 0.763, 0.7596, 0.7967, 0.8159, 0.7629, 0.7376, 0.726, 0.7019, 0.7012, 0.6909, 0.6871, 0.6764, 0.6657, 0.6515, 0.6605, 0.6715, 0.6686, 0.6664, 0.6332, 0.6197, 0.6486, 0.6531, 0.6354, 0.6122, 0.6009, 0.6251, 0.6431, 0.6584, 0.6146, 0.6134, 0.6233, 0.6285, 0.6216]
node  12: k=38  auc_traj=[0.9999, 0.9994, 0.9942, 0.9799, 0.9522, 0.9303, 0.9295, 0.9187, 0.8949, 0.8757, 0.8627, 0.8402, 0.8213, 0.7999, 0.7717, 0.7073, 0.7271, 0.754, 0.7406, 0.7378, 0.7243, 0.7173, 0.7132, 0.6994, 0.6839, 0.6825, 0.6865, 0.6511, 0.6483, 0.6524, 0.6317, 0.6153, 0.6213, 0.5991, 0.5521, 0.574, 0.5871, 0.5726, 0.5434]
node  13: k=33  auc_traj=[0.9872, 0.9839, 0.9819, 0.9292, 0.8561, 0.8289, 0.8086, 0.8163, 0.8274, 0.8013, 0.7781, 0.7695, 0.7693, 0.7664, 0.7584, 0.7298, 0.7098, 0.6808, 0.6495, 0.6747, 0.685, 0.688, 0.684, 0.6207, 0.6396, 0.65, 0.6002, 0.5639, 0.5798, 0.5673, 0.5658, 0.5652, 0.5859, 0.5391]
node  14: k=35  auc_traj=[0.9869, 0.9829, 0.9728, 0.9181, 0.8643, 0.8547, 0.8317, 0.8399, 0.7878, 0.7562, 0.7656, 0.7535, 0.7539, 0.7239, 0.7049, 0.6896, 0.7047, 0.6955, 0.6668, 0.6568, 0.6819, 0.6406, 0.6447, 0.6536, 0.6284, 0.6066, 0.5703, 0.5912, 0.6096, 0.5989, 0.5661, 0.5507, 0.5779, 0.5957, 0.6063, 0.5412]
node  15: k=37  auc_traj=[0.9951, 0.9904, 0.9843, 0.9606, 0.9102, 0.904, 0.8711, 0.8817, 0.8811, 0.8641, 0.838, 0.8563, 0.8486, 0.7713, 0.7322, 0.7281, 0.7169, 0.7194, 0.6734, 0.6943, 0.713, 0.7194, 0.7331, 0.7347, 0.71, 0.6587, 0.6446, 0.6696, 0.6843, 0.6749, 0.6282, 0.5988, 0.573, 0.5719, 0.6074, 0.6013, 0.6038, 0.5328]
node  16: k=40  auc_traj=[0.9801, 0.9448, 0.9156, 0.8884, 0.844, 0.8284, 0.7818, 0.8054, 0.7248, 0.7512, 0.7395, 0.7395, 0.7333, 0.7745, 0.7678, 0.7587, 0.7717, 0.7779, 0.7563, 0.7236, 0.7438, 0.7457, 0.7647, 0.7578, 0.7167, 0.6897, 0.7221, 0.6824, 0.6663, 0.6813, 0.6597, 0.6505, 0.6197, 0.6006, 0.6306, 0.634, 0.6291, 0.6231, 0.6297, 0.6223]
node  17: k=40  auc_traj=[0.9534, 0.9292, 0.8995, 0.8671, 0.8451, 0.8077, 0.782, 0.7814, 0.76, 0.7785, 0.8111, 0.7711, 0.7404, 0.7199, 0.6968, 0.6654, 0.6638, 0.644, 0.6519, 0.6221, 0.5815, 0.6008, 0.6254, 0.6066, 0.5525, 0.5606, 0.5801, 0.5901, 0.5764, 0.5946, 0.5903, 0.5744, 0.5528, 0.5611, 0.5927, 0.5919, 0.5885, 0.5839, 0.5753, 0.5987]
node  18: k=21  auc_traj=[0.9399, 0.8893, 0.8493, 0.8145, 0.75, 0.7321, 0.764, 0.7476, 0.7209, 0.692, 0.7178, 0.6998, 0.682, 0.6352, 0.6081, 0.6055, 0.5977, 0.6114, 0.6028, 0.5707, 0.5551, 0.5472]
node  19: k=16  auc_traj=[0.8787, 0.8346, 0.8197, 0.7718, 0.7044, 0.6647, 0.6475, 0.7106, 0.718, 0.6838, 0.6541, 0.6958, 0.7133, 0.6927, 0.6461, 0.5623, 0.492]
node  20: k=18  auc_traj=[0.8797, 0.8326, 0.8301, 0.8127, 0.7848, 0.7397, 0.6969, 0.6525, 0.6807, 0.7042, 0.6834, 0.6198, 0.6428, 0.6373, 0.615, 0.6121, 0.6185, 0.5823, 0.5461]
node  21: k=40  auc_traj=[0.8343, 0.8113, 0.8094, 0.8111, 0.7707, 0.7591, 0.7542, 0.7114, 0.7293, 0.755, 0.7647, 0.7484, 0.6919, 0.6463, 0.6674, 0.6863, 0.717, 0.7566, 0.7795, 0.7688, 0.7568, 0.6992, 0.6966, 0.7185, 0.723, 0.7054, 0.6966, 0.6947, 0.679, 0.6844, 0.7104, 0.7871, 0.8187, 0.7467, 0.6826, 0.7707, 0.7548, 0.7293, 0.6339, 0.7091]
node  22: k=4  auc_traj=[0.9433, 0.7872, 0.5603, 0.5603, 0.5496]
node  23: k=14  auc_traj=[0.7733, 0.7676, 0.6981, 0.6543, 0.7152, 0.7248, 0.6552, 0.6524, 0.64, 0.7019, 0.7314, 0.6448, 0.6314, 0.5514, 0.4848]
node  24: k=9  auc_traj=[0.8316, 0.7441, 0.6835, 0.67, 0.6195, 0.5926, 0.5522, 0.6027, 0.6061, 0.4377]

23 nodes; median k=40, max k=40, hist={'4': 1, '9': 1, '14': 1, '16': 1, '18': 1, '21': 1, '33': 1, '35': 1, '36': 1, '37': 1, '38': 1, '40': 12}
written: /Users/ecaterina/Developer/phoenix/results/seed1/inlp_basis_full.pt
real 526.64
user 1668.76
sys 207.51
