test graph 3: base T 22.2  node 2 k 40  probe -7.81  inlp_first -7.19  inlp -22.18  inlp_random_matched +6.68  inlp_random_sizematched -4.59
test graph 5: base T 100.0  node 2 k 40  probe +0.00  inlp_first +0.00  inlp +0.00  inlp_random_matched +0.00  inlp_random_sizematched -0.00
test graph 6: base T 100.0  node 11 k 40  probe -0.00  inlp_first -0.00  inlp -0.01  inlp_random_matched +0.00  inlp_random_sizematched +0.00
test graph 8: base T 100.0  node 5 k 40  probe -0.12  inlp_first -0.15  inlp -0.15  inlp_random_matched -0.03  inlp_random_sizematched -0.00
test graph 11: base T 100.0  node 3 k 40  probe +0.00  inlp_first +0.00  inlp -0.27  inlp_random_matched -0.00  inlp_random_sizematched -0.00
test graph 13: base T 99.9  node 2 k 40  probe -0.04  inlp_first -0.01  inlp -0.42  inlp_random_matched -0.01  inlp_random_sizematched -0.01
test graph 14: base T 81.3  node 4 k 40  probe +17.82  inlp_first +17.16  inlp +16.08  inlp_random_matched +2.70  inlp_random_sizematched -30.09
test graph 15: base T 100.0  node 3 k 40  probe -0.00  inlp_first -0.00  inlp -0.62  inlp_random_matched +0.00  inlp_random_sizematched +0.00
test graph 16: base T 100.0  node 4 k 40  probe +0.00  inlp_first +0.00  inlp -0.00  inlp_random_matched +0.00  inlp_random_sizematched -0.00
test graph 17: base T 100.0  node 4 k 40  probe +0.00  inlp_first -0.00  inlp +0.01  inlp_random_matched -0.00  inlp_random_sizematched -0.01
test graph 18: base T 100.0  node 3 k 40  probe +0.00  inlp_first +0.00  inlp -0.00  inlp_random_matched -0.00  inlp_random_sizematched +0.00
test graph 19: base T 100.0  node 6 k 40  probe -0.00  inlp_first -0.00  inlp -0.16  inlp_random_matched -0.00  inlp_random_sizematched -0.00
test graph 20: base T 100.0  node 6 k 40  probe -0.11  inlp_first -0.07  inlp -0.01  inlp_random_matched -0.02  inlp_random_sizematched -0.02
test graph 23: base T 100.0  node 2 k 40  probe +0.00  inlp_first +0.00  inlp +0.00  inlp_random_matched +0.00  inlp_random_sizematched -0.00
test graph 24: base T 0.0  node 4 k 40  probe +0.00  inlp_first +0.00  inlp +0.06  inlp_random_matched -0.00  inlp_random_sizematched -0.00
test graph 25: base T 100.0  node 5 k 40  probe -0.03  inlp_first -0.02  inlp -0.06  inlp_random_matched +0.00  inlp_random_sizematched -0.01
test graph 27: base T 100.0  node 3 k 40  probe +0.00  inlp_first +0.00  inlp +0.00  inlp_random_matched +0.00  inlp_random_sizematched +0.00
test graph 28: base T 99.9  node 5 k 40  probe -0.05  inlp_first -0.03  inlp -0.28  inlp_random_matched -0.01  inlp_random_sizematched +0.01
test graph 29: base T 99.1  node 6 k 40  probe -82.58  inlp_first -73.24  inlp -90.55  inlp_random_matched -8.20  inlp_random_sizematched -0.07
test graph 30: base T 99.9  node 3 k 40  probe -0.05  inlp_first -0.04  inlp -0.18  inlp_random_matched -0.02  inlp_random_sizematched +0.00
test graph 31: base T 99.6  node 2 k 40  probe -0.17  inlp_first -0.38  inlp -95.21  inlp_random_matched +0.02  inlp_random_sizematched -0.25
test graph 32: base T 100.0  node 2 k 40  probe +0.00  inlp_first +0.00  inlp +0.01  inlp_random_matched +0.00  inlp_random_sizematched +0.00
test graph 34: base T 100.0  node 4 k 40  probe -1.57  inlp_first -0.98  inlp -1.44  inlp_random_matched +0.01  inlp_random_sizematched -0.04
test graph 35: base T 94.3  node 2 k 40  probe -2.16  inlp_first -42.36  inlp -79.15  inlp_random_matched +0.07  inlp_random_sizematched -0.35
test graph 36: base T 100.0  node 3 k 40  probe +0.00  inlp_first +0.00  inlp -0.05  inlp_random_matched +0.00  inlp_random_sizematched -0.00
test graph 37: base T 98.0  node 2 k 40  probe -32.31  inlp_first -62.50  inlp -92.37  inlp_random_matched +1.18  inlp_random_sizematched -8.00
test graph 38: base T 100.0  node 2 k 40  probe -0.05  inlp_first -0.03  inlp -2.12  inlp_random_matched +0.01  inlp_random_sizematched +0.02
test graph 39: base T 80.5  node 2 k 40  probe -3.98  inlp_first -14.76  inlp -68.86  inlp_random_matched -11.57  inlp_random_sizematched -4.63
test graph 40: base T 99.4  node 4 k 40  probe -0.74  inlp_first -0.71  inlp -0.31  inlp_random_matched +0.11  inlp_random_sizematched -0.29
test graph 41: base T 97.3  node 3 k 40  probe -6.10  inlp_first -1.39  inlp -97.14  inlp_random_matched +0.17  inlp_random_sizematched -5.86
test graph 43: base T 100.0  node 8 k 40  probe +0.00  inlp_first +0.00  inlp +0.00  inlp_random_matched +0.00  inlp_random_sizematched +0.00
test graph 44: base T 99.5  node 4 k 40  probe +0.39  inlp_first +0.40  inlp +0.50  inlp_random_matched +0.14  inlp_random_sizematched +0.10
test graph 45: base T 100.0  node 10 k 36  probe -0.02  inlp_first -0.02  inlp -0.14  inlp_random_matched -0.00  inlp_random_sizematched -0.00
test graph 46: base T 99.5  node 6 k 40  probe -23.63  inlp_first -14.68  inlp -99.34  inlp_random_matched +0.14  inlp_random_sizematched -0.44
test graph 47: base T 99.2  node 2 k 40  probe -0.09  inlp_first -0.07  inlp -1.52  inlp_random_matched -0.02  inlp_random_sizematched +0.20
test graph 48: base T 93.0  node 2 k 40  probe +2.36  inlp_first +3.55  inlp -19.75  inlp_random_matched +3.73  inlp_random_sizematched +2.55
test graph 49: base T 100.0  node 5 k 40  probe -0.00  inlp_first +0.00  inlp +0.00  inlp_random_matched +0.00  inlp_random_sizematched +0.00
test graph 51: base T 100.0  node 5 k 40  probe +0.00  inlp_first -0.00  inlp -8.82  inlp_random_matched -0.03  inlp_random_sizematched +0.02
test graph 53: base T 99.8  node 3 k 40  probe +0.03  inlp_first +0.05  inlp -0.67  inlp_random_matched +0.02  inlp_random_sizematched -0.07
test graph 54: base T 100.0  node 2 k 40  probe +0.00  inlp_first +0.00  inlp -52.51  inlp_random_matched -0.00  inlp_random_sizematched -0.00
test graph 56: base T 99.3  node 4 k 40  probe -0.07  inlp_first +0.12  inlp -16.78  inlp_random_matched +0.02  inlp_random_sizematched +0.17
test graph 57: base T 100.0  node 4 k 40  probe -0.12  inlp_first -0.08  inlp -0.30  inlp_random_matched +0.00  inlp_random_sizematched +0.00
test graph 58: base T 100.0  node 2 k 40  probe -0.00  inlp_first -0.00  inlp -0.72  inlp_random_matched +0.00  inlp_random_sizematched +0.00
test graph 59: base T 100.0  node 5 k 40  probe -0.00  inlp_first -0.00  inlp -0.03  inlp_random_matched +0.00  inlp_random_sizematched -0.00
test graph 60: base T 100.0  node 5 k 40  probe -0.00  inlp_first -0.00  inlp -0.00  inlp_random_matched +0.00  inlp_random_sizematched +0.00
test graph 61: base T 100.0  node 2 k 40  probe +0.00  inlp_first -0.00  inlp -1.12  inlp_random_matched +0.00  inlp_random_sizematched +0.01
test graph 62: base T 100.0  node 5 k 40  probe -0.00  inlp_first -0.00  inlp -0.01  inlp_random_matched -0.00  inlp_random_sizematched +0.00
test graph 63: base T 100.0  node 3 k 40  probe -0.01  inlp_first -0.01  inlp +0.01  inlp_random_matched -0.02  inlp_random_sizematched +0.01
test graph 64: base T 100.0  node 2 k 40  probe -0.02  inlp_first -0.02  inlp -0.15  inlp_random_matched +0.00  inlp_random_sizematched +0.00
test graph 66: base T 0.0  node 6 k 40  probe -0.00  inlp_first -0.00  inlp -0.00  inlp_random_matched +0.00  inlp_random_sizematched +0.00
test graph 67: base T 100.0  node 4 k 40  probe -0.00  inlp_first -0.00  inlp -0.00  inlp_random_matched +0.00  inlp_random_sizematched -0.00
test graph 69: base T 100.0  node 2 k 40  probe -0.01  inlp_first -0.01  inlp -0.14  inlp_random_matched +0.00  inlp_random_sizematched -0.00
test graph 70: base T 99.9  node 4 k 40  probe +0.05  inlp_first +0.02  inlp -0.69  inlp_random_matched -0.01  inlp_random_sizematched -0.28
test graph 72: base T 100.0  node 4 k 40  probe -0.00  inlp_first -0.00  inlp -4.15  inlp_random_matched -0.00  inlp_random_sizematched +0.00
test graph 73: base T 100.0  node 3 k 40  probe -0.03  inlp_first -0.02  inlp -0.81  inlp_random_matched +0.00  inlp_random_sizematched -0.00
test graph 75: base T 99.4  node 4 k 40  probe -16.62  inlp_first -13.51  inlp -40.62  inlp_random_matched +0.19  inlp_random_sizematched +0.36
test graph 76: base T 100.0  node 6 k 40  probe -60.81  inlp_first -67.02  inlp -97.89  inlp_random_matched +0.01  inlp_random_sizematched -23.36
test graph 78: base T 100.0  node 2 k 40  probe +0.00  inlp_first +0.00  inlp -99.73  inlp_random_matched -0.00  inlp_random_sizematched -0.01
test graph 80: base T 100.0  node 4 k 40  probe -0.00  inlp_first -0.00  inlp -0.00  inlp_random_matched -0.00  inlp_random_sizematched +0.00
test graph 83: base T 100.0  node 11 k 40  probe -0.01  inlp_first -0.00  inlp -99.97  inlp_random_matched -0.00  inlp_random_sizematched -0.00
test graph 84: base T 94.3  node 2 k 40  probe -11.28  inlp_first -18.04  inlp -24.28  inlp_random_matched +2.53  inlp_random_sizematched +3.68
test graph 87: base T 100.0  node 7 k 40  probe +0.00  inlp_first +0.00  inlp +0.00  inlp_random_matched -0.00  inlp_random_sizematched +0.00
test graph 89: base T 100.0  node 2 k 40  probe -0.00  inlp_first -0.00  inlp +0.00  inlp_random_matched -0.00  inlp_random_sizematched +0.00
test graph 91: base T 11.3  node 8 k 40  probe -10.52  inlp_first -10.46  inlp -8.72  inlp_random_matched +62.35  inlp_random_sizematched -2.94
test graph 92: base T 100.0  node 2 k 40  probe +0.00  inlp_first +0.01  inlp -64.42  inlp_random_matched -0.00  inlp_random_sizematched -0.00
test graph 93: base T 99.8  node 3 k 40  probe +0.03  inlp_first +0.01  inlp +0.17  inlp_random_matched +0.01  inlp_random_sizematched +0.16
test graph 94: base T 100.0  node 4 k 40  probe +0.00  inlp_first +0.00  inlp -56.08  inlp_random_matched -0.00  inlp_random_sizematched -0.00
test graph 99: base T 100.0  node 4 k 40  probe -0.00  inlp_first -0.00  inlp -0.01  inlp_random_matched -0.00  inlp_random_sizematched -0.00
written: /Users/ecaterina/Developer/phoenix/results/seed1/inlp_arm_n100.json
