graph 0: base T 71.5  average/all +28.0/e0.75  noise/all -11.2/e0.21  zero/all -7.0/e0.20  random_donor/all +21.6/e1.00  removed +22.5/e0.41
graph 1: base T 100.0  average/all -1.1/e0.15  noise/all -12.8/e1.00  zero/all -61.7/e0.94  random_donor/all -91.3/e1.00  removed -74.1/e1.00
graph 2: base T 100.0  average/all -20.9/e0.92  noise/all -3.6/e0.28  zero/all -6.5/e0.08  random_donor/all -15.9/e1.00  removed -0.3/e0.30
graph 3: base T 22.2  average/all -22.0/e0.99  noise/all +64.6/e0.44  zero/all +2.1/e0.59  random_donor/all -12.2/e1.00  removed +77.6/e0.03
graph 4: base T 100.0  average/all -56.9/e0.92  noise/all -10.3/e0.99  zero/all -94.3/e0.98  random_donor/all -100.0/e0.00  removed -0.1/e0.44
graph 5: base T 100.0  average/all -99.0/e0.30  noise/all +0.0/e0.00  zero/all -56.6/e0.96  random_donor/all -96.5/e1.00  removed +0.0/e0.00
graph 6: base T 100.0  average/all -0.0/e0.76  noise/all -98.1/e0.91  zero/all -94.8/e0.94  random_donor/all -0.1/e1.00  removed -0.4/e0.90
graph 7: base T 99.4  average/all -87.7/e0.04  noise/all -0.6/e0.97  zero/all -8.8/e0.94  random_donor/all +0.6/e0.00  removed -3.4/e0.23
graph 8: base T 100.0  average/all -0.8/e0.12  noise/all -100.0/e0.00  zero/all -99.9/e0.02  random_donor/all -5.7/e0.98  removed -100.0/e0.00
graph 9: base T 100.0  average/all -20.7/e0.82  noise/all -0.0/e0.00  zero/all -2.8/e0.63  random_donor/all -15.0/e1.00  removed -0.0/e0.00
graph 10: base T 100.0  average/all -46.0/e0.17  noise/all -2.3/e0.04  zero/all -0.4/e0.04  random_donor/all +0.0/e0.00  removed -23.4/e0.53
graph 11: base T 100.0  average/all -13.9/e0.23  noise/all -90.3/e0.00  zero/all -36.1/e0.13  random_donor/all +0.0/e0.00  removed -100.0/e0.00
graph 12: base T 100.0  average/all -0.6/e0.89  noise/all -3.8/e0.00  zero/all -0.5/e0.07  random_donor/all -48.3/e1.00  removed -74.4/e0.00
graph 13: base T 99.9  average/all -89.9/e0.90  noise/all -97.8/e1.00  zero/all -95.5/e1.00  random_donor/all +0.1/e0.00  removed -93.3/e1.00
graph 14: base T 81.3  average/all +18.3/e0.20  noise/all +6.1/e0.60  zero/all +0.3/e0.67  random_donor/all -70.5/e0.99  removed -47.3/e0.16
graph 15: base T 100.0  average/all -0.4/e0.26  noise/all -99.8/e0.00  zero/all -25.0/e0.16  random_donor/all -25.8/e1.00  removed -99.9/e0.00
graph 16: base T 100.0  average/all -94.6/e0.99  noise/all -0.1/e0.00  zero/all -99.9/e0.28  random_donor/all -6.4/e1.00  removed -0.1/e0.00
graph 17: base T 100.0  average/all -1.8/e0.94  noise/all -99.1/e0.19  zero/all -99.3/e0.82  random_donor/all -46.1/e1.00  removed -99.8/e0.79
graph 18: base T 100.0  average/all -23.6/e0.97  noise/all -19.8/e0.34  zero/all -96.5/e0.41  random_donor/all -85.6/e1.00  removed -98.1/e0.21
graph 19: base T 100.0  average/all -0.1/e0.68  noise/all -0.5/e0.37  zero/all -62.7/e0.91  random_donor/all -98.2/e1.00  removed -0.2/e0.03
graph 20: base T 100.0  average/all -5.4/e0.96  noise/all -99.7/e0.21  zero/all -92.9/e0.90  random_donor/all -42.9/e1.00  removed -98.0/e0.98
graph 21: base T 100.0  average/all -0.3/e0.75  noise/all -7.6/e0.97  zero/all -18.9/e0.99  random_donor/all -97.4/e1.00  removed -0.4/e0.06
graph 22: base T 96.5  average/all +0.5/e0.07  noise/all +3.3/e0.00  zero/all -11.2/e0.12  random_donor/all +2.7/e1.00  removed +3.1/e0.00
graph 23: base T 100.0  average/all -78.9/e0.97  noise/all -89.2/e0.96  zero/all -95.2/e1.00  random_donor/all -54.7/e1.00  removed -78.8/e0.96
graph 24: base T 0.0  average/all +14.3/e0.91  noise/all +99.8/e0.03  zero/all +99.8/e0.04  random_donor/all +2.9/e1.00  removed +94.9/e0.04
graph 25: base T 100.0  average/all -3.8/e0.35  noise/all -0.9/e0.13  zero/all -0.7/e0.18  random_donor/all -100.0/e0.64  removed -0.1/e0.16
graph 26: base T 83.8  average/all -77.5/e0.95  noise/all +15.2/e0.00  zero/all +9.3/e0.92  random_donor/all -67.5/e1.00  removed +15.0/e0.01
graph 27: base T 100.0  average/all -94.8/e0.82  noise/all -0.1/e0.00  zero/all -45.4/e0.98  random_donor/all +0.0/e0.00  removed -0.0/e0.00
graph 28: base T 99.9  average/all -80.7/e0.96  noise/all -75.5/e0.28  zero/all -93.6/e0.99  random_donor/all -88.5/e1.00  removed -99.2/e0.78
graph 29: base T 99.1  average/all -27.6/e0.13  noise/all -25.4/e0.60  zero/all -96.1/e0.68  random_donor/all -77.9/e1.00  removed -98.8/e0.01
graph 30: base T 99.9  average/all -98.7/e0.64  noise/all -99.9/e0.00  zero/all -97.6/e0.23  random_donor/all -96.7/e1.00  removed -99.9/e0.00
graph 31: base T 99.6  average/all -79.2/e0.04  noise/all +0.3/e0.00  zero/all -99.3/e0.38  random_donor/all -4.9/e1.00  removed +0.0/e0.01
graph 32: base T 100.0  average/all -16.9/e0.62  noise/all -99.8/e0.02  zero/all -0.5/e0.08  random_donor/all -51.1/e1.00  removed -99.9/e0.01
graph 33: base T 99.9  average/all -14.4/e0.38  noise/all -27.6/e0.02  zero/all -38.4/e0.02  random_donor/all -62.5/e1.00  removed -6.5/e0.01
graph 34: base T 100.0  average/all -70.4/e0.25  noise/all -72.8/e0.42  zero/all -97.7/e0.10  random_donor/all -81.8/e1.00  removed -53.2/e0.78
graph 35: base T 94.3  average/all -11.3/e0.82  noise/all +4.6/e1.00  zero/all +2.8/e1.00  random_donor/all -22.0/e1.00  removed +5.7/e0.19
graph 36: base T 100.0  average/all -99.5/e0.14  noise/all -70.5/e0.58  zero/all -92.5/e0.15  random_donor/all -20.4/e1.00  removed -99.3/e0.11
graph 37: base T 98.0  average/all -8.7/e0.98  noise/all -97.7/e0.67  zero/all -51.1/e0.97  random_donor/all -9.3/e1.00  removed -97.5/e0.06
graph 38: base T 100.0  average/all -3.9/e0.99  noise/all -99.8/e0.00  zero/all -99.4/e0.89  random_donor/all -66.3/e1.00  removed -99.7/e0.00
graph 39: base T 80.5  average/all +17.8/e0.14  noise/all +18.5/e1.00  zero/all -19.3/e1.00  random_donor/all +19.5/e0.00  removed +18.7/e0.92
graph 40: base T 99.4  average/all -52.9/e0.60  noise/all -87.8/e0.95  zero/all -0.1/e0.20  random_donor/all -99.4/e0.00  removed -97.8/e0.77
graph 41: base T 97.3  average/all -69.1/e0.22  noise/all -87.5/e0.01  zero/all -16.7/e0.36  random_donor/all -45.0/e1.00  removed -74.8/e0.07
graph 42: base T 95.9  average/all -95.6/e0.90  noise/all +4.1/e0.00  zero/all -88.9/e0.87  random_donor/all -69.8/e1.00  removed +4.1/e0.00
graph 43: base T 100.0  average/all -1.9/e0.79  noise/all -14.5/e0.39  zero/all -22.2/e0.70  random_donor/all -63.0/e1.00  removed -0.7/e0.01
graph 44: base T 99.5  average/all -73.9/e0.97  noise/all -99.5/e0.01  zero/all -99.4/e0.02  random_donor/all -27.2/e1.00  removed -99.5/e0.10
graph 45: base T 100.0  average/all -1.0/e0.97  noise/all -75.9/e0.01  zero/all -29.3/e0.33  random_donor/all -0.1/e1.00  removed -65.5/e0.01
graph 46: base T 99.5  average/all -77.4/e0.57  noise/all -76.9/e0.00  zero/all -99.4/e0.16  random_donor/all -81.7/e1.00  removed -65.3/e0.01
graph 47: base T 99.2  average/all -90.1/e0.35  noise/all +0.7/e0.00  zero/all +0.7/e0.00  random_donor/all -24.0/e1.00  removed +0.8/e0.00
graph 48: base T 93.0  average/all -27.9/e0.98  noise/all -89.7/e0.01  zero/all -81.5/e0.71  random_donor/all +7.0/e0.00  removed -56.4/e0.03
graph 49: base T 100.0  average/all -0.1/e0.23  noise/all -0.5/e0.03  zero/all -79.2/e0.77  random_donor/all -16.9/e1.00  removed -49.8/e0.79
graph 50: base T 100.0  average/all -92.5/e0.06  noise/all -15.8/e0.99  zero/all -0.4/e0.03  random_donor/all -13.0/e1.00  removed -79.2/e0.98
graph 51: base T 100.0  average/all -97.2/e0.10  noise/all -99.6/e0.71  zero/all -99.9/e0.28  random_donor/all -100.0/e0.00  removed -95.6/e1.00
graph 52: base T 100.0  average/all -35.6/e0.77  noise/all +0.0/e0.00  zero/all +0.0/e0.00  random_donor/all -37.4/e1.00  removed +0.0/e0.00
graph 53: base T 99.8  average/all -87.8/e0.60  noise/all -39.2/e0.01  zero/all -0.3/e0.28  random_donor/all -90.1/e1.00  removed -6.8/e0.17
graph 54: base T 100.0  average/all -19.7/e0.23  noise/all -0.0/e0.00  zero/all -15.1/e0.31  random_donor/all -81.5/e1.00  removed -0.1/e0.01
graph 55: base T 100.0  average/all -0.2/e0.84  noise/all -100.0/e0.01  zero/all -8.5/e0.98  random_donor/all -37.1/e1.00  removed -100.0/e0.00
graph 56: base T 99.3  average/all -65.0/e0.51  noise/all -98.8/e0.00  zero/all -40.6/e0.99  random_donor/all -54.6/e1.00  removed -40.9/e0.01
graph 57: base T 100.0  average/all -91.2/e0.03  noise/all -0.2/e0.00  zero/all -0.5/e0.00  random_donor/all -100.0/e0.00  removed -0.3/e0.00
graph 58: base T 100.0  average/all -94.7/e0.80  noise/all -0.0/e0.00  zero/all +0.0/e0.00  random_donor/all -100.0/e0.00  removed -0.0/e0.00
graph 59: base T 100.0  average/all -99.9/e0.84  noise/all -0.4/e0.01  zero/all -2.6/e0.31  random_donor/all -20.0/e1.00  removed -0.1/e0.01
graph 60: base T 100.0  average/all -0.6/e1.00  noise/all -0.1/e0.96  zero/all -0.0/e0.89  random_donor/all -1.0/e1.00  removed -28.6/e1.00
graph 61: base T 100.0  average/all -12.3/e0.82  noise/all +0.0/e0.00  zero/all -58.0/e0.96  random_donor/all -98.3/e1.00  removed +0.0/e0.00
graph 62: base T 100.0  average/all -16.8/e0.13  noise/all -94.9/e0.00  zero/all -52.5/e0.34  random_donor/all -3.1/e0.95  removed -97.7/e0.01
graph 63: base T 100.0  average/all -52.6/e1.00  noise/all -15.8/e0.99  zero/all -9.8/e0.99  random_donor/all -52.9/e1.00  removed -0.8/e0.40
graph 64: base T 100.0  average/all -67.6/e0.96  noise/all -96.3/e0.75  zero/all -27.4/e0.98  random_donor/all -26.4/e1.00  removed -86.6/e0.63
graph 65: base T 100.0  average/all -0.0/e0.14  noise/all -0.0/e0.03  zero/all -0.0/e0.03  random_donor/all -0.3/e1.00  removed -0.0/e0.71
graph 66: base T 0.0  average/all +0.1/e1.00  noise/all +0.1/e0.00  zero/all +10.0/e0.65  random_donor/all +0.0/e1.00  removed +0.0/e0.00
graph 67: base T 100.0  average/all -28.5/e0.82  noise/all -0.1/e0.00  zero/all -3.4/e0.38  random_donor/all +0.0/e0.00  removed -0.4/e0.03
graph 68: base T 99.8  average/all -99.6/e0.02  noise/all -2.6/e0.00  zero/all -6.0/e0.00  random_donor/all -99.8/e0.00  removed -1.8/e0.01
graph 69: base T 100.0  average/all -93.0/e0.95  noise/all -6.4/e0.00  zero/all -4.6/e0.76  random_donor/all -99.6/e1.00  removed -0.0/e0.00
graph 70: base T 99.9  average/all -53.8/e0.99  noise/all -1.2/e0.00  zero/all -0.4/e0.02  random_donor/all -24.4/e1.00  removed -23.7/e0.01
graph 71: base T 100.0  average/all -22.1/e0.36  noise/all -2.6/e0.00  zero/all -71.1/e0.75  random_donor/all +0.0/e0.00  removed -27.2/e0.01
graph 72: base T 100.0  average/all -21.7/e0.85  noise/all -81.3/e1.00  zero/all -5.5/e0.79  random_donor/all -88.4/e1.00  removed -90.7/e0.84
graph 73: base T 100.0  average/all -13.9/e0.85  noise/all -99.9/e0.02  zero/all -2.9/e0.97  random_donor/all +0.0/e0.00  removed -99.7/e0.05
graph 74: base T 100.0  average/all -49.9/e0.73  noise/all -0.2/e0.03  zero/all -45.3/e0.95  random_donor/all -85.3/e1.00  removed -0.2/e0.01
graph 75: base T 99.4  average/all -15.6/e0.31  noise/all -1.0/e0.12  zero/all +0.3/e0.18  random_donor/all -32.6/e1.00  removed -0.1/e0.11
graph 76: base T 100.0  average/all -86.8/e0.09  noise/all -6.7/e0.70  zero/all -69.6/e0.92  random_donor/all -100.0/e0.00  removed -42.2/e0.98
graph 77: base T 98.8  average/all -98.1/e0.48  noise/all +1.2/e0.00  zero/all +1.2/e0.00  random_donor/all -98.5/e1.00  removed +1.2/e0.00
graph 78: base T 100.0  average/all -0.4/e0.89  noise/all -80.1/e0.98  zero/all -3.2/e0.98  random_donor/all -4.2/e1.00  removed -41.7/e0.99
graph 79: base T 100.0  average/all -4.3/e0.08  noise/all -98.8/e0.35  zero/all -80.3/e0.95  random_donor/all -100.0/e0.00  removed -99.5/e0.05
graph 80: base T 100.0  average/all -88.4/e0.18  noise/all -0.0/e0.00  zero/all -0.0/e0.00  random_donor/all -73.1/e1.00  removed -0.0/e0.00
graph 81: base T 100.0  average/all -99.2/e0.05  noise/all -99.9/e0.01  zero/all -99.9/e0.01  random_donor/all -8.4/e1.00  removed -99.9/e0.43
graph 82: base T 100.0  average/all -78.7/e0.22  noise/all -35.3/e0.76  zero/all -58.1/e0.85  random_donor/all -41.4/e1.00  removed -96.1/e0.03
graph 83: base T 100.0  average/all -0.1/e0.73  noise/all -79.9/e0.85  zero/all -26.6/e0.93  random_donor/all -8.0/e1.00  removed -0.1/e0.04
graph 84: base T 94.3  average/all +4.0/e0.08  noise/all +5.6/e0.00  zero/all +4.5/e0.39  random_donor/all -20.1/e1.00  removed +5.7/e0.00
graph 85: base T 100.0  average/all -49.8/e0.26  noise/all +0.0/e0.00  zero/all -0.0/e0.00  random_donor/all -0.8/e1.00  removed -0.0/e0.00
graph 86: base T 100.0  average/all -57.5/e0.53  noise/all -92.9/e0.00  zero/all -98.2/e0.01  random_donor/all -0.4/e0.97  removed -99.9/e0.00
graph 87: base T 100.0  average/all -0.2/e0.67  noise/all -81.4/e0.96  zero/all -83.8/e0.92  random_donor/all -57.5/e1.00  removed -100.0/e0.04
graph 88: base T 100.0  average/all -97.4/e0.58  noise/all -12.1/e0.02  zero/all -3.6/e0.02  random_donor/all +0.0/e0.00  removed -95.4/e0.98
graph 89: base T 100.0  average/all -0.0/e1.00  noise/all -0.0/e0.00  zero/all -0.4/e0.92  random_donor/all -0.0/e0.00  removed -0.1/e0.05
graph 90: base T 99.6  average/all -83.9/e1.00  noise/all -96.8/e0.15  zero/all -75.4/e0.73  random_donor/all -75.3/e1.00  removed -86.6/e1.00
graph 91: base T 11.3  average/all +68.4/e0.08  noise/all -11.2/e0.00  zero/all -11.3/e0.00  random_donor/all +88.7/e0.00  removed -11.3/e0.00
graph 92: base T 100.0  average/all -79.2/e0.14  noise/all -0.0/e0.00  zero/all +0.0/e0.00  random_donor/all -37.8/e1.00  removed +0.0/e0.00
graph 93: base T 99.8  average/all -5.7/e0.84  noise/all -86.6/e0.89  zero/all -0.3/e0.82  random_donor/all -99.0/e1.00  removed -91.4/e0.98
graph 94: base T 100.0  average/all -7.9/e0.07  noise/all -9.6/e0.97  zero/all -17.4/e0.96  random_donor/all -0.4/e1.00  removed -1.7/e0.93
graph 95: base T 100.0  average/all -0.4/e0.99  noise/all -14.0/e0.35  zero/all -97.5/e0.50  random_donor/all -13.1/e1.00  removed -4.6/e0.95
graph 96: base T 100.0  average/all -23.3/e0.37  noise/all -91.2/e0.04  zero/all -92.2/e0.36  random_donor/all -64.3/e1.00  removed -97.9/e0.16
graph 97: base T 99.9  average/all -1.9/e0.67  noise/all -7.3/e0.87  zero/all -11.9/e0.99  random_donor/all -0.7/e1.00  removed +0.1/e0.00
graph 98: base T 99.9  average/all -9.0/e0.98  noise/all -99.4/e0.98  zero/all -89.1/e1.00  random_donor/all -95.8/e1.00  removed -97.9/e0.99
graph 99: base T 100.0  average/all -3.2/e0.79  noise/all -95.0/e0.23  zero/all -3.2/e0.97  random_donor/all -79.0/e1.00  removed -96.5/e0.93
written: /Users/ecaterina/Developer/phoenix/results/seed1/necessity_n100.json
