test graph 0: base T 71.5  input_embedding -10.20/e0.01  probe +4.03/e0.01  random_matched +0.19/e0.01
test graph 1: base T 100.0  input_embedding -6.04/e0.00  probe -0.39/e0.00  random_matched +0.00/e0.00
test graph 2: base T 100.0  input_embedding -1.97/e0.00  probe -0.01/e0.00  random_matched +0.00/e0.00
test graph 3: base T 22.2  input_embedding -22.17/e0.00  probe -22.10/e0.00  random_matched +0.27/e0.00
test graph 4: base T 100.0  input_embedding -0.00/e0.00  probe -0.00/e0.00  random_matched -0.00/e0.00
test graph 5: base T 100.0  input_embedding +0.00/e0.00  probe -0.03/e0.00  random_matched -0.00/e0.00
test graph 6: base T 100.0  input_embedding -0.00/e0.00  probe -0.00/e0.00  random_matched +0.00/e0.00
test graph 7: base T 99.4  input_embedding -16.32/e0.00  probe -3.84/e0.00  random_matched +0.03/e0.00
test graph 8: base T 100.0  input_embedding -0.11/e0.04  probe -0.12/e0.07  random_matched +0.00/e0.00
test graph 9: base T 100.0  input_embedding -0.00/e0.00  probe -0.00/e0.00  random_matched +0.00/e0.00
test graph 10: base T 100.0  input_embedding -0.02/e0.00  probe -0.02/e0.00  random_matched -0.00/e0.00
test graph 11: base T 100.0  input_embedding -0.03/e0.00  probe +0.00/e0.00  random_matched -0.00/e0.00
test graph 12: base T 100.0  input_embedding -0.00/e0.00  probe -0.00/e0.00  random_matched -0.00/e0.00
test graph 13: base T 99.9  input_embedding -31.10/e0.00  probe -6.65/e0.00  random_matched -0.00/e0.00
test graph 14: base T 81.3  input_embedding +15.85/e0.00  probe +17.83/e0.01  random_matched -1.16/e0.04
test graph 15: base T 100.0  input_embedding -0.96/e0.00  probe -0.07/e0.00  random_matched -0.00/e0.00
test graph 16: base T 100.0  input_embedding -0.00/e0.00  probe -0.00/e0.00  random_matched +0.00/e0.00
test graph 17: base T 100.0  input_embedding +0.00/e0.00  probe -0.00/e0.00  random_matched +0.00/e0.00
test graph 18: base T 100.0  input_embedding -0.00/e0.00  probe -0.01/e0.00  random_matched -0.00/e0.00
test graph 19: base T 100.0  input_embedding -0.00/e0.00  probe -0.01/e0.00  random_matched -0.00/e0.00
test graph 20: base T 100.0  input_embedding -0.25/e0.02  probe -0.19/e0.02  random_matched +0.00/e0.00
test graph 21: base T 100.0  input_embedding -0.01/e0.00  probe -0.00/e0.00  random_matched +0.00/e0.00
test graph 22: base T 96.5  input_embedding -4.22/e0.01  probe -14.63/e0.00  random_matched +0.01/e0.00
test graph 23: base T 100.0  input_embedding -0.00/e0.00  probe -0.00/e0.00  random_matched +0.00/e0.00
test graph 24: base T 0.0  input_embedding +0.00/e0.00  probe +0.00/e0.00  random_matched +0.00/e0.00
test graph 25: base T 100.0  input_embedding -0.00/e0.00  probe -0.03/e0.00  random_matched +0.00/e0.00
test graph 26: base T 83.8  input_embedding -8.83/e0.00  probe -18.66/e0.00  random_matched -0.32/e0.00
test graph 27: base T 100.0  input_embedding -0.00/e0.00  probe +0.00/e0.00  random_matched -0.00/e0.00
test graph 28: base T 99.9  input_embedding -0.72/e0.00  probe -1.86/e0.00  random_matched +0.00/e0.00
test graph 29: base T 99.1  input_embedding -70.87/e0.02  probe -55.97/e0.01  random_matched -0.03/e0.01
test graph 30: base T 99.9  input_embedding -0.09/e0.00  probe -0.07/e0.00  random_matched +0.00/e0.00
test graph 31: base T 99.6  input_embedding -65.09/e0.00  probe -1.69/e0.00  random_matched +0.00/e0.00
test graph 32: base T 100.0  input_embedding -0.03/e0.00  probe -0.09/e0.00  random_matched -0.00/e0.00
test graph 33: base T 99.9  input_embedding +0.01/e0.00  probe +0.05/e0.00  random_matched +0.00/e0.00
test graph 34: base T 100.0  input_embedding -5.02/e0.15  probe -1.54/e0.02  random_matched -0.02/e0.00
test graph 35: base T 94.3  input_embedding -89.86/e0.00  probe -75.35/e0.00  random_matched +0.27/e0.00
test graph 36: base T 100.0  input_embedding -0.07/e0.00  probe -0.01/e0.00  random_matched +0.00/e0.00
test graph 37: base T 98.0  input_embedding -78.51/e0.01  probe -33.03/e0.00  random_matched -0.31/e0.00
test graph 38: base T 100.0  input_embedding -5.52/e0.00  probe -0.42/e0.00  random_matched +0.00/e0.00
test graph 39: base T 80.5  input_embedding -64.92/e0.00  probe -10.87/e0.00  random_matched +3.68/e0.00
test graph 40: base T 99.4  input_embedding -0.47/e0.00  probe -4.85/e0.01  random_matched -0.09/e0.00
test graph 41: base T 97.3  input_embedding -55.59/e0.00  probe -1.98/e0.00  random_matched +0.04/e0.00
test graph 42: base T 95.9  input_embedding -91.91/e0.07  probe -52.86/e0.01  random_matched -0.02/e0.00
test graph 43: base T 100.0  input_embedding -0.06/e0.00  probe -0.00/e0.00  random_matched +0.00/e0.00
test graph 44: base T 99.5  input_embedding +0.11/e0.01  probe +0.37/e0.00  random_matched -0.02/e0.01
test graph 45: base T 100.0  input_embedding -0.01/e0.00  probe -0.01/e0.00  random_matched +0.00/e0.00
test graph 46: base T 99.5  input_embedding -39.00/e0.00  probe -80.18/e0.00  random_matched -0.03/e0.00
test graph 47: base T 99.2  input_embedding -6.42/e0.00  probe -3.10/e0.00  random_matched -0.02/e0.00
test graph 48: base T 93.0  input_embedding -90.13/e0.00  probe -18.55/e0.00  random_matched +0.62/e0.00
test graph 49: base T 100.0  input_embedding -0.00/e0.00  probe -0.00/e0.00  random_matched +0.00/e0.00
test graph 50: base T 100.0  input_embedding +0.00/e0.00  probe +0.00/e0.00  random_matched -0.00/e0.00
test graph 51: base T 100.0  input_embedding -0.53/e0.00  probe +0.00/e0.00  random_matched +0.00/e0.00
test graph 52: base T 100.0  input_embedding +0.01/e0.00  probe -0.01/e0.00  random_matched -0.00/e0.00
test graph 53: base T 99.8  input_embedding -0.54/e0.00  probe +0.04/e0.00  random_matched +0.00/e0.00
test graph 54: base T 100.0  input_embedding -0.03/e0.00  probe -0.00/e0.00  random_matched +0.00/e0.00
test graph 55: base T 100.0  input_embedding -0.10/e0.03  probe -0.02/e0.00  random_matched +0.00/e0.00
test graph 56: base T 99.3  input_embedding -86.28/e0.00  probe -1.21/e0.00  random_matched +0.04/e0.00
test graph 57: base T 100.0  input_embedding -0.41/e0.00  probe -0.11/e0.00  random_matched -0.00/e0.00
test graph 58: base T 100.0  input_embedding -0.33/e0.00  probe -0.00/e0.00  random_matched +0.00/e0.00
test graph 59: base T 100.0  input_embedding -0.05/e0.00  probe -0.02/e0.00  random_matched -0.00/e0.00
test graph 60: base T 100.0  input_embedding -0.00/e0.16  probe -0.00/e0.19  random_matched -0.00/e0.45
test graph 61: base T 100.0  input_embedding -0.29/e0.00  probe -0.17/e0.00  random_matched +0.00/e0.00
test graph 62: base T 100.0  input_embedding -0.00/e0.00  probe -0.00/e0.00  random_matched +0.00/e0.00
test graph 63: base T 100.0  input_embedding -0.07/e0.00  probe -0.14/e0.00  random_matched +0.00/e0.00
test graph 64: base T 100.0  input_embedding -0.02/e0.02  probe -0.03/e0.04  random_matched -0.00/e0.01
test graph 65: base T 100.0  input_embedding -1.28/e0.00  probe -0.56/e0.00  random_matched +0.00/e0.00
test graph 66: base T 0.0  input_embedding +0.00/e0.00  probe -0.00/e0.00  random_matched +0.00/e0.00
test graph 67: base T 100.0  input_embedding -0.00/e0.00  probe -0.00/e0.00  random_matched +0.00/e0.00
test graph 68: base T 99.8  input_embedding -0.22/e0.00  probe +0.00/e0.00  random_matched -0.01/e0.00
test graph 69: base T 100.0  input_embedding -0.02/e0.00  probe -0.02/e0.00  random_matched -0.00/e0.00
test graph 70: base T 99.9  input_embedding -3.39/e0.00  probe -0.17/e0.00  random_matched +0.01/e0.00
test graph 71: base T 100.0  input_embedding -0.01/e0.00  probe -0.00/e0.00  random_matched -0.00/e0.00
test graph 72: base T 100.0  input_embedding -0.00/e0.00  probe -0.00/e0.00  random_matched +0.00/e0.00
test graph 73: base T 100.0  input_embedding -0.28/e0.00  probe -0.04/e0.00  random_matched -0.00/e0.00
test graph 74: base T 100.0  input_embedding -82.44/e0.00  probe -0.09/e0.00  random_matched -0.00/e0.00
test graph 75: base T 99.4  input_embedding -1.02/e0.01  probe -16.98/e0.03  random_matched +0.09/e0.00
test graph 76: base T 100.0  input_embedding -61.88/e0.00  probe -60.93/e0.00  random_matched +0.00/e0.00
test graph 77: base T 98.8  input_embedding -95.85/e0.00  probe +0.52/e0.00  random_matched -0.16/e0.00
test graph 78: base T 100.0  input_embedding -9.71/e0.82  probe -0.07/e0.02  random_matched -0.00/e0.01
test graph 79: base T 100.0  input_embedding -0.00/e0.00  probe +0.00/e0.00  random_matched +0.00/e0.00
test graph 80: base T 100.0  input_embedding -0.00/e0.00  probe -0.00/e0.00  random_matched -0.00/e0.00
test graph 81: base T 100.0  input_embedding -0.01/e0.00  probe -0.01/e0.00  random_matched -0.00/e0.00
test graph 82: base T 100.0  input_embedding -0.00/e0.00  probe -0.00/e0.00  random_matched -0.00/e0.00
test graph 83: base T 100.0  input_embedding -0.01/e0.00  probe -0.47/e0.00  random_matched -0.00/e0.00
test graph 84: base T 94.3  input_embedding -32.48/e0.00  probe -18.71/e0.00  random_matched -0.01/e0.00
test graph 85: base T 100.0  input_embedding +0.00/e0.00  probe -0.00/e0.00  random_matched -0.00/e0.00
test graph 86: base T 100.0  input_embedding -0.05/e0.01  probe +0.00/e0.00  random_matched -0.00/e0.00
test graph 87: base T 100.0  input_embedding +0.00/e0.00  probe +0.00/e0.00  random_matched +0.00/e0.00
test graph 88: base T 100.0  input_embedding +0.00/e0.00  probe +0.00/e0.00  random_matched +0.00/e0.00
test graph 89: base T 100.0  input_embedding -0.00/e0.00  probe -0.00/e0.00  random_matched +0.00/e0.00
test graph 90: base T 99.6  input_embedding -25.33/e0.01  probe -33.51/e0.02  random_matched -0.00/e0.00
test graph 91: base T 11.3  input_embedding -10.64/e0.00  probe -10.46/e0.00  random_matched -4.35/e0.00
test graph 92: base T 100.0  input_embedding -4.68/e0.00  probe +0.00/e0.00  random_matched -0.00/e0.00
test graph 93: base T 99.8  input_embedding -1.83/e0.00  probe -0.05/e0.00  random_matched +0.04/e0.00
test graph 94: base T 100.0  input_embedding -2.17/e0.00  probe -0.39/e0.00  random_matched -0.00/e0.00
test graph 95: base T 100.0  input_embedding -0.00/e0.00  probe -0.00/e0.00  random_matched -0.00/e0.00
test graph 96: base T 100.0  input_embedding -0.00/e0.00  probe +0.00/e0.00  random_matched -0.00/e0.00
test graph 97: base T 99.9  input_embedding +0.02/e0.00  probe -0.22/e0.00  random_matched +0.00/e0.00
test graph 98: base T 99.9  input_embedding -0.05/e0.00  probe -0.77/e0.00  random_matched +0.00/e0.00
test graph 99: base T 100.0  input_embedding -0.01/e0.00  probe -0.00/e0.00  random_matched +0.00/e0.00
written: /Users/ecaterina/Developer/phoenix/results/seed1/path_deletion_n100.json
