graph 0: base T 18.0  average/all +81.1/e0.30  noise/all +8.0/e0.51  zero/all -6.7/e0.62  random_donor/all -14.4/e1.00  removed +53.8/e0.99
graph 1: base T 100.0  average/all -1.3/e0.12  noise/all -90.8/e0.99  zero/all -55.4/e0.98  random_donor/all -42.8/e1.00  removed -40.6/e0.36
graph 2: base T 99.9  average/all -96.9/e0.66  noise/all -91.6/e1.00  zero/all -95.0/e1.00  random_donor/all -30.3/e1.00  removed -73.8/e1.00
graph 3: base T 99.3  average/all -99.3/e0.93  noise/all -99.3/e0.22  zero/all -10.9/e0.94  random_donor/all -93.8/e1.00  removed -99.2/e0.25
graph 4: base T 100.0  average/all -63.6/e0.98  noise/all -0.0/e0.00  zero/all -4.5/e0.77  random_donor/all -100.0/e0.00  removed -0.0/e0.02
graph 5: base T 98.0  average/all -73.7/e0.15  noise/all -5.5/e0.23  zero/all +0.8/e0.03  random_donor/all -76.3/e1.00  removed -70.5/e1.00
graph 6: base T 100.0  average/all -0.0/e0.67  noise/all -0.0/e0.00  zero/all -46.6/e0.94  random_donor/all -1.1/e1.00  removed -0.1/e0.01
graph 7: base T 47.5  average/all -25.3/e0.03  noise/all +50.3/e0.97  zero/all +51.6/e0.13  random_donor/all +52.5/e0.00  removed +13.7/e0.91
graph 8: base T 100.0  average/all -0.0/e0.72  noise/all -75.5/e0.97  zero/all -6.3/e0.23  random_donor/all -2.0/e1.00  removed -12.4/e0.99
graph 9: base T 100.0  average/all -98.4/e0.45  noise/all -75.0/e0.20  zero/all -79.4/e0.68  random_donor/all -57.3/e1.00  removed -2.1/e0.08
graph 10: base T 73.9  average/all +17.4/e0.58  noise/all -69.8/e0.00  zero/all -72.4/e0.00  random_donor/all +26.1/e0.00  removed -73.9/e0.00
graph 11: base T 99.6  average/all -31.5/e0.87  noise/all -97.8/e0.00  zero/all -93.7/e0.01  random_donor/all +0.4/e0.04  removed -99.5/e0.00
graph 12: base T 99.9  average/all +0.0/e0.58  noise/all +0.0/e0.00  zero/all -0.1/e0.01  random_donor/all -2.1/e1.00  removed +0.0/e0.00
graph 13: base T 99.9  average/all -32.2/e0.94  noise/all -55.5/e1.00  zero/all -60.5/e1.00  random_donor/all +0.1/e0.00  removed -80.1/e1.00
graph 14: base T 86.8  average/all +0.0/e0.24  noise/all -81.9/e0.02  zero/all -68.6/e0.05  random_donor/all -82.9/e0.99  removed -75.4/e0.37
graph 15: base T 63.1  average/all -22.1/e0.76  noise/all -62.4/e0.00  zero/all -62.7/e0.01  random_donor/all +25.6/e1.00  removed -62.1/e0.01
graph 16: base T 100.0  average/all -99.7/e0.96  noise/all -50.3/e1.00  zero/all -20.7/e1.00  random_donor/all -46.5/e1.00  removed -53.3/e1.00
graph 17: base T 99.9  average/all -10.4/e0.98  noise/all -21.5/e0.99  zero/all -37.0/e0.40  random_donor/all -50.4/e1.00  removed -0.5/e0.50
graph 18: base T 100.0  average/all -37.5/e0.97  noise/all -49.7/e0.00  zero/all -68.4/e0.90  random_donor/all -9.8/e1.00  removed -100.0/e0.00
graph 19: base T 100.0  average/all -0.1/e0.98  noise/all -0.0/e0.45  zero/all -0.3/e0.83  random_donor/all -62.7/e1.00  removed -0.0/e0.72
graph 20: base T 98.7  average/all -80.3/e0.94  noise/all -97.5/e0.00  zero/all -81.2/e0.69  random_donor/all -71.6/e1.00  removed -98.0/e0.00
graph 21: base T 100.0  average/all -24.0/e0.99  noise/all -72.7/e0.09  zero/all -84.8/e0.97  random_donor/all -83.0/e1.00  removed -100.0/e0.00
graph 22: base T 99.9  average/all -10.9/e0.04  noise/all -1.5/e0.01  zero/all -81.8/e0.43  random_donor/all -42.2/e1.00  removed -0.8/e0.00
graph 23: base T 100.0  average/all -81.9/e0.68  noise/all +0.0/e0.00  zero/all -53.2/e0.89  random_donor/all -83.2/e1.00  removed +0.0/e0.00
graph 24: base T 0.0  average/all +48.5/e0.95  noise/all +99.0/e0.49  zero/all +23.9/e0.94  random_donor/all +30.4/e1.00  removed +83.9/e0.87
graph 25: base T 100.0  average/all -0.7/e0.48  noise/all -0.0/e0.00  zero/all -0.0/e0.01  random_donor/all -11.5/e1.00  removed -80.3/e0.04
graph 26: base T 98.3  average/all -86.6/e0.98  noise/all -87.9/e1.00  zero/all -49.7/e0.99  random_donor/all -40.9/e1.00  removed -89.9/e1.00
graph 27: base T 100.0  average/all -31.3/e0.93  noise/all -0.0/e0.00  zero/all -20.1/e0.91  random_donor/all +0.0/e0.00  removed +0.0/e0.00
graph 28: base T 100.0  average/all -10.5/e0.93  noise/all -91.1/e0.84  zero/all -14.3/e0.80  random_donor/all -15.4/e1.00  removed -97.5/e0.00
graph 29: base T 100.0  average/all -5.8/e0.26  noise/all -1.3/e0.00  zero/all -17.7/e0.02  random_donor/all -0.1/e0.98  removed -21.6/e0.00
graph 30: base T 100.0  average/all -47.1/e0.60  noise/all -99.7/e0.50  zero/all -98.6/e0.49  random_donor/all -62.4/e1.00  removed -92.3/e0.99
graph 31: base T 23.4  average/all -22.7/e0.15  noise/all +72.2/e0.27  zero/all +71.7/e0.99  random_donor/all -22.3/e1.00  removed -9.9/e0.98
graph 32: base T 100.0  average/all -15.0/e0.96  noise/all -84.6/e0.12  zero/all -53.8/e1.00  random_donor/all -74.8/e1.00  removed -99.7/e0.00
graph 33: base T 100.0  average/all -41.5/e0.33  noise/all +0.0/e0.00  zero/all +0.0/e0.00  random_donor/all -80.3/e1.00  removed -0.0/e0.00
graph 34: base T 99.9  average/all -9.9/e0.53  noise/all +0.1/e0.00  zero/all +0.1/e0.00  random_donor/all -11.8/e1.00  removed +0.1/e0.00
graph 35: base T 99.7  average/all -81.5/e0.95  noise/all -86.9/e0.09  zero/all -3.4/e0.62  random_donor/all -76.1/e1.00  removed -99.6/e0.00
graph 36: base T 99.9  average/all -96.7/e0.33  noise/all -86.2/e0.63  zero/all -81.4/e0.98  random_donor/all -4.1/e1.00  removed -97.2/e0.94
graph 37: base T 100.0  average/all -2.2/e0.94  noise/all -82.1/e0.99  zero/all -78.6/e1.00  random_donor/all -87.7/e1.00  removed -13.9/e0.77
graph 38: base T 61.8  average/all +34.6/e0.93  noise/all -56.1/e0.57  zero/all +36.9/e0.92  random_donor/all +3.6/e1.00  removed +20.1/e0.09
graph 39: base T 100.0  average/all -3.4/e0.19  noise/all -0.3/e0.04  zero/all -1.1/e0.97  random_donor/all +0.0/e0.00  removed -0.6/e0.02
graph 40: base T 100.0  average/all -1.5/e0.44  noise/all -95.8/e0.26  zero/all -83.1/e0.96  random_donor/all -100.0/e0.00  removed -98.1/e0.72
graph 41: base T 99.9  average/all -67.7/e0.32  noise/all -99.4/e0.00  zero/all -87.7/e0.06  random_donor/all -1.8/e1.00  removed -98.7/e0.01
graph 42: base T 100.0  average/all -39.4/e0.98  noise/all +0.0/e0.01  zero/all -19.8/e0.66  random_donor/all -38.2/e1.00  removed +0.0/e0.00
graph 43: base T 100.0  average/all -21.6/e0.99  noise/all -27.1/e0.75  zero/all -9.2/e0.98  random_donor/all -39.3/e1.00  removed -19.1/e0.77
graph 44: base T 1.4  average/all +64.2/e0.60  noise/all -1.2/e0.00  zero/all +94.7/e0.08  random_donor/all +63.8/e1.00  removed -0.1/e0.10
graph 45: base T 100.0  average/all -98.2/e0.71  noise/all -99.3/e0.00  zero/all -57.6/e0.29  random_donor/all -23.8/e1.00  removed -99.9/e0.01
graph 46: base T 100.0  average/all -39.1/e0.58  noise/all -0.0/e0.00  zero/all -0.1/e0.00  random_donor/all -6.8/e1.00  removed -0.8/e0.00
graph 47: base T 100.0  average/all -89.4/e0.54  noise/all -0.0/e0.00  zero/all +0.0/e0.00  random_donor/all -18.7/e1.00  removed -0.0/e0.00
graph 48: base T 97.4  average/all -84.5/e0.93  noise/all +0.3/e0.03  zero/all -96.6/e0.20  random_donor/all +2.6/e0.00  removed +1.0/e0.07
graph 49: base T 100.0  average/all -39.1/e0.73  noise/all -3.1/e0.03  zero/all -4.4/e0.27  random_donor/all -91.6/e1.00  removed -7.7/e0.64
graph 50: base T 96.5  average/all -79.9/e0.03  noise/all -15.6/e0.99  zero/all +1.9/e0.98  random_donor/all -50.1/e0.99  removed -41.0/e1.00
graph 51: base T 98.0  average/all -96.7/e0.29  noise/all -98.0/e0.00  zero/all -20.9/e0.72  random_donor/all -98.0/e0.00  removed -97.9/e0.25
graph 52: base T 100.0  average/all -22.0/e0.40  noise/all +0.0/e0.00  zero/all +0.0/e0.01  random_donor/all -75.2/e1.00  removed +0.0/e0.00
graph 53: base T 100.0  average/all -17.0/e0.63  noise/all -0.0/e0.00  zero/all -0.1/e0.01  random_donor/all -67.1/e1.00  removed -0.0/e0.00
graph 54: base T 100.0  average/all -12.9/e0.69  noise/all -26.0/e0.78  zero/all -93.7/e0.44  random_donor/all -74.4/e1.00  removed -16.2/e0.99
graph 55: base T 100.0  average/all -2.4/e0.98  noise/all -6.2/e0.36  zero/all -69.1/e0.71  random_donor/all -98.1/e1.00  removed -31.7/e1.00
graph 56: base T 98.9  average/all -83.1/e0.68  noise/all +1.0/e0.00  zero/all +0.9/e0.04  random_donor/all -28.4/e1.00  removed +1.0/e0.00
graph 57: base T 99.9  average/all -82.6/e0.70  noise/all +0.1/e0.00  zero/all +0.1/e0.00  random_donor/all -99.9/e0.00  removed +0.1/e0.00
graph 58: base T 100.0  average/all -88.8/e0.40  noise/all +0.0/e0.00  zero/all -1.3/e0.03  random_donor/all -100.0/e0.00  removed -0.1/e0.00
graph 59: base T 100.0  average/all -100.0/e0.98  noise/all -0.2/e0.43  zero/all -65.8/e0.97  random_donor/all -82.5/e1.00  removed -98.0/e0.97
graph 60: base T 100.0  average/all -2.6/e1.00  noise/all -0.0/e1.00  zero/all -1.5/e1.00  random_donor/all -0.8/e1.00  removed -0.1/e1.00
graph 61: base T 100.0  average/all -33.3/e0.98  noise/all -0.1/e0.98  zero/all -90.0/e1.00  random_donor/all -39.6/e1.00  removed -0.0/e0.02
graph 62: base T 100.0  average/all -1.9/e0.13  noise/all -98.5/e0.01  zero/all -92.7/e0.04  random_donor/all -0.0/e0.95  removed -93.8/e0.51
graph 63: base T 99.0  average/all -12.6/e1.00  noise/all -98.2/e0.00  zero/all -91.1/e0.83  random_donor/all -71.5/e1.00  removed -99.0/e0.00
graph 64: base T 100.0  average/all -5.8/e0.92  noise/all -100.0/e0.00  zero/all -99.9/e0.14  random_donor/all -5.0/e1.00  removed -99.9/e0.00
graph 65: base T 100.0  average/all -4.7/e0.83  noise/all -53.2/e0.14  zero/all -90.5/e0.14  random_donor/all -95.0/e1.00  removed -100.0/e0.00
graph 66: base T 5.1  average/all -3.8/e1.00  noise/all -0.3/e1.00  zero/all +3.8/e0.98  random_donor/all -5.0/e1.00  removed +13.5/e1.00
graph 67: base T 100.0  average/all -44.6/e0.36  noise/all -0.6/e0.00  zero/all -0.2/e0.00  random_donor/all +0.0/e0.00  removed -0.3/e0.00
graph 68: base T 100.0  average/all -50.2/e0.54  noise/all -0.0/e0.00  zero/all -0.0/e0.00  random_donor/all -100.0/e0.00  removed -4.4/e0.96
graph 69: base T 99.1  average/all -67.9/e0.76  noise/all -5.1/e0.05  zero/all -0.2/e0.08  random_donor/all -96.7/e1.00  removed -14.8/e0.07
graph 70: base T 100.0  average/all -2.3/e0.77  noise/all -0.4/e0.01  zero/all -23.5/e0.20  random_donor/all -32.7/e1.00  removed -1.7/e0.08
graph 71: base T 100.0  average/all -58.4/e0.53  noise/all -83.0/e0.18  zero/all -30.8/e0.98  random_donor/all +0.0/e0.00  removed -63.6/e0.99
graph 72: base T 100.0  average/all -36.3/e0.97  noise/all -84.8/e0.92  zero/all -49.8/e0.90  random_donor/all -80.5/e1.00  removed -86.5/e0.15
graph 73: base T 97.9  average/all -14.1/e0.97  noise/all -97.8/e0.08  zero/all -39.4/e0.67  random_donor/all +2.1/e0.00  removed -97.8/e0.01
graph 74: base T 100.0  average/all -43.0/e0.97  noise/all -0.4/e0.29  zero/all -3.4/e0.80  random_donor/all -28.2/e1.00  removed -0.3/e0.70
graph 75: base T 98.9  average/all -65.2/e0.37  noise/all -98.6/e0.00  zero/all -98.7/e0.00  random_donor/all -93.8/e1.00  removed -98.9/e0.00
graph 76: base T 98.1  average/all -97.5/e0.14  noise/all -13.6/e0.95  zero/all -42.3/e0.93  random_donor/all -98.1/e0.00  removed -25.6/e0.98
graph 77: base T 100.0  average/all -26.3/e0.69  noise/all -0.0/e0.00  zero/all -65.6/e0.73  random_donor/all -93.8/e1.00  removed -0.0/e0.00
graph 78: base T 100.0  average/all -7.1/e0.98  noise/all -9.3/e1.00  zero/all -1.5/e0.98  random_donor/all -0.8/e1.00  removed -19.1/e1.00
graph 79: base T 100.0  average/all -0.5/e0.14  noise/all -47.6/e0.95  zero/all -25.4/e0.85  random_donor/all -100.0/e0.00  removed -74.1/e0.47
graph 80: base T 100.0  average/all -44.3/e0.44  noise/all -0.0/e0.00  zero/all -0.1/e0.00  random_donor/all -58.5/e1.00  removed +0.0/e0.00
graph 81: base T 100.0  average/all -77.9/e0.75  noise/all -52.3/e0.07  zero/all -18.6/e0.09  random_donor/all -85.6/e1.00  removed -0.0/e0.00
graph 82: base T 100.0  average/all -98.1/e0.25  noise/all -99.9/e0.03  zero/all -98.1/e0.37  random_donor/all -98.1/e1.00  removed -99.9/e0.09
graph 83: base T 99.8  average/all -0.8/e0.99  noise/all -0.2/e0.67  zero/all -1.1/e0.67  random_donor/all -6.5/e1.00  removed -5.6/e0.16
graph 84: base T 100.0  average/all -0.3/e0.08  noise/all -0.0/e0.04  zero/all -10.9/e0.95  random_donor/all -99.1/e1.00  removed -0.1/e0.16
graph 85: base T 100.0  average/all -90.5/e0.48  noise/all -0.9/e0.00  zero/all -6.7/e0.04  random_donor/all -88.5/e1.00  removed -0.9/e0.28
graph 86: base T 100.0  average/all -95.1/e0.92  noise/all -99.9/e0.00  zero/all -100.0/e0.10  random_donor/all -23.7/e1.00  removed -99.9/e0.02
graph 87: base T 100.0  average/all -0.0/e0.98  noise/all -95.3/e0.04  zero/all -98.4/e0.92  random_donor/all -4.5/e1.00  removed -0.4/e0.00
graph 88: base T 100.0  average/all -40.5/e0.94  noise/all -0.2/e0.01  zero/all -4.0/e0.61  random_donor/all +0.0/e0.00  removed -8.5/e0.01
graph 89: base T 100.0  average/all -1.7/e1.00  noise/all -100.0/e0.09  zero/all -5.7/e0.99  random_donor/all +0.0/e0.00  removed -100.0/e0.06
graph 90: base T 66.1  average/all -58.7/e0.89  noise/all -7.0/e0.26  zero/all +30.9/e0.12  random_donor/all -15.9/e1.00  removed -0.6/e0.23
graph 91: base T 99.9  average/all -17.3/e0.27  noise/all -87.5/e0.07  zero/all -98.9/e0.06  random_donor/all +0.1/e0.00  removed -96.3/e0.26
graph 92: base T 99.6  average/all -53.7/e0.67  noise/all -88.5/e0.01  zero/all -52.7/e0.05  random_donor/all -7.7/e1.00  removed -30.5/e0.31
graph 93: base T 100.0  average/all -6.2/e0.45  noise/all -97.1/e0.36  zero/all -64.1/e0.09  random_donor/all -81.5/e1.00  removed -99.0/e0.08
graph 94: base T 98.8  average/all -0.9/e0.31  noise/all -67.5/e0.01  zero/all -98.0/e0.50  random_donor/all +0.7/e1.00  removed -98.2/e0.00
graph 95: base T 95.5  average/all -6.5/e0.95  noise/all +1.7/e0.00  zero/all -54.3/e0.65  random_donor/all +2.4/e0.99  removed +4.4/e0.00
graph 96: base T 100.0  average/all -35.3/e0.36  noise/all -63.4/e0.01  zero/all -48.8/e0.02  random_donor/all -98.6/e1.00  removed -50.9/e0.09
graph 97: base T 99.7  average/all -77.6/e0.91  noise/all -75.1/e0.91  zero/all -26.0/e0.89  random_donor/all -11.0/e1.00  removed -29.1/e0.93
graph 98: base T 100.0  average/all -3.0/e0.92  noise/all -86.1/e1.00  zero/all -24.2/e0.98  random_donor/all -16.4/e1.00  removed -97.7/e0.92
graph 99: base T 100.0  average/all -5.9/e0.43  noise/all -99.6/e0.04  zero/all -72.8/e0.13  random_donor/all -65.6/e1.00  removed -99.9/e0.05
written: /Users/ecaterina/Developer/phoenix/results/seed2/necessity_n100.json
