graph 0: base T 98.4  average/all +1.4/e0.90  noise/all -36.7/e0.90  zero/all -98.1/e0.57  random_donor/all -18.5/e1.00  removed -79.5/e0.94
graph 1: base T 100.0  average/all -22.7/e0.72  noise/all -92.8/e1.00  zero/all -49.6/e1.00  random_donor/all -68.2/e1.00  removed -1.7/e0.99
graph 2: base T 100.0  average/all -93.6/e1.00  noise/all -99.5/e0.00  zero/all -95.3/e0.01  random_donor/all -99.5/e1.00  removed -99.9/e0.00
graph 3: base T 95.7  average/all -95.7/e0.77  noise/all +4.2/e0.06  zero/all +3.6/e0.47  random_donor/all -89.4/e1.00  removed -0.2/e0.12
graph 4: base T 100.0  average/all -34.5/e0.99  noise/all -0.2/e0.26  zero/all -28.0/e0.84  random_donor/all -100.0/e0.00  removed -91.5/e0.16
graph 5: base T 100.0  average/all -95.9/e0.88  noise/all -0.0/e0.00  zero/all -81.7/e0.92  random_donor/all -99.3/e1.00  removed -5.7/e0.11
graph 6: base T 100.0  average/all -0.0/e0.62  noise/all +0.0/e0.01  zero/all +0.0/e0.01  random_donor/all -0.2/e1.00  removed +0.0/e0.01
graph 7: base T 100.0  average/all -35.6/e0.34  noise/all +0.0/e0.00  zero/all +0.0/e0.00  random_donor/all +0.0/e0.00  removed -2.0/e0.01
graph 8: base T 100.0  average/all -0.1/e0.75  noise/all -12.8/e0.01  zero/all -86.8/e0.18  random_donor/all -0.2/e1.00  removed -79.7/e0.31
graph 9: base T 100.0  average/all -94.6/e0.79  noise/all -35.1/e1.00  zero/all -94.2/e0.99  random_donor/all -1.4/e1.00  removed -45.0/e1.00
graph 10: base T 94.6  average/all -63.7/e0.61  noise/all -88.2/e0.00  zero/all -17.8/e0.01  random_donor/all +5.4/e0.00  removed -88.9/e0.01
graph 11: base T 100.0  average/all -36.7/e0.58  noise/all -2.2/e0.00  zero/all -98.4/e0.60  random_donor/all +0.0/e0.00  removed -87.5/e0.01
graph 12: base T 100.0  average/all -0.4/e0.87  noise/all -99.7/e0.01  zero/all -94.4/e0.07  random_donor/all -34.6/e1.00  removed -99.3/e0.02
graph 13: base T 100.0  average/all -9.4/e0.79  noise/all -99.6/e1.00  zero/all -99.4/e0.85  random_donor/all +0.0/e0.00  removed -99.4/e0.97
graph 14: base T 99.9  average/all -3.5/e0.89  noise/all -29.5/e0.02  zero/all -11.4/e0.10  random_donor/all -95.0/e1.00  removed -43.5/e0.99
graph 15: base T 98.3  average/all -4.9/e0.89  noise/all -98.2/e0.00  zero/all -97.0/e0.00  random_donor/all -4.3/e1.00  removed -98.2/e0.01
graph 16: base T 100.0  average/all -99.0/e1.00  noise/all -46.5/e1.00  zero/all -74.9/e1.00  random_donor/all -96.3/e1.00  removed -18.6/e1.00
graph 17: base T 100.0  average/all -27.1/e0.73  noise/all -98.5/e0.83  zero/all -85.9/e0.59  random_donor/all -64.2/e1.00  removed -0.3/e0.01
graph 18: base T 100.0  average/all -23.4/e0.96  noise/all -0.4/e0.82  zero/all -2.2/e0.48  random_donor/all -2.0/e1.00  removed -15.9/e0.08
graph 19: base T 100.0  average/all -0.0/e0.89  noise/all -0.4/e0.99  zero/all -0.1/e0.90  random_donor/all -94.7/e1.00  removed -4.8/e1.00
graph 20: base T 100.0  average/all -4.7/e0.97  noise/all -16.3/e0.54  zero/all -2.3/e0.94  random_donor/all -47.4/e1.00  removed -99.3/e0.00
graph 21: base T 100.0  average/all -0.1/e0.87  noise/all -0.0/e0.07  zero/all -0.0/e0.08  random_donor/all -61.3/e1.00  removed -92.6/e0.06
graph 22: base T 99.8  average/all -63.5/e0.30  noise/all -97.6/e0.11  zero/all -95.1/e0.02  random_donor/all -60.1/e1.00  removed -98.4/e0.06
graph 23: base T 100.0  average/all -98.6/e0.65  noise/all -99.8/e0.01  zero/all -100.0/e0.00  random_donor/all -39.2/e1.00  removed -49.2/e0.01
graph 24: base T 0.0  average/all +75.7/e0.90  noise/all +14.1/e1.00  zero/all +19.6/e1.00  random_donor/all +95.4/e1.00  removed +6.2/e0.96
graph 25: base T 100.0  average/all -0.1/e0.85  noise/all -96.2/e0.04  zero/all -91.6/e0.05  random_donor/all -67.9/e1.00  removed -83.7/e0.18
graph 26: base T 1.1  average/all +3.2/e0.79  noise/all -0.4/e0.99  zero/all +0.2/e1.00  random_donor/all +8.6/e1.00  removed +6.1/e0.61
graph 27: base T 100.0  average/all -29.3/e0.99  noise/all -1.2/e1.00  zero/all -0.2/e0.66  random_donor/all +0.0/e0.00  removed -0.3/e0.32
graph 28: base T 97.4  average/all -53.4/e0.99  noise/all -97.3/e0.75  zero/all -96.2/e0.94  random_donor/all -43.3/e1.00  removed -61.4/e0.15
graph 29: base T 100.0  average/all -56.0/e0.78  noise/all -28.4/e0.58  zero/all -3.2/e0.96  random_donor/all -20.7/e1.00  removed -15.1/e0.02
graph 30: base T 100.0  average/all -89.3/e0.92  noise/all -0.0/e0.00  zero/all +0.0/e0.03  random_donor/all -55.4/e1.00  removed -6.1/e0.92
graph 31: base T 68.9  average/all -38.7/e0.65  noise/all +30.4/e0.41  zero/all +29.2/e0.65  random_donor/all +28.3/e1.00  removed -61.5/e0.23
graph 32: base T 100.0  average/all -4.0/e0.70  noise/all -20.6/e1.00  zero/all -19.7/e1.00  random_donor/all -78.1/e1.00  removed -32.0/e1.00
graph 33: base T 100.0  average/all -6.5/e0.89  noise/all -99.1/e0.01  zero/all -99.6/e0.11  random_donor/all -34.5/e1.00  removed -98.5/e0.01
graph 34: base T 100.0  average/all -52.7/e0.72  noise/all -1.0/e0.00  zero/all -4.6/e0.01  random_donor/all -79.3/e1.00  removed -12.3/e0.01
graph 35: base T 99.2  average/all -81.8/e0.81  noise/all +0.8/e1.00  zero/all +0.8/e1.00  random_donor/all -13.8/e1.00  removed -0.4/e0.05
graph 36: base T 100.0  average/all -66.2/e0.47  noise/all -16.4/e1.00  zero/all -43.3/e1.00  random_donor/all -1.6/e1.00  removed -1.4/e0.96
graph 37: base T 100.0  average/all -6.3/e0.98  noise/all -99.9/e0.85  zero/all -98.2/e0.98  random_donor/all -0.1/e1.00  removed -100.0/e0.13
graph 38: base T 99.9  average/all -1.6/e1.00  noise/all -83.5/e0.97  zero/all -74.9/e0.97  random_donor/all -82.4/e1.00  removed -95.8/e0.42
graph 39: base T 72.7  average/all -14.0/e0.62  noise/all +26.9/e0.99  zero/all +27.1/e0.99  random_donor/all +27.3/e0.00  removed +13.6/e1.00
graph 40: base T 100.0  average/all -1.2/e0.54  noise/all -85.4/e1.00  zero/all -83.7/e0.94  random_donor/all -100.0/e0.00  removed -0.0/e0.08
graph 41: base T 97.1  average/all -45.2/e0.74  noise/all -96.9/e0.01  zero/all -96.9/e0.85  random_donor/all -55.8/e1.00  removed -97.0/e0.03
graph 42: base T 96.0  average/all -96.0/e0.78  noise/all -22.4/e1.00  zero/all -93.5/e0.88  random_donor/all -95.7/e1.00  removed +0.8/e0.64
graph 43: base T 100.0  average/all -1.3/e0.97  noise/all -0.0/e0.13  zero/all -15.0/e0.99  random_donor/all -52.7/e1.00  removed -24.1/e0.13
graph 44: base T 22.8  average/all +3.9/e0.99  noise/all +59.5/e0.01  zero/all +74.0/e0.01  random_donor/all +53.3/e1.00  removed +23.9/e0.26
graph 45: base T 100.0  average/all -30.1/e0.99  noise/all -19.1/e0.97  zero/all -9.8/e0.98  random_donor/all -22.4/e1.00  removed -35.7/e0.95
graph 46: base T 99.9  average/all -94.9/e0.69  noise/all +0.0/e0.02  zero/all -9.1/e1.00  random_donor/all -11.7/e1.00  removed -18.3/e0.22
graph 47: base T 99.8  average/all -97.1/e0.65  noise/all -83.1/e1.00  zero/all -89.0/e1.00  random_donor/all -56.6/e1.00  removed -81.3/e1.00
graph 48: base T 98.5  average/all -93.6/e0.83  noise/all -18.6/e1.00  zero/all -69.8/e1.00  random_donor/all +1.5/e0.00  removed -87.0/e0.70
graph 49: base T 100.0  average/all -0.4/e0.66  noise/all -99.7/e0.01  zero/all -99.9/e0.04  random_donor/all -59.3/e1.00  removed -99.9/e0.02
graph 50: base T 99.9  average/all -47.6/e0.36  noise/all -1.6/e0.98  zero/all -89.2/e0.99  random_donor/all -5.7/e1.00  removed -6.7/e0.99
graph 51: base T 99.9  average/all -59.1/e0.54  noise/all -47.6/e0.99  zero/all -29.6/e0.97  random_donor/all -99.9/e0.00  removed +0.1/e0.02
graph 52: base T 100.0  average/all -1.0/e0.88  noise/all -13.1/e0.00  zero/all -0.2/e0.00  random_donor/all -98.6/e1.00  removed -4.1/e0.01
graph 53: base T 99.9  average/all -61.8/e0.71  noise/all -62.6/e0.07  zero/all -24.7/e0.66  random_donor/all -93.8/e1.00  removed -66.0/e0.36
graph 54: base T 100.0  average/all -41.7/e0.30  noise/all -70.7/e1.00  zero/all -68.2/e0.99  random_donor/all -74.5/e1.00  removed -91.2/e0.94
graph 55: base T 100.0  average/all -0.0/e0.98  noise/all -99.9/e0.54  zero/all -99.9/e0.46  random_donor/all -10.4/e1.00  removed -100.0/e0.00
graph 56: base T 100.0  average/all -50.4/e0.44  noise/all -87.6/e0.01  zero/all -90.7/e0.80  random_donor/all -39.5/e1.00  removed -91.8/e0.10
graph 57: base T 100.0  average/all -76.8/e0.31  noise/all -2.0/e1.00  zero/all -1.2/e0.99  random_donor/all -100.0/e0.00  removed -0.7/e0.98
graph 58: base T 100.0  average/all -97.3/e0.72  noise/all -24.0/e0.85  zero/all -18.2/e0.86  random_donor/all -100.0/e0.00  removed -57.9/e1.00
graph 59: base T 100.0  average/all -99.8/e0.99  noise/all -37.0/e1.00  zero/all -65.9/e1.00  random_donor/all -67.5/e1.00  removed -11.9/e0.74
graph 60: base T 100.0  average/all -0.4/e1.00  noise/all -38.4/e0.79  zero/all -0.1/e0.68  random_donor/all -0.3/e1.00  removed -91.5/e0.42
graph 61: base T 100.0  average/all -40.6/e0.97  noise/all -19.9/e1.00  zero/all -29.8/e1.00  random_donor/all -15.1/e1.00  removed -23.8/e1.00
graph 62: base T 100.0  average/all -13.9/e0.89  noise/all -1.2/e0.00  zero/all -95.5/e0.73  random_donor/all -6.7/e1.00  removed -71.0/e0.57
graph 63: base T 99.6  average/all -0.8/e1.00  noise/all +0.4/e0.00  zero/all +0.4/e0.00  random_donor/all -5.7/e1.00  removed -4.7/e0.01
graph 64: base T 100.0  average/all -23.6/e0.98  noise/all -60.8/e1.00  zero/all -21.4/e0.99  random_donor/all -34.3/e1.00  removed -87.4/e0.99
graph 65: base T 100.0  average/all -0.2/e0.71  noise/all -3.2/e0.02  zero/all -1.0/e0.56  random_donor/all -93.4/e1.00  removed -10.0/e0.38
graph 66: base T 13.5  average/all -11.1/e1.00  noise/all +57.2/e0.18  zero/all +31.4/e0.18  random_donor/all -11.4/e1.00  removed +68.8/e0.11
graph 67: base T 100.0  average/all -18.4/e0.87  noise/all -64.4/e1.00  zero/all -36.9/e0.98  random_donor/all -0.0/e0.00  removed -85.9/e1.00
graph 68: base T 100.0  average/all -97.2/e0.62  noise/all -88.0/e0.94  zero/all -99.6/e0.98  random_donor/all -100.0/e0.00  removed -72.1/e1.00
graph 69: base T 100.0  average/all -76.1/e0.99  noise/all -6.3/e0.00  zero/all +0.0/e0.02  random_donor/all -92.0/e1.00  removed -2.2/e0.01
graph 70: base T 100.0  average/all -9.8/e0.98  noise/all -0.0/e0.00  zero/all -0.0/e0.06  random_donor/all -17.6/e1.00  removed -0.5/e0.00
graph 71: base T 100.0  average/all -51.6/e0.39  noise/all -40.6/e0.30  zero/all -95.4/e0.92  random_donor/all +0.0/e0.00  removed -40.2/e0.87
graph 72: base T 100.0  average/all -29.9/e0.96  noise/all -17.2/e1.00  zero/all -8.3/e1.00  random_donor/all -87.4/e1.00  removed -4.6/e1.00
graph 73: base T 100.0  average/all -14.2/e0.97  noise/all -99.6/e0.59  zero/all -80.6/e0.93  random_donor/all +0.0/e0.00  removed -2.8/e0.11
graph 74: base T 100.0  average/all -20.4/e0.96  noise/all -0.1/e0.66  zero/all -9.5/e0.94  random_donor/all -97.7/e1.00  removed -96.3/e0.05
graph 75: base T 95.6  average/all -28.3/e0.83  noise/all -73.7/e0.01  zero/all -32.2/e0.02  random_donor/all -31.6/e1.00  removed -89.4/e0.12
graph 76: base T 2.7  average/all +37.6/e0.60  noise/all +97.1/e0.70  zero/all +95.9/e0.92  random_donor/all -2.7/e0.00  removed +94.2/e0.73
graph 77: base T 99.9  average/all -98.6/e0.93  noise/all +0.1/e0.00  zero/all +0.1/e0.00  random_donor/all -89.0/e1.00  removed +0.1/e0.00
graph 78: base T 99.7  average/all +0.0/e0.96  noise/all -99.7/e0.01  zero/all -45.9/e0.95  random_donor/all -0.1/e1.00  removed -99.7/e0.02
graph 79: base T 100.0  average/all -37.9/e0.65  noise/all -100.0/e0.02  zero/all -99.8/e0.30  random_donor/all -100.0/e0.00  removed -99.9/e0.00
graph 80: base T 100.0  average/all -23.8/e0.75  noise/all -0.1/e0.20  zero/all -0.0/e0.38  random_donor/all -0.3/e1.00  removed -1.1/e0.95
graph 81: base T 100.0  average/all -98.4/e0.76  noise/all -0.1/e0.00  zero/all -1.1/e0.04  random_donor/all -6.7/e1.00  removed -0.3/e0.05
graph 82: base T 100.0  average/all -98.2/e0.66  noise/all -92.9/e1.00  zero/all -99.8/e0.80  random_donor/all -99.3/e1.00  removed -99.4/e0.97
graph 83: base T 100.0  average/all -0.0/e0.99  noise/all -15.0/e0.99  zero/all -5.9/e0.99  random_donor/all -42.3/e1.00  removed -98.5/e0.75
graph 84: base T 23.0  average/all +13.5/e0.49  noise/all -18.4/e1.00  zero/all +2.7/e1.00  random_donor/all +16.4/e1.00  removed -20.0/e0.63
graph 85: base T 100.0  average/all -19.1/e0.59  noise/all -11.7/e0.51  zero/all -1.8/e0.44  random_donor/all -80.3/e1.00  removed -22.0/e0.95
graph 86: base T 99.9  average/all -99.9/e0.79  noise/all -92.0/e0.02  zero/all -99.6/e0.04  random_donor/all -94.9/e0.99  removed -94.5/e0.03
graph 87: base T 100.0  average/all -0.0/e0.80  noise/all -100.0/e0.00  zero/all -100.0/e0.00  random_donor/all -14.2/e1.00  removed -72.3/e0.02
graph 88: base T 100.0  average/all -30.6/e0.76  noise/all -90.9/e1.00  zero/all -52.1/e1.00  random_donor/all +0.0/e0.00  removed -99.1/e0.13
graph 89: base T 99.5  average/all +0.4/e0.99  noise/all -99.5/e0.21  zero/all -99.5/e0.60  random_donor/all +0.5/e0.00  removed -98.8/e0.17
graph 90: base T 99.7  average/all -68.3/e0.99  noise/all -73.7/e1.00  zero/all -17.9/e0.77  random_donor/all -2.5/e1.00  removed -58.2/e1.00
graph 91: base T 21.7  average/all -3.3/e0.64  noise/all -18.8/e0.26  zero/all -12.7/e0.90  random_donor/all +78.3/e0.00  removed +20.6/e0.91
graph 92: base T 100.0  average/all -18.3/e0.61  noise/all -0.2/e0.84  zero/all -2.8/e1.00  random_donor/all -85.9/e1.00  removed -0.4/e0.93
graph 93: base T 100.0  average/all -0.8/e0.52  noise/all -99.3/e0.01  zero/all -89.0/e0.04  random_donor/all -96.4/e1.00  removed -93.6/e0.01
graph 94: base T 99.9  average/all -8.0/e0.68  noise/all -4.4/e0.92  zero/all -3.5/e0.92  random_donor/all -16.4/e1.00  removed -74.4/e0.02
graph 95: base T 99.9  average/all +0.0/e0.94  noise/all -74.3/e0.54  zero/all -99.8/e0.49  random_donor/all -95.7/e1.00  removed -79.8/e0.87
graph 96: base T 100.0  average/all -67.0/e0.67  noise/all -3.2/e0.02  zero/all -1.3/e0.01  random_donor/all -90.2/e1.00  removed -68.9/e1.00
graph 97: base T 100.0  average/all -3.4/e0.88  noise/all -34.8/e1.00  zero/all -2.5/e0.99  random_donor/all -19.8/e1.00  removed -94.2/e0.72
graph 98: base T 100.0  average/all -1.6/e0.98  noise/all -99.9/e0.43  zero/all -90.9/e0.73  random_donor/all -13.5/e1.00  removed -99.8/e0.13
graph 99: base T 100.0  average/all -0.9/e0.55  noise/all -99.2/e0.78  zero/all -97.5/e0.45  random_donor/all -51.1/e1.00  removed -98.6/e0.01
written: /Users/ecaterina/Developer/phoenix/results/seed3/necessity_n100.json
