train graph 0: base T 100.0  matched_donor/intermediates -99.6/e0.00  matched_donor/final -100.0/e0.00  same_answer_donor/intermediates -98.3/e0.00  label_swap/intermediates -98.6/e0.00  random_donor/intermediates -99.2/e0.47
train graph 1: base T 99.9  matched_donor/intermediates -99.9/e0.00  matched_donor/final -99.9/e0.00  same_answer_donor/intermediates -95.6/e0.00  label_swap/intermediates -0.0/e0.00  random_donor/intermediates -99.7/e1.00
train graph 2: base T 100.0  matched_donor/intermediates -25.8/e0.01  matched_donor/final -99.9/e0.00  same_answer_donor/intermediates -45.0/e0.03  label_swap/intermediates -0.0/e0.00  random_donor/intermediates -0.0/e0.86
train graph 3: base T 100.0  matched_donor/intermediates -3.8/e0.85  matched_donor/final -95.6/e0.00  same_answer_donor/intermediates -0.0/e0.00  label_swap/intermediates -0.0/e0.00  random_donor/intermediates -0.3/e1.00
train graph 4: base T 100.0  matched_donor/intermediates -98.5/e0.00  matched_donor/final -99.7/e0.00  same_answer_donor/intermediates -0.0/e0.00  label_swap/intermediates -0.0/e0.00  random_donor/intermediates +0.0/e0.68
train graph 5: base T 99.8  matched_donor/intermediates -99.7/e0.01  matched_donor/final -99.3/e0.28  same_answer_donor/intermediates -80.4/e0.07  label_swap/intermediates +0.1/e0.00  random_donor/intermediates -99.8/e0.26
train graph 6: base T 100.0  matched_donor/intermediates -100.0/e0.00  matched_donor/final -100.0/e0.00  same_answer_donor/intermediates -91.8/e0.07  label_swap/intermediates -0.0/e0.00  random_donor/intermediates -100.0/e0.18
train graph 7: base T 100.0  matched_donor/intermediates -0.6/e0.93  matched_donor/final -97.9/e0.00  same_answer_donor/intermediates -6.3/e0.00  label_swap/intermediates -0.0/e0.00  random_donor/intermediates -22.5/e1.00
train graph 8: base T 99.9  matched_donor/intermediates -98.3/e0.00  matched_donor/final -99.8/e0.00  same_answer_donor/intermediates +0.1/e0.00  label_swap/intermediates +0.0/e0.00  random_donor/intermediates -99.5/e0.01
train graph 9: base T 100.0  matched_donor/intermediates -84.1/e0.00  matched_donor/final -99.8/e0.00  same_answer_donor/intermediates -1.2/e0.03  label_swap/intermediates -0.0/e0.00  random_donor/intermediates -99.6/e0.06
train graph 10: base T 99.8  matched_donor/intermediates -99.8/e0.00  matched_donor/final -99.8/e0.00  same_answer_donor/intermediates +0.1/e0.00  label_swap/intermediates +0.1/e0.00  random_donor/intermediates +0.1/e0.01
train graph 11: base T 100.0  matched_donor/intermediates -100.0/e0.00  matched_donor/final -100.0/e0.00  same_answer_donor/intermediates -0.0/e0.01  label_swap/intermediates -0.0/e0.00  random_donor/intermediates -75.0/e1.00
train graph 12: base T 100.0  matched_donor/intermediates -26.8/e0.00  matched_donor/final -100.0/e0.00  same_answer_donor/intermediates -99.6/e0.00  label_swap/intermediates -0.0/e0.00  random_donor/intermediates +0.0/e0.00
train graph 13: base T 100.0  matched_donor/intermediates -1.4/e0.00  matched_donor/final -99.8/e0.00  same_answer_donor/intermediates -99.8/e0.00  label_swap/intermediates -0.0/e0.00  random_donor/intermediates -0.0/e0.05
train graph 14: base T 100.0  matched_donor/intermediates -75.0/e0.20  matched_donor/final -100.0/e0.00  same_answer_donor/intermediates +0.0/e0.00  label_swap/intermediates +0.0/e0.00  random_donor/intermediates -11.6/e1.00
train graph 15: base T 100.0  matched_donor/intermediates -100.0/e0.00  matched_donor/final -100.0/e0.00  same_answer_donor/intermediates -100.0/e0.00  label_swap/intermediates -0.0/e0.00  random_donor/intermediates -99.9/e1.00
train graph 16: base T 100.0  matched_donor/intermediates -100.0/e0.00  matched_donor/final -100.0/e0.00  same_answer_donor/intermediates -29.5/e0.12  label_swap/intermediates -0.0/e0.00  random_donor/intermediates -98.2/e0.89
train graph 17: base T 99.7  matched_donor/intermediates -79.1/e0.07  matched_donor/final -99.7/e0.00  same_answer_donor/intermediates -89.0/e0.00  label_swap/intermediates -0.0/e0.00  random_donor/intermediates -90.3/e1.00
train graph 18: base T 100.0  matched_donor/intermediates -100.0/e0.00  matched_donor/final -100.0/e0.00  same_answer_donor/intermediates -99.9/e0.00  label_swap/intermediates -0.0/e0.00  random_donor/intermediates -0.8/e0.26
train graph 19: base T 99.9  matched_donor/intermediates -76.0/e0.39  matched_donor/final -99.9/e0.00  same_answer_donor/intermediates -1.0/e0.00  label_swap/intermediates +0.0/e0.00  random_donor/intermediates -64.2/e1.00
train graph 20: base T 100.0  matched_donor/intermediates -99.0/e0.00  matched_donor/final -100.0/e0.00  same_answer_donor/intermediates -85.3/e0.00  label_swap/intermediates -0.0/e0.00  random_donor/intermediates -73.9/e1.00
train graph 21: base T 100.0  matched_donor/intermediates -99.0/e0.00  matched_donor/final -100.0/e0.00  same_answer_donor/intermediates -0.0/e0.00  label_swap/intermediates -0.0/e0.00  random_donor/intermediates -8.9/e0.98
train graph 22: base T 100.0  matched_donor/intermediates -95.4/e0.00  matched_donor/final -100.0/e0.00  same_answer_donor/intermediates -0.2/e0.00  label_swap/intermediates -0.0/e0.00  random_donor/intermediates -100.0/e0.00
train graph 23: base T 100.0  matched_donor/intermediates -99.9/e0.03  matched_donor/final -100.0/e0.00  label_swap/intermediates +0.0/e0.00  random_donor/intermediates -99.9/e0.91
train graph 24: base T 100.0  matched_donor/intermediates -100.0/e0.00  matched_donor/final -100.0/e0.00  same_answer_donor/intermediates -0.0/e0.00  label_swap/intermediates -0.0/e0.00  random_donor/intermediates +0.0/e0.01
train graph 25: base T 100.0  matched_donor/intermediates -100.0/e0.00  matched_donor/final -100.0/e0.00  same_answer_donor/intermediates -90.3/e0.21  label_swap/intermediates -0.0/e0.00  random_donor/intermediates -93.2/e1.00
train graph 26: base T 100.0  matched_donor/intermediates -96.0/e0.00  matched_donor/final -100.0/e0.00  same_answer_donor/intermediates -56.6/e0.76  label_swap/intermediates +0.0/e0.00  random_donor/intermediates -100.0/e0.03
train graph 27: base T 100.0  matched_donor/intermediates -0.1/e0.00  matched_donor/final -100.0/e0.00  same_answer_donor/intermediates -0.0/e0.01  label_swap/intermediates -0.0/e0.00  random_donor/intermediates -46.5/e1.00
train graph 28: base T 100.0  matched_donor/intermediates -24.9/e0.99  matched_donor/final -99.7/e0.00  same_answer_donor/intermediates -0.0/e0.01  label_swap/intermediates -0.0/e0.00  random_donor/intermediates -0.2/e0.84
train graph 29: base T 100.0  matched_donor/intermediates -100.0/e0.00  matched_donor/final -100.0/e0.00  same_answer_donor/intermediates -99.6/e0.00  label_swap/intermediates -0.0/e0.00  random_donor/intermediates -93.0/e1.00
train graph 30: base T 100.0  matched_donor/intermediates -96.7/e0.17  matched_donor/final -97.2/e0.00  same_answer_donor/intermediates -0.0/e0.00  label_swap/intermediates -0.4/e0.00  random_donor/intermediates -79.3/e1.00
train graph 31: base T 100.0  same_answer_donor/intermediates +0.0/e0.00  label_swap/intermediates -0.0/e0.00  random_donor/intermediates +0.0/e0.00
train graph 32: base T 100.0  matched_donor/intermediates -90.8/e0.30  matched_donor/final -99.8/e0.01  same_answer_donor/intermediates +0.0/e0.00  label_swap/intermediates -0.0/e0.00  random_donor/intermediates -50.0/e1.00
train graph 33: base T 100.0  matched_donor/intermediates -100.0/e0.87  matched_donor/final -100.0/e0.00  same_answer_donor/intermediates -4.9/e0.09  label_swap/intermediates -0.0/e0.00  random_donor/intermediates -100.0/e0.04
train graph 34: base T 100.0  matched_donor/intermediates -0.4/e0.00  matched_donor/final -100.0/e0.00  same_answer_donor/intermediates -0.2/e0.00  label_swap/intermediates -0.0/e0.00  random_donor/intermediates -0.0/e0.11
train graph 35: base T 100.0  matched_donor/intermediates -96.7/e0.00  matched_donor/final -100.0/e0.00  same_answer_donor/intermediates -99.9/e0.00  label_swap/intermediates -0.0/e0.00  random_donor/intermediates -97.5/e0.78
train graph 36: base T 100.0  matched_donor/intermediates -86.2/e0.02  matched_donor/final -99.7/e0.00  same_answer_donor/intermediates -98.8/e0.00  label_swap/intermediates +0.0/e0.00  random_donor/intermediates -0.2/e0.74
train graph 37: base T 100.0  matched_donor/intermediates -9.0/e0.00  matched_donor/final -0.1/e0.00  same_answer_donor/intermediates +0.0/e0.00  label_swap/intermediates -0.0/e0.00  random_donor/intermediates -33.8/e0.53
train graph 38: base T 100.0  matched_donor/intermediates -0.0/e0.00  matched_donor/final -100.0/e0.00  same_answer_donor/intermediates -0.0/e0.00  label_swap/intermediates -0.0/e0.00  random_donor/intermediates -100.0/e0.99
train graph 39: base T 100.0  matched_donor/intermediates -0.2/e0.00  matched_donor/final -100.0/e0.00  same_answer_donor/intermediates -1.0/e0.03  label_swap/intermediates -0.6/e0.00  random_donor/intermediates -10.1/e0.97
train graph 40: base T 100.0  matched_donor/intermediates -79.0/e0.00  matched_donor/final -44.4/e0.13  same_answer_donor/intermediates +0.0/e0.00  label_swap/intermediates -0.4/e0.01  random_donor/intermediates -91.7/e0.99
train graph 41: base T 99.9  matched_donor/intermediates -99.9/e0.00  matched_donor/final -99.9/e0.00  same_answer_donor/intermediates -96.7/e0.00  label_swap/intermediates -0.0/e0.00  random_donor/intermediates -99.5/e0.60
train graph 42: base T 100.0  matched_donor/intermediates -0.1/e0.05  matched_donor/final -99.9/e0.00  same_answer_donor/intermediates -0.0/e0.01  label_swap/intermediates -0.0/e0.00  random_donor/intermediates -0.1/e0.38
train graph 43: base T 100.0  matched_donor/intermediates -97.0/e0.00  matched_donor/final -99.9/e0.00  same_answer_donor/intermediates -87.2/e0.08  label_swap/intermediates -0.0/e0.00  random_donor/intermediates -0.2/e0.94
train graph 44: base T 100.0  matched_donor/intermediates -100.0/e0.00  matched_donor/final -100.0/e0.00  same_answer_donor/intermediates -0.6/e0.02  label_swap/intermediates -0.0/e0.00  random_donor/intermediates -35.3/e1.00
train graph 45: base T 100.0  matched_donor/intermediates -0.7/e0.01  matched_donor/final -100.0/e0.00  same_answer_donor/intermediates -0.0/e0.00  label_swap/intermediates -0.0/e0.00  random_donor/intermediates -1.3/e1.00
train graph 46: base T 100.0  matched_donor/intermediates -5.0/e0.03  matched_donor/final -99.9/e0.00  same_answer_donor/intermediates -19.4/e0.00  label_swap/intermediates -0.1/e0.00  random_donor/intermediates -3.2/e0.99
train graph 47: base T 100.0  matched_donor/intermediates -0.0/e0.00  matched_donor/final -100.0/e0.00  same_answer_donor/intermediates -0.9/e0.00  label_swap/intermediates +0.0/e0.00  random_donor/intermediates -0.0/e0.02
train graph 48: base T 100.0  matched_donor/intermediates -36.9/e0.00  matched_donor/final -100.0/e0.00  same_answer_donor/intermediates -99.7/e0.00  label_swap/intermediates -0.0/e0.00  random_donor/intermediates -97.3/e1.00
train graph 49: base T 100.0  same_answer_donor/intermediates +0.0/e0.00  label_swap/intermediates -0.1/e0.01  random_donor/intermediates -10.9/e1.00
train graph 50: base T 99.8  matched_donor/intermediates -99.8/e0.00  matched_donor/final -99.5/e0.00  same_answer_donor/intermediates +0.1/e0.00  label_swap/intermediates +0.1/e0.00  random_donor/intermediates -88.0/e1.00
train graph 51: base T 100.0  matched_donor/intermediates -99.9/e0.00  matched_donor/final -99.2/e0.00  same_answer_donor/intermediates -6.0/e0.00  label_swap/intermediates -0.0/e0.00  random_donor/intermediates -99.9/e0.00
train graph 52: base T 100.0  matched_donor/intermediates -2.2/e0.03  matched_donor/final -100.0/e0.00  same_answer_donor/intermediates -0.0/e0.00  label_swap/intermediates -0.0/e0.00  random_donor/intermediates -1.8/e0.68
train graph 53: base T 100.0  matched_donor/intermediates -43.5/e0.03  matched_donor/final -99.4/e0.00  same_answer_donor/intermediates -0.0/e0.00  label_swap/intermediates -0.2/e0.00  random_donor/intermediates -99.6/e1.00
train graph 54: base T 100.0  matched_donor/intermediates -0.0/e0.00  matched_donor/final -100.0/e0.00  same_answer_donor/intermediates -92.8/e0.02  label_swap/intermediates -0.0/e0.00  random_donor/intermediates -0.0/e0.04
train graph 55: base T 100.0  matched_donor/intermediates -98.3/e0.00  matched_donor/final -90.7/e0.01  same_answer_donor/intermediates -5.8/e0.00  label_swap/intermediates -0.1/e0.00  random_donor/intermediates -0.0/e0.00
train graph 56: base T 100.0  matched_donor/intermediates -61.6/e0.00  matched_donor/final -98.5/e0.00  same_answer_donor/intermediates +0.0/e0.00  label_swap/intermediates -0.1/e0.00  random_donor/intermediates +0.0/e0.01
train graph 57: base T 100.0  matched_donor/intermediates -3.0/e0.00  matched_donor/final -98.9/e0.00  same_answer_donor/intermediates -41.2/e0.00  label_swap/intermediates -0.1/e0.00  random_donor/intermediates -0.4/e0.04
train graph 58: base T 100.0  matched_donor/intermediates -1.7/e0.01  matched_donor/final -99.9/e0.00  same_answer_donor/intermediates -0.0/e0.00  label_swap/intermediates -0.0/e0.00  random_donor/intermediates -1.4/e1.00
train graph 59: base T 100.0  matched_donor/intermediates -99.4/e0.01  matched_donor/final -100.0/e0.00  same_answer_donor/intermediates -98.4/e0.00  label_swap/intermediates -0.0/e0.00  random_donor/intermediates -21.3/e1.00
train graph 60: base T 99.2  matched_donor/intermediates -99.2/e0.01  matched_donor/final -99.2/e0.00  same_answer_donor/intermediates -0.4/e0.01  label_swap/intermediates +0.3/e0.00  random_donor/intermediates -99.2/e0.40
train graph 61: base T 100.0  matched_donor/intermediates -99.3/e0.00  matched_donor/final -99.9/e0.00  same_answer_donor/intermediates +0.0/e0.00  label_swap/intermediates -0.0/e0.00  random_donor/intermediates +0.0/e0.00
train graph 62: base T 100.0  matched_donor/intermediates -1.9/e1.00  matched_donor/final -100.0/e0.00  same_answer_donor/intermediates -0.1/e0.00  label_swap/intermediates -0.0/e0.00  random_donor/intermediates -1.4/e1.00
train graph 63: base T 100.0  matched_donor/intermediates -100.0/e0.00  matched_donor/final -100.0/e0.00  same_answer_donor/intermediates -7.4/e0.51  label_swap/intermediates -0.0/e0.00  random_donor/intermediates -99.2/e1.00
train graph 64: base T 100.0  label_swap/intermediates -0.0/e0.00  random_donor/intermediates -0.0/e0.16
train graph 65: base T 100.0  matched_donor/intermediates -0.3/e0.04  matched_donor/final -99.9/e0.00  same_answer_donor/intermediates -0.0/e0.00  label_swap/intermediates -0.0/e0.00  random_donor/intermediates -0.0/e0.29
train graph 66: base T 98.9  matched_donor/intermediates -98.9/e0.00  matched_donor/final -98.6/e0.00  same_answer_donor/intermediates +0.5/e0.00  label_swap/intermediates +0.1/e0.00  random_donor/intermediates -6.9/e0.98
train graph 67: base T 100.0  matched_donor/intermediates -32.1/e0.06  matched_donor/final -84.5/e0.00  same_answer_donor/intermediates -1.8/e0.06  label_swap/intermediates -0.0/e0.00  random_donor/intermediates -12.8/e1.00
train graph 68: base T 99.9  matched_donor/intermediates -98.1/e0.00  matched_donor/final -99.7/e0.00  same_answer_donor/intermediates +0.0/e0.00  label_swap/intermediates -0.0/e0.00  random_donor/intermediates +0.1/e0.05
train graph 69: base T 100.0  matched_donor/intermediates -42.9/e0.99  matched_donor/final -100.0/e0.00  same_answer_donor/intermediates -0.0/e0.00  label_swap/intermediates -28.4/e0.00  random_donor/intermediates -0.0/e0.99
train graph 70: base T 100.0  same_answer_donor/intermediates -0.2/e0.03  label_swap/intermediates -0.0/e0.00  random_donor/intermediates -36.6/e1.00
train graph 71: base T 100.0  matched_donor/intermediates -0.9/e0.01  matched_donor/final -98.0/e0.00  same_answer_donor/intermediates -2.9/e0.03  label_swap/intermediates -0.0/e0.00  random_donor/intermediates -0.4/e0.96
train graph 72: base T 100.0  matched_donor/intermediates -7.3/e0.33  matched_donor/final -99.9/e0.00  same_answer_donor/intermediates +0.0/e0.00  label_swap/intermediates -0.0/e0.00  random_donor/intermediates +0.0/e0.00
train graph 73: base T 100.0  matched_donor/intermediates -99.9/e0.00  matched_donor/final -100.0/e0.00  same_answer_donor/intermediates -3.1/e0.01  label_swap/intermediates -0.1/e0.00  random_donor/intermediates -6.7/e1.00
train graph 74: base T 100.0  matched_donor/intermediates -94.9/e0.00  matched_donor/final -99.0/e0.00  same_answer_donor/intermediates -96.0/e0.00  label_swap/intermediates -6.1/e0.00  random_donor/intermediates -97.4/e0.14
train graph 75: base T 100.0  matched_donor/intermediates -26.3/e0.00  matched_donor/final -99.9/e0.00  same_answer_donor/intermediates -9.5/e0.00  label_swap/intermediates -0.0/e0.00  random_donor/intermediates -70.1/e1.00
train graph 76: base T 100.0  matched_donor/intermediates -100.0/e0.00  matched_donor/final -100.0/e0.00  same_answer_donor/intermediates -99.9/e0.02  label_swap/intermediates -2.2/e0.00  random_donor/intermediates -100.0/e0.82
train graph 77: base T 100.0  matched_donor/intermediates -99.7/e0.02  matched_donor/final -93.0/e0.01  same_answer_donor/intermediates -0.0/e0.00  label_swap/intermediates +0.0/e0.00  random_donor/intermediates -86.7/e1.00
train graph 78: base T 99.9  matched_donor/intermediates -82.3/e0.01  matched_donor/final -99.9/e0.00  same_answer_donor/intermediates -31.7/e0.24  label_swap/intermediates -0.0/e0.00  random_donor/intermediates -97.8/e1.00
train graph 79: base T 100.0  matched_donor/intermediates -98.3/e0.00  matched_donor/final -99.8/e0.00  same_answer_donor/intermediates -40.3/e0.01  label_swap/intermediates -0.0/e0.00  random_donor/intermediates -99.0/e0.07
train graph 80: base T 100.0  matched_donor/intermediates -0.0/e0.00  matched_donor/final -99.1/e0.00  same_answer_donor/intermediates -1.8/e0.05  label_swap/intermediates -0.1/e0.00  random_donor/intermediates -1.5/e1.00
train graph 81: base T 100.0  matched_donor/intermediates -0.1/e0.49  matched_donor/final -99.9/e0.00  same_answer_donor/intermediates -0.4/e0.11  label_swap/intermediates -0.0/e0.00  random_donor/intermediates -19.5/e0.98
train graph 82: base T 100.0  matched_donor/intermediates -97.5/e0.08  matched_donor/final -0.0/e0.00  same_answer_donor/intermediates +0.0/e0.00  label_swap/intermediates -0.0/e0.00  random_donor/intermediates -0.0/e0.00
train graph 83: base T 100.0  matched_donor/intermediates -42.2/e0.23  matched_donor/final -100.0/e0.00  same_answer_donor/intermediates -4.3/e0.01  label_swap/intermediates +0.0/e0.00  random_donor/intermediates -100.0/e0.00
train graph 84: base T 100.0  matched_donor/intermediates -100.0/e0.00  matched_donor/final -100.0/e0.00  same_answer_donor/intermediates -53.6/e0.02  label_swap/intermediates -0.4/e0.00  random_donor/intermediates -0.5/e0.01
train graph 85: base T 100.0  matched_donor/intermediates -98.2/e0.18  matched_donor/final -100.0/e0.00  same_answer_donor/intermediates -93.9/e0.00  label_swap/intermediates +0.0/e0.00  random_donor/intermediates -21.9/e0.08
train graph 86: base T 100.0  matched_donor/intermediates -98.1/e0.00  matched_donor/final -100.0/e0.00  same_answer_donor/intermediates +0.0/e0.00  label_swap/intermediates -0.0/e0.00  random_donor/intermediates -3.6/e1.00
train graph 87: base T 100.0  matched_donor/intermediates -33.1/e0.02  matched_donor/final -99.9/e0.00  same_answer_donor/intermediates -0.0/e0.00  label_swap/intermediates -4.7/e0.00  random_donor/intermediates -12.5/e1.00
train graph 88: base T 100.0  matched_donor/intermediates -0.0/e0.00  matched_donor/final -100.0/e0.00  same_answer_donor/intermediates -99.2/e0.00  label_swap/intermediates +0.0/e0.00  random_donor/intermediates -3.1/e0.76
train graph 89: base T 100.0  matched_donor/intermediates -98.3/e0.00  matched_donor/final -100.0/e0.00  same_answer_donor/intermediates -11.3/e0.00  label_swap/intermediates -0.0/e0.00  random_donor/intermediates -0.8/e0.99
train graph 90: base T 100.0  matched_donor/intermediates -25.8/e0.01  matched_donor/final -99.7/e0.00  same_answer_donor/intermediates -62.1/e0.00  label_swap/intermediates -0.5/e0.00  random_donor/intermediates -1.4/e1.00
train graph 91: base T 100.0  matched_donor/intermediates -1.4/e0.56  matched_donor/final -100.0/e0.00  same_answer_donor/intermediates -0.0/e0.14  label_swap/intermediates -0.0/e0.00  random_donor/intermediates -98.7/e1.00
train graph 92: base T 100.0  matched_donor/intermediates -100.0/e0.01  matched_donor/final -100.0/e0.00  same_answer_donor/intermediates -84.2/e0.00  label_swap/intermediates -0.0/e0.00  random_donor/intermediates -99.1/e1.00
train graph 93: base T 100.0  matched_donor/intermediates -12.1/e0.01  matched_donor/final -100.0/e0.00  same_answer_donor/intermediates -0.0/e0.00  label_swap/intermediates -13.6/e0.01  random_donor/intermediates -99.8/e0.99
train graph 94: base T 100.0  matched_donor/intermediates -0.0/e0.00  matched_donor/final -100.0/e0.00  same_answer_donor/intermediates -0.1/e0.05  label_swap/intermediates -0.1/e0.00  random_donor/intermediates -85.6/e0.01
train graph 95: base T 100.0  matched_donor/intermediates -99.8/e0.38  matched_donor/final -100.0/e0.00  same_answer_donor/intermediates -0.0/e0.00  label_swap/intermediates -0.0/e0.00  random_donor/intermediates -3.9/e1.00
train graph 96: base T 100.0  matched_donor/intermediates -96.5/e0.01  matched_donor/final -100.0/e0.00  same_answer_donor/intermediates -0.3/e0.00  label_swap/intermediates -0.0/e0.00  random_donor/intermediates -100.0/e0.44
train graph 97: base T 100.0  matched_donor/intermediates -100.0/e0.00  matched_donor/final -97.8/e0.00  same_answer_donor/intermediates +0.0/e0.00  label_swap/intermediates +0.0/e0.00  random_donor/intermediates -0.2/e0.77
train graph 98: base T 100.0  matched_donor/intermediates -93.1/e0.00  matched_donor/final -100.0/e0.00  same_answer_donor/intermediates +0.0/e0.00  label_swap/intermediates -0.0/e0.00  random_donor/intermediates -14.0/e1.00
train graph 99: base T 100.0  matched_donor/intermediates -99.1/e0.00  matched_donor/final -99.9/e0.00  same_answer_donor/intermediates -0.0/e0.00  label_swap/intermediates -0.1/e0.00  random_donor/intermediates -40.0/e0.84
written: /Users/ecaterina/Developer/phoenix/results/seed0/baseline_transplant_n100.json
