eval graph 0: base T 0.0  subtract_answer/input_embedding +0.00  subtract_answer/random_matched -0.00  subtract_sibling/input_embedding +0.00  subtract_answer/probe +0.00
eval graph 1: base T 100.0  subtract_answer/input_embedding -0.00  subtract_answer/random_matched +0.00  subtract_sibling/input_embedding -0.00  subtract_answer/probe -0.00
eval graph 2: base T 0.0  subtract_answer/input_embedding -0.00  subtract_answer/random_matched -0.00  subtract_sibling/input_embedding -0.00  subtract_answer/probe -0.00
eval graph 3: base T 44.5  subtract_answer/input_embedding -0.23  subtract_answer/random_matched +1.07  subtract_sibling/input_embedding -41.41  subtract_answer/probe +0.46
eval graph 4: base T 0.0  subtract_answer/input_embedding -0.00  subtract_answer/random_matched +0.00  subtract_sibling/input_embedding -0.00  subtract_answer/probe -0.00
eval graph 5: base T 0.2  subtract_answer/input_embedding -0.02  subtract_answer/random_matched -0.00  subtract_sibling/input_embedding -0.00  subtract_answer/probe +0.08
eval graph 6: base T 0.7  subtract_answer/input_embedding -0.08  subtract_answer/random_matched +0.07  subtract_sibling/input_embedding +0.43  subtract_answer/probe +0.08
eval graph 7: base T 20.2  subtract_answer/input_embedding +9.37  subtract_answer/random_matched -0.39  subtract_sibling/input_embedding +2.58  subtract_answer/probe +0.79
eval graph 8: base T 0.0  subtract_answer/input_embedding +0.00  subtract_answer/random_matched -0.00  subtract_sibling/input_embedding +0.00
eval graph 9: base T 100.0  subtract_answer/input_embedding -0.00  subtract_answer/random_matched +0.00  subtract_sibling/input_embedding -0.00
written: /Users/ecaterina/Developer/phoenix/results/seed0/baseline_subtraction_pilot.json
train graph 0: base T 100.0  matched_donor/intermediates -98.3/e0.00  label_swap/intermediates -98.6/e0.00  random_donor/intermediates -99.2/e0.47
train graph 1: base T 99.9  matched_donor/intermediates -95.6/e0.00  label_swap/intermediates -0.0/e0.00  random_donor/intermediates -99.7/e1.00
train graph 2: base T 100.0  matched_donor/intermediates -45.0/e0.03  label_swap/intermediates -0.0/e0.00  random_donor/intermediates -0.0/e0.86
train graph 3: base T 100.0  matched_donor/intermediates -0.0/e0.00  label_swap/intermediates -0.0/e0.00  random_donor/intermediates -0.3/e1.00
train graph 4: base T 100.0  matched_donor/intermediates -0.0/e0.00  label_swap/intermediates -0.0/e0.00  random_donor/intermediates +0.0/e0.68
train graph 5: base T 99.8  matched_donor/intermediates -80.4/e0.07  label_swap/intermediates +0.1/e0.00  random_donor/intermediates -99.8/e0.26
train graph 6: base T 100.0  matched_donor/intermediates -91.8/e0.07  label_swap/intermediates -0.0/e0.00  random_donor/intermediates -100.0/e0.18
train graph 7: base T 100.0  matched_donor/intermediates -6.3/e0.00  label_swap/intermediates -0.0/e0.00  random_donor/intermediates -22.5/e1.00
train graph 8: base T 99.9  matched_donor/intermediates +0.1/e0.00  label_swap/intermediates +0.0/e0.00  random_donor/intermediates -99.5/e0.01
train graph 9: base T 100.0  matched_donor/intermediates -1.2/e0.03  label_swap/intermediates -0.0/e0.00  random_donor/intermediates -99.6/e0.06
written: /Users/ecaterina/Developer/phoenix/results/seed0/baseline_transplant_pilot.json
/Users/ecaterina/Developer/phoenix/src/phoenix/edits.py:107: UserWarning: The operator 'aten::linalg_svd' is not currently supported on the MPS backend and will fall back to run on the CPU. This may have performance implications. (Triggered internally at /Users/runner/work/pytorch/pytorch/pytorch/aten/src/ATen/mps/MPSFallback.mm:13.)
  Vp = torch.linalg.pinv(V)  # (2, 768)
train graph 0: base T 100.0  swap_final -100.0  swap_intermediates -0.0
train graph 1: base T 99.9  swap_final -99.9  swap_intermediates -0.0
train graph 2: base T 100.0  swap_final -100.0  swap_intermediates -0.0
train graph 3: base T 100.0  swap_final -100.0  swap_intermediates -0.0
train graph 4: base T 100.0  swap_final -100.0  swap_intermediates +0.0
train graph 5: base T 99.8  swap_final -99.7  swap_intermediates -0.0
train graph 6: base T 100.0  swap_final -100.0  swap_intermediates -0.0
train graph 7: base T 100.0  swap_final -100.0  swap_intermediates -0.0
train graph 8: base T 99.9  swap_final -99.8  swap_intermediates -0.1
train graph 9: base T 100.0  swap_final -100.0  swap_intermediates -0.2
written: /Users/ecaterina/Developer/phoenix/results/seed0/baseline_swap_pilot.json
