`GPT2SdpaAttention` is used but `torch.nn.functional.scaled_dot_product_attention` does not support `output_attentions=True` or `head_mask`. Falling back to the manual attention implementation, but specifying the manual implementation will be required from Transformers version v5.0.0 onwards. This warning can be removed using the argument `attn_implementation="eager"` when loading the model.
graph 0: base T 100.0  donor/edges/k/L2 -22.7/e0.17  donor/edges/v/L2 -0.0/e0.01  donor/latents_intermediate/kv/both +0.0/e0.00  random_graph/edges/k/L2 -12.4/e0.17
graph 1: base T 100.0  donor/edges/k/L2 -98.9/e0.00  donor/edges/v/L2 -100.0/e0.00  donor/latents_intermediate/kv/both +0.0/e0.00  random_graph/edges/k/L2 -93.1/e0.00
graph 2: base T 99.5  donor/edges/k/L2 -99.5/e0.00  donor/edges/v/L2 -57.6/e0.02  donor/latents_intermediate/kv/both -0.0/e0.00  random_graph/edges/k/L2 -98.8/e0.04
graph 3: base T 2.4  donor/edges/k/L2 -2.4/e0.01  donor/edges/v/L2 +53.0/e0.11  donor/latents_intermediate/kv/both -0.2/e0.00  random_graph/edges/k/L2 -2.2/e0.00
graph 4: base T 100.0  donor/edges/k/L2 -96.7/e0.08  donor/edges/v/L2 -67.9/e0.08  donor/latents_intermediate/kv/both +0.0/e0.00  random_graph/edges/k/L2 -16.7/e0.00
graph 5: base T 100.0  donor/edges/k/L2 -1.8/e0.00  donor/edges/v/L2 -99.9/e0.00  donor/latents_intermediate/kv/both -0.0/e0.00  random_graph/edges/k/L2 -87.0/e0.01
graph 6: base T 100.0  donor/edges/k/L2 -0.0/e0.00  donor/edges/v/L2 -0.0/e0.00  donor/latents_intermediate/kv/both -0.0/e0.00  random_graph/edges/k/L2 -0.0/e0.00
graph 7: base T 3.8  donor/edges/k/L2 +32.2/e0.00  donor/edges/v/L2 -3.0/e0.01  donor/latents_intermediate/kv/both -1.0/e0.12  random_graph/edges/k/L2 -2.7/e0.00
graph 8: base T 100.0  donor/edges/k/L2 -0.0/e0.00  donor/edges/v/L2 -0.0/e0.00  donor/latents_intermediate/kv/both +0.0/e0.00  random_graph/edges/k/L2 -43.8/e0.02
graph 9: base T 100.0  donor/edges/k/L2 -88.0/e0.00  donor/edges/v/L2 -32.7/e0.00  donor/latents_intermediate/kv/both +0.0/e0.00  random_graph/edges/k/L2 -86.6/e0.00
graph 10: base T 99.1  donor/edges/k/L2 -69.4/e0.00  donor/edges/v/L2 -0.1/e0.00  donor/latents_intermediate/kv/both -0.3/e0.00  random_graph/edges/k/L2 -4.5/e0.00
graph 11: base T 100.0  donor/edges/k/L2 -87.4/e0.00  donor/edges/v/L2 -28.7/e0.03  donor/latents_intermediate/kv/both -0.0/e0.00  random_graph/edges/k/L2 +0.0/e0.00
graph 12: base T 100.0  donor/edges/k/L2 -0.1/e0.06  donor/edges/v/L2 -0.0/e0.00  donor/latents_intermediate/kv/both +0.0/e0.00  random_graph/edges/k/L2 -0.7/e0.05
graph 13: base T 100.0  donor/edges/k/L2 -61.5/e0.07  donor/edges/v/L2 -95.6/e0.00  donor/latents_intermediate/kv/both -0.0/e0.00  random_graph/edges/k/L2 -0.2/e0.00
graph 14: base T 99.9  donor/edges/k/L2 -91.3/e0.00  donor/edges/v/L2 -76.7/e0.00  donor/latents_intermediate/kv/both +0.0/e0.00  random_graph/edges/k/L2 -44.9/e0.00
graph 15: base T 75.4  donor/edges/k/L2 -56.7/e0.00  donor/edges/v/L2 +24.5/e0.00  donor/latents_intermediate/kv/both -0.3/e0.07  random_graph/edges/k/L2 +24.4/e0.00
graph 16: base T 100.0  donor/edges/k/L2 -0.1/e0.03  donor/edges/v/L2 -1.2/e0.01  donor/latents_intermediate/kv/both +0.0/e0.00  random_graph/edges/k/L2 -99.7/e0.02
graph 17: base T 100.0  donor/edges/k/L2 -0.2/e0.00  donor/edges/v/L2 -70.3/e0.00  donor/latents_intermediate/kv/both -0.0/e0.00  random_graph/edges/k/L2 -0.1/e0.00
graph 18: base T 100.0  donor/edges/k/L2 -4.9/e0.00  donor/edges/v/L2 -40.2/e0.00  donor/latents_intermediate/kv/both +0.0/e0.00  random_graph/edges/k/L2 -6.3/e0.00
graph 19: base T 100.0  donor/edges/k/L2 -0.0/e0.00  donor/edges/v/L2 -0.3/e0.02  donor/latents_intermediate/kv/both -0.0/e0.00  random_graph/edges/k/L2 -0.0/e0.00
graph 20: base T 98.4  donor/edges/k/L2 -62.5/e0.00  donor/edges/v/L2 -85.3/e0.00  donor/latents_intermediate/kv/both -0.2/e0.00  random_graph/edges/k/L2 -60.1/e0.00
graph 21: base T 100.0  donor/edges/k/L2 -21.8/e0.73  donor/edges/v/L2 -25.3/e0.01  donor/latents_intermediate/kv/both -0.0/e0.00  random_graph/edges/k/L2 -56.1/e0.40
graph 22: base T 61.1  donor/edges/k/L2 +29.8/e0.00  donor/edges/v/L2 -33.9/e0.00  donor/latents_intermediate/kv/both -0.6/e0.00  random_graph/edges/k/L2 -52.7/e0.00
graph 23: base T 100.0  donor/edges/k/L2 -51.8/e0.00  donor/edges/v/L2 -0.8/e0.00  donor/latents_intermediate/kv/both +0.0/e0.00  random_graph/edges/k/L2 -19.8/e0.00
graph 24: base T 0.0  donor/edges/k/L2 +98.5/e0.00  donor/edges/v/L2 +95.1/e0.00  donor/latents_intermediate/kv/both -0.0/e0.00  random_graph/edges/k/L2 +78.2/e0.01
graph 25: base T 99.9  donor/edges/k/L2 -0.0/e0.00  donor/edges/v/L2 +0.1/e0.00  donor/latents_intermediate/kv/both -0.0/e0.11  random_graph/edges/k/L2 +0.1/e0.00
graph 26: base T 93.0  donor/edges/k/L2 -91.7/e0.00  donor/edges/v/L2 -92.7/e0.00  donor/latents_intermediate/kv/both +0.4/e0.33  random_graph/edges/k/L2 -91.5/e0.00
graph 27: base T 100.0  donor/edges/k/L2 -84.7/e0.00  donor/edges/v/L2 -60.4/e0.00  donor/latents_intermediate/kv/both +0.0/e0.00  random_graph/edges/k/L2 -6.5/e0.00
graph 28: base T 99.5  donor/edges/k/L2 -50.5/e0.00  donor/edges/v/L2 +0.1/e0.00  donor/latents_intermediate/kv/both +0.1/e0.00  random_graph/edges/k/L2 -98.5/e0.00
graph 29: base T 97.0  donor/edges/k/L2 -96.6/e0.00  donor/edges/v/L2 -96.0/e0.00  donor/latents_intermediate/kv/both +0.1/e0.00  random_graph/edges/k/L2 -94.4/e0.01
graph 30: base T 100.0  donor/edges/k/L2 -99.7/e0.00  donor/edges/v/L2 -34.6/e0.00  donor/latents_intermediate/kv/both +0.0/e0.00  random_graph/edges/k/L2 -6.5/e0.00
graph 31: base T 98.4  donor/edges/k/L2 -81.8/e0.09  donor/edges/v/L2 -56.1/e0.01  donor/latents_intermediate/kv/both +0.5/e0.00  random_graph/edges/k/L2 -93.9/e0.01
graph 32: base T 100.0  donor/edges/k/L2 -98.7/e0.00  donor/edges/v/L2 -56.7/e0.01  donor/latents_intermediate/kv/both +0.0/e0.00  random_graph/edges/k/L2 -99.9/e0.00
graph 33: base T 100.0  donor/edges/k/L2 -73.1/e0.01  donor/edges/v/L2 -97.7/e0.00  donor/latents_intermediate/kv/both -0.0/e0.00  random_graph/edges/k/L2 -35.6/e0.03
graph 34: base T 100.0  donor/edges/k/L2 -91.3/e0.00  donor/edges/v/L2 -65.3/e0.00  donor/latents_intermediate/kv/both +0.0/e0.00  random_graph/edges/k/L2 -63.2/e0.01
graph 35: base T 37.6  donor/edges/k/L2 -27.9/e0.00  donor/edges/v/L2 -2.7/e0.00  donor/latents_intermediate/kv/both +1.2/e0.04  random_graph/edges/k/L2 +37.8/e0.00
graph 36: base T 99.8  donor/edges/k/L2 -44.4/e0.00  donor/edges/v/L2 -14.4/e0.00  donor/latents_intermediate/kv/both -0.0/e0.00  random_graph/edges/k/L2 -0.4/e0.00
graph 37: base T 9.8  donor/edges/k/L2 +89.2/e0.00  donor/edges/v/L2 +89.1/e0.00  donor/latents_intermediate/kv/both -0.8/e0.00  random_graph/edges/k/L2 +87.9/e0.00
graph 38: base T 100.0  donor/edges/k/L2 -1.7/e0.00  donor/edges/v/L2 -0.1/e0.00  donor/latents_intermediate/kv/both +0.0/e0.00  random_graph/edges/k/L2 -0.6/e0.03
graph 39: base T 34.8  donor/edges/k/L2 -10.5/e0.00  donor/edges/v/L2 -27.4/e0.00  donor/latents_intermediate/kv/both +1.0/e0.01  random_graph/edges/k/L2 -3.9/e0.00
graph 40: base T 100.0  donor/edges/k/L2 -53.8/e0.00  donor/edges/v/L2 -99.9/e0.00  donor/latents_intermediate/kv/both -0.0/e0.00  random_graph/edges/k/L2 -5.1/e0.00
graph 41: base T 99.9  donor/edges/k/L2 -97.7/e0.01  donor/edges/v/L2 -99.8/e0.01  donor/latents_intermediate/kv/both -0.0/e0.00  random_graph/edges/k/L2 -39.4/e0.02
graph 42: base T 99.5  donor/edges/k/L2 -96.6/e0.01  donor/edges/v/L2 -99.5/e0.00  donor/latents_intermediate/kv/both +0.0/e0.00  random_graph/edges/k/L2 -99.5/e0.00
graph 43: base T 100.0  donor/edges/k/L2 -0.5/e0.00  donor/edges/v/L2 -0.2/e0.00  donor/latents_intermediate/kv/both -0.0/e0.00  random_graph/edges/k/L2 -0.8/e0.00
graph 44: base T 61.1  donor/edges/k/L2 +38.9/e0.00  donor/edges/v/L2 +38.9/e0.00  donor/latents_intermediate/kv/both -0.0/e0.02  random_graph/edges/k/L2 +37.5/e0.04
graph 45: base T 100.0  donor/edges/k/L2 -0.3/e0.03  donor/edges/v/L2 -0.0/e0.01  donor/latents_intermediate/kv/both -0.0/e0.00  random_graph/edges/k/L2 -17.3/e0.11
graph 46: base T 99.7  donor/edges/k/L2 -95.6/e0.01  donor/edges/v/L2 -99.1/e0.00  donor/latents_intermediate/kv/both +0.0/e0.00  random_graph/edges/k/L2 -99.3/e0.01
graph 47: base T 99.7  donor/edges/k/L2 -99.7/e0.00  donor/edges/v/L2 -99.6/e0.00  donor/latents_intermediate/kv/both +0.0/e0.00  random_graph/edges/k/L2 -50.6/e0.01
graph 48: base T 93.0  donor/edges/k/L2 +3.6/e0.00  donor/edges/v/L2 -40.1/e0.01  donor/latents_intermediate/kv/both -0.3/e0.00  random_graph/edges/k/L2 -14.6/e0.01
graph 49: base T 100.0  donor/edges/k/L2 -0.2/e0.00  donor/edges/v/L2 -0.5/e0.02  donor/latents_intermediate/kv/both +0.0/e0.00  random_graph/edges/k/L2 -4.8/e0.03
graph 50: base T 99.9  donor/edges/k/L2 -77.6/e0.01  donor/edges/v/L2 -20.4/e0.02  donor/latents_intermediate/kv/both +0.0/e0.00  random_graph/edges/k/L2 -12.3/e0.00
graph 51: base T 97.7  donor/edges/k/L2 +2.3/e0.00  donor/edges/v/L2 -86.3/e0.00  donor/latents_intermediate/kv/both +0.0/e0.43  random_graph/edges/k/L2 -96.4/e0.00
graph 52: base T 100.0  donor/edges/k/L2 -17.7/e0.01  donor/edges/v/L2 -0.0/e0.00  donor/latents_intermediate/kv/both -0.0/e0.00  random_graph/edges/k/L2 -0.0/e0.01
graph 53: base T 100.0  donor/edges/k/L2 -25.8/e0.00  donor/edges/v/L2 -89.3/e0.00  donor/latents_intermediate/kv/both +0.0/e0.00  random_graph/edges/k/L2 -62.6/e0.00
graph 54: base T 100.0  donor/edges/k/L2 -3.4/e0.00  donor/edges/v/L2 -0.2/e0.00  donor/latents_intermediate/kv/both -0.0/e0.00  random_graph/edges/k/L2 -14.2/e0.00
graph 55: base T 99.8  donor/edges/k/L2 +0.1/e0.00  donor/edges/v/L2 +0.1/e0.00  donor/latents_intermediate/kv/both +0.0/e0.00  random_graph/edges/k/L2 -0.1/e0.00
graph 56: base T 95.3  donor/edges/k/L2 -27.8/e0.00  donor/edges/v/L2 -14.1/e0.00  donor/latents_intermediate/kv/both -0.2/e0.00  random_graph/edges/k/L2 +4.2/e0.00
graph 57: base T 100.0  donor/edges/k/L2 -38.9/e0.00  donor/edges/v/L2 -7.5/e0.00  donor/latents_intermediate/kv/both +0.0/e0.00  random_graph/edges/k/L2 -35.7/e0.00
graph 58: base T 100.0  donor/edges/k/L2 -98.5/e0.00  donor/edges/v/L2 -98.6/e0.00  donor/latents_intermediate/kv/both +0.0/e0.00  random_graph/edges/k/L2 -13.2/e0.00
graph 59: base T 100.0  donor/edges/k/L2 -98.1/e0.02  donor/edges/v/L2 -84.6/e0.05  donor/latents_intermediate/kv/both -0.0/e0.03  random_graph/edges/k/L2 -19.5/e0.08
graph 60: base T 100.0  donor/edges/k/L2 -0.0/e0.00  donor/edges/v/L2 -0.0/e0.00  donor/latents_intermediate/kv/both +0.0/e0.00  random_graph/edges/k/L2 -0.0/e0.00
graph 61: base T 100.0  donor/edges/k/L2 -7.5/e0.00  donor/edges/v/L2 -9.4/e0.00  donor/latents_intermediate/kv/both +0.0/e0.00  random_graph/edges/k/L2 -0.9/e0.00
graph 62: base T 100.0  donor/edges/k/L2 -0.5/e0.00  donor/edges/v/L2 -94.9/e0.01  donor/latents_intermediate/kv/both +0.0/e0.00  random_graph/edges/k/L2 -96.4/e0.02
graph 63: base T 100.0  donor/edges/k/L2 -0.1/e0.01  donor/edges/v/L2 -0.0/e0.00  donor/latents_intermediate/kv/both -0.0/e0.00  random_graph/edges/k/L2 -0.0/e0.03
graph 64: base T 100.0  donor/edges/k/L2 -34.5/e0.01  donor/edges/v/L2 -92.6/e0.00  donor/latents_intermediate/kv/both +0.0/e0.00  random_graph/edges/k/L2 -56.8/e0.01
graph 65: base T 100.0  donor/edges/k/L2 -14.6/e0.01  donor/edges/v/L2 -34.7/e0.00  donor/latents_intermediate/kv/both +0.0/e0.00  random_graph/edges/k/L2 -17.9/e0.00
graph 66: base T 0.0  donor/edges/k/L2 +0.0/e0.00  donor/edges/v/L2 +0.2/e0.00  donor/latents_intermediate/kv/both -0.0/e0.00  random_graph/edges/k/L2 +0.2/e0.00
graph 67: base T 100.0  donor/edges/k/L2 -0.8/e0.00  donor/edges/v/L2 -52.4/e0.04  donor/latents_intermediate/kv/both +0.0/e0.00  random_graph/edges/k/L2 -59.6/e0.01
graph 68: base T 100.0  donor/edges/k/L2 -5.4/e0.00  donor/edges/v/L2 -90.9/e0.01  donor/latents_intermediate/kv/both -0.0/e0.00  random_graph/edges/k/L2 -95.9/e0.06
graph 69: base T 99.4  donor/edges/k/L2 +0.6/e0.00  donor/edges/v/L2 +0.6/e0.00  donor/latents_intermediate/kv/both -0.0/e0.00  random_graph/edges/k/L2 +0.6/e0.00
graph 70: base T 100.0  donor/edges/k/L2 -26.8/e0.04  donor/edges/v/L2 -99.2/e0.00  donor/latents_intermediate/kv/both +0.0/e0.00  random_graph/edges/k/L2 -76.8/e0.02
graph 71: base T 100.0  donor/edges/k/L2 -97.0/e0.00  donor/edges/v/L2 -5.5/e0.00  donor/latents_intermediate/kv/both +0.0/e0.00  random_graph/edges/k/L2 -4.3/e0.01
graph 72: base T 100.0  donor/edges/k/L2 -90.4/e0.00  donor/edges/v/L2 -15.8/e0.00  donor/latents_intermediate/kv/both +0.0/e0.00  random_graph/edges/k/L2 -63.5/e0.00
graph 73: base T 100.0  donor/edges/k/L2 -33.5/e0.00  donor/edges/v/L2 -0.2/e0.00  donor/latents_intermediate/kv/both +0.0/e0.00  random_graph/edges/k/L2 -99.2/e0.00
graph 74: base T 99.8  donor/edges/k/L2 -59.3/e0.01  donor/edges/v/L2 -36.6/e0.00  donor/latents_intermediate/kv/both -0.0/e0.00  random_graph/edges/k/L2 -23.1/e0.00
graph 75: base T 97.3  donor/edges/k/L2 -97.2/e0.25  donor/edges/v/L2 -24.7/e0.02  donor/latents_intermediate/kv/both +0.2/e0.00  random_graph/edges/k/L2 -60.8/e0.01
graph 76: base T 1.4  donor/edges/k/L2 +44.4/e0.02  donor/edges/v/L2 -0.0/e0.00  donor/latents_intermediate/kv/both -0.1/e0.00  random_graph/edges/k/L2 +96.5/e0.01
graph 77: base T 100.0  donor/edges/k/L2 -99.2/e0.01  donor/edges/v/L2 -98.6/e0.00  donor/latents_intermediate/kv/both +0.0/e0.00  random_graph/edges/k/L2 -97.4/e0.02
graph 78: base T 100.0  donor/edges/k/L2 +0.0/e0.00  donor/edges/v/L2 -51.1/e0.01  donor/latents_intermediate/kv/both +0.0/e0.00  random_graph/edges/k/L2 -0.1/e0.00
graph 79: base T 100.0  donor/edges/k/L2 -20.5/e0.00  donor/edges/v/L2 -5.9/e0.00  donor/latents_intermediate/kv/both -0.0/e0.00  random_graph/edges/k/L2 -38.4/e0.00
graph 80: base T 100.0  donor/edges/k/L2 -51.5/e0.00  donor/edges/v/L2 -6.0/e0.00  donor/latents_intermediate/kv/both -0.0/e0.00  random_graph/edges/k/L2 -84.6/e0.01
graph 81: base T 100.0  donor/edges/k/L2 -10.2/e0.00  donor/edges/v/L2 -1.5/e0.00  donor/latents_intermediate/kv/both -0.0/e0.00  random_graph/edges/k/L2 -99.5/e0.00
graph 82: base T 100.0  donor/edges/k/L2 -88.7/e0.03  donor/edges/v/L2 -99.1/e0.00  donor/latents_intermediate/kv/both +0.0/e0.00  random_graph/edges/k/L2 -98.1/e0.00
graph 83: base T 100.0  donor/edges/k/L2 -0.1/e0.01  donor/edges/v/L2 -0.0/e0.00  donor/latents_intermediate/kv/both +0.0/e0.00  random_graph/edges/k/L2 -0.0/e0.00
graph 84: base T 0.9  donor/edges/k/L2 +70.5/e0.01  donor/edges/v/L2 +23.9/e0.00  donor/latents_intermediate/kv/both +0.0/e0.00  random_graph/edges/k/L2 +96.0/e0.00
graph 85: base T 100.0  donor/edges/k/L2 -100.0/e0.00  donor/edges/v/L2 -77.5/e0.00  donor/latents_intermediate/kv/both +0.0/e0.00  random_graph/edges/k/L2 -5.9/e0.01
graph 86: base T 100.0  donor/edges/k/L2 -81.6/e0.03  donor/edges/v/L2 -41.5/e0.22  donor/latents_intermediate/kv/both -0.0/e0.00  random_graph/edges/k/L2 -16.2/e0.04
graph 87: base T 100.0  donor/edges/k/L2 -0.0/e0.00  donor/edges/v/L2 -0.0/e0.00  donor/latents_intermediate/kv/both +0.0/e0.00  random_graph/edges/k/L2 +0.0/e0.00
graph 88: base T 100.0  donor/edges/k/L2 -0.0/e0.00  donor/edges/v/L2 -0.0/e0.00  donor/latents_intermediate/kv/both +0.0/e0.00  random_graph/edges/k/L2 -14.0/e0.01
graph 89: base T 100.0  donor/edges/k/L2 +0.0/e0.00  donor/edges/v/L2 +0.0/e0.00  donor/latents_intermediate/kv/both +0.0/e0.00  random_graph/edges/k/L2 +0.0/e0.00
graph 90: base T 99.8  donor/edges/k/L2 -94.6/e0.01  donor/edges/v/L2 -99.7/e0.00  donor/latents_intermediate/kv/both -0.0/e0.00  random_graph/edges/k/L2 -99.5/e0.01
graph 91: base T 93.5  donor/edges/k/L2 +6.2/e0.02  donor/edges/v/L2 -77.5/e0.92  donor/latents_intermediate/kv/both +0.5/e0.00  random_graph/edges/k/L2 +2.0/e0.02
graph 92: base T 100.0  donor/edges/k/L2 -3.1/e0.00  donor/edges/v/L2 -35.3/e0.01  donor/latents_intermediate/kv/both -0.0/e0.00  random_graph/edges/k/L2 -88.2/e0.02
graph 93: base T 62.5  donor/edges/k/L2 +37.1/e0.00  donor/edges/v/L2 -27.3/e0.00  donor/latents_intermediate/kv/both -1.0/e0.00  random_graph/edges/k/L2 +32.2/e0.00
graph 94: base T 100.0  donor/edges/k/L2 -96.9/e0.00  donor/edges/v/L2 -99.0/e0.00  donor/latents_intermediate/kv/both +0.0/e0.00  random_graph/edges/k/L2 -97.7/e0.00
graph 95: base T 100.0  donor/edges/k/L2 -18.0/e0.05  donor/edges/v/L2 +0.0/e0.00  donor/latents_intermediate/kv/both +0.0/e0.00  random_graph/edges/k/L2 -3.9/e0.08
graph 96: base T 100.0  donor/edges/k/L2 -0.1/e0.00  donor/edges/v/L2 -96.7/e0.00  donor/latents_intermediate/kv/both -0.0/e0.00  random_graph/edges/k/L2 -1.3/e0.00
graph 97: base T 99.9  donor/edges/k/L2 -16.1/e0.00  donor/edges/v/L2 -79.0/e0.00  donor/latents_intermediate/kv/both +0.0/e0.00  random_graph/edges/k/L2 -13.6/e0.00
graph 98: base T 100.0  donor/edges/k/L2 -2.0/e0.03  donor/edges/v/L2 -98.6/e0.15  donor/latents_intermediate/kv/both +0.0/e0.00  random_graph/edges/k/L2 -9.8/e0.07
graph 99: base T 100.0  donor/edges/k/L2 -73.9/e0.04  donor/edges/v/L2 -99.3/e0.00  donor/latents_intermediate/kv/both +0.0/e0.00  random_graph/edges/k/L2 -1.4/e0.00
written: /Users/ecaterina/Developer/phoenix/results/seed0/cache_patch_n100.json
