extracting step-1 thoughts from 14785 training graphs ...
  2000/14785
  4000/14785
  6000/14785
  8000/14785
  10000/14785
  12000/14785
  14000/14785
node   2: k=40  auc_traj=[1.0, 0.9992, 0.9835, 0.9684, 0.9578, 0.9484, 0.9435, 0.9325, 0.9209, 0.9145, 0.9075, 0.8982, 0.8796, 0.8585, 0.8427, 0.8262, 0.8145, 0.8013, 0.7993, 0.7823, 0.7648, 0.7526, 0.735, 0.7147, 0.6979, 0.6925, 0.6846, 0.6803, 0.673, 0.6622, 0.6598, 0.6543, 0.6477, 0.6319, 0.6178, 0.6164, 0.6135, 0.6107, 0.6086, 0.6]
node   3: k=40  auc_traj=[0.9994, 0.9986, 0.9937, 0.9857, 0.9769, 0.9678, 0.9623, 0.9567, 0.9466, 0.9429, 0.9334, 0.9279, 0.9244, 0.9159, 0.9116, 0.9004, 0.8904, 0.8792, 0.8667, 0.8502, 0.8331, 0.8215, 0.8152, 0.8045, 0.79, 0.788, 0.7859, 0.7728, 0.7617, 0.754, 0.742, 0.7343, 0.7215, 0.7037, 0.7002, 0.6771, 0.6541, 0.6453, 0.6277, 0.6203]
node   4: k=40  auc_traj=[1.0, 0.9994, 0.9948, 0.9848, 0.9786, 0.9733, 0.9659, 0.9547, 0.9457, 0.9382, 0.9143, 0.8895, 0.8833, 0.8774, 0.8638, 0.8552, 0.8491, 0.8398, 0.8328, 0.8193, 0.8162, 0.8158, 0.8037, 0.788, 0.7656, 0.7493, 0.742, 0.7218, 0.7136, 0.7143, 0.704, 0.6942, 0.6858, 0.6713, 0.6581, 0.6393, 0.6211, 0.6164, 0.6047, 0.5952]
node   5: k=40  auc_traj=[1.0, 1.0, 0.9962, 0.9894, 0.9692, 0.9558, 0.9468, 0.9318, 0.9196, 0.9065, 0.8984, 0.8773, 0.8641, 0.8557, 0.8319, 0.8114, 0.807, 0.8042, 0.7641, 0.753, 0.7449, 0.7176, 0.7, 0.6846, 0.6967, 0.7049, 0.6899, 0.6772, 0.6594, 0.6447, 0.6247, 0.6157, 0.613, 0.611, 0.6209, 0.6172, 0.6083, 0.6049, 0.6049, 0.6112]
node   6: k=40  auc_traj=[1.0, 0.9999, 0.9942, 0.9833, 0.9688, 0.9622, 0.9601, 0.944, 0.9271, 0.9285, 0.8985, 0.8787, 0.8838, 0.8957, 0.8948, 0.8625, 0.8387, 0.8218, 0.802, 0.7897, 0.7797, 0.778, 0.7751, 0.77, 0.7537, 0.7535, 0.7513, 0.7372, 0.726, 0.7114, 0.6862, 0.6795, 0.6616, 0.6386, 0.647, 0.6362, 0.6288, 0.6436, 0.6377, 0.6174]
node   7: k=40  auc_traj=[1.0, 0.9991, 0.9952, 0.9793, 0.959, 0.9462, 0.9328, 0.9163, 0.9157, 0.9112, 0.893, 0.8933, 0.8826, 0.8708, 0.8595, 0.8558, 0.8394, 0.8167, 0.7839, 0.7872, 0.7764, 0.7575, 0.7428, 0.7416, 0.7457, 0.7324, 0.721, 0.7159, 0.711, 0.7008, 0.6691, 0.6588, 0.6657, 0.649, 0.644, 0.6496, 0.6396, 0.6451, 0.6341, 0.6272]
node   8: k=40  auc_traj=[1.0, 0.9996, 0.9904, 0.9642, 0.9525, 0.9338, 0.9252, 0.8886, 0.8478, 0.8368, 0.8184, 0.8245, 0.8281, 0.8305, 0.8207, 0.7925, 0.7781, 0.7753, 0.7767, 0.7707, 0.7506, 0.7338, 0.7257, 0.7254, 0.7143, 0.7064, 0.7005, 0.7005, 0.6995, 0.6976, 0.6838, 0.673, 0.6735, 0.6699, 0.6752, 0.6873, 0.6852, 0.6819, 0.6797, 0.6744]
node   9: k=40  auc_traj=[1.0, 0.9999, 0.995, 0.9849, 0.979, 0.9651, 0.9515, 0.9226, 0.9071, 0.891, 0.8722, 0.849, 0.8351, 0.8205, 0.8013, 0.7847, 0.7758, 0.7705, 0.7761, 0.7773, 0.7593, 0.7498, 0.7433, 0.7413, 0.7353, 0.7149, 0.6949, 0.688, 0.6928, 0.7032, 0.6996, 0.6768, 0.6691, 0.6728, 0.6614, 0.6513, 0.6687, 0.6725, 0.6613, 0.6633]
node  10: k=40  auc_traj=[0.9998, 0.9984, 0.9925, 0.9819, 0.9601, 0.947, 0.9231, 0.8952, 0.8747, 0.8677, 0.8485, 0.8405, 0.8195, 0.8186, 0.8141, 0.7998, 0.786, 0.7625, 0.7552, 0.7442, 0.7316, 0.7197, 0.7107, 0.7172, 0.6955, 0.6813, 0.6879, 0.6682, 0.6566, 0.6625, 0.6455, 0.6452, 0.6349, 0.6387, 0.652, 0.6326, 0.6052, 0.6089, 0.6063, 0.6077]
node  11: k=34  auc_traj=[0.9989, 0.9964, 0.9891, 0.967, 0.9369, 0.8993, 0.8806, 0.8655, 0.8474, 0.8341, 0.8353, 0.8393, 0.847, 0.8197, 0.794, 0.7766, 0.7597, 0.7589, 0.7534, 0.7252, 0.6801, 0.6627, 0.6592, 0.6352, 0.5981, 0.5842, 0.6022, 0.6132, 0.5964, 0.5909, 0.5954, 0.5912, 0.5833, 0.5564, 0.5479]
node  12: k=40  auc_traj=[0.9998, 0.9985, 0.9828, 0.9352, 0.9215, 0.9111, 0.9057, 0.8931, 0.873, 0.8632, 0.8515, 0.8613, 0.822, 0.8259, 0.8181, 0.804, 0.7995, 0.776, 0.749, 0.7396, 0.7386, 0.7322, 0.7146, 0.6777, 0.6386, 0.6459, 0.6783, 0.6867, 0.6716, 0.6795, 0.6801, 0.6561, 0.6427, 0.6403, 0.6231, 0.6516, 0.679, 0.6678, 0.6339, 0.6411]
node  13: k=40  auc_traj=[0.9731, 0.9807, 0.9757, 0.9269, 0.8424, 0.8202, 0.8217, 0.7981, 0.7799, 0.7794, 0.787, 0.7639, 0.7807, 0.8057, 0.7839, 0.7771, 0.7569, 0.7244, 0.7084, 0.7283, 0.7023, 0.6771, 0.6614, 0.6631, 0.6702, 0.6511, 0.6509, 0.6736, 0.6704, 0.6867, 0.6693, 0.651, 0.6724, 0.6717, 0.651, 0.6475, 0.6711, 0.6591, 0.6778, 0.6659]
node  14: k=40  auc_traj=[0.9795, 0.9585, 0.9371, 0.9218, 0.8776, 0.8333, 0.7829, 0.7645, 0.7534, 0.7607, 0.7448, 0.7618, 0.7679, 0.7393, 0.6952, 0.6963, 0.6898, 0.6976, 0.6916, 0.6676, 0.6588, 0.6603, 0.6515, 0.648, 0.6648, 0.6648, 0.6312, 0.6088, 0.5885, 0.5903, 0.6221, 0.6171, 0.6136, 0.6198, 0.6147, 0.6138, 0.6141, 0.6291, 0.5846, 0.6063]
node  15: k=40  auc_traj=[0.9491, 0.9477, 0.9552, 0.9522, 0.9314, 0.9167, 0.8683, 0.8758, 0.8452, 0.8401, 0.8101, 0.7765, 0.7803, 0.7895, 0.7453, 0.7688, 0.8034, 0.7834, 0.7832, 0.7731, 0.756, 0.7507, 0.7829, 0.7684, 0.7418, 0.7385, 0.7205, 0.7006, 0.6292, 0.6464, 0.7047, 0.7196, 0.6415, 0.6005, 0.6396, 0.6283, 0.593, 0.5863, 0.5785, 0.5825]
node  16: k=9  auc_traj=[0.8992, 0.7703, 0.6924, 0.6975, 0.6605, 0.5711, 0.5538, 0.5911, 0.5641, 0.5491]
node  17: k=35  auc_traj=[0.9702, 0.9649, 0.9517, 0.9089, 0.8627, 0.8418, 0.7994, 0.8093, 0.8038, 0.7747, 0.7505, 0.7786, 0.8345, 0.7995, 0.7911, 0.7604, 0.7114, 0.6919, 0.6831, 0.6924, 0.7149, 0.7088, 0.6643, 0.6283, 0.6469, 0.6677, 0.6612, 0.6467, 0.6826, 0.6183, 0.6203, 0.6636, 0.6141, 0.6104, 0.5684, 0.5443]
node  18: k=11  auc_traj=[0.8054, 0.7384, 0.6612, 0.6101, 0.5873, 0.5711, 0.5528, 0.5624, 0.6412, 0.6405, 0.5914, 0.5384]
node  19: k=18  auc_traj=[0.896, 0.8512, 0.8093, 0.7284, 0.6761, 0.6749, 0.5694, 0.5623, 0.6013, 0.6572, 0.6315, 0.604, 0.5503, 0.5738, 0.5778, 0.5991, 0.5878, 0.5625, 0.5459]
node  20: k=21  auc_traj=[0.8253, 0.8026, 0.795, 0.7717, 0.7333, 0.7289, 0.6741, 0.6445, 0.6607, 0.6691, 0.6399, 0.6394, 0.6664, 0.6031, 0.6248, 0.6329, 0.6273, 0.6486, 0.6431, 0.6127, 0.5692, 0.5391]
node  21: k=15  auc_traj=[0.7228, 0.6975, 0.7129, 0.7323, 0.7301, 0.6914, 0.691, 0.7084, 0.6777, 0.6736, 0.641, 0.5808, 0.5531, 0.5774, 0.5986, 0.5374]
node  22: k=1  auc_traj=[0.6135, 0.4787]
node  23: k=4  auc_traj=[0.6981, 0.6905, 0.5905, 0.5505, 0.5133]
node  24: k=7  auc_traj=[0.8384, 0.7778, 0.7306, 0.697, 0.6599, 0.7071, 0.6768, 0.5084]

23 nodes; median k=40, max k=40, hist={'1': 1, '4': 1, '7': 1, '9': 1, '11': 1, '15': 1, '18': 1, '21': 1, '34': 1, '35': 1, '40': 13}
written: /Users/ecaterina/Developer/phoenix/results/seed0/inlp_basis_full.pt
real 499.04
user 1555.74
sys 203.20
