test graph 3: base T 2.4  node 2 k 40  probe -2.00  inlp_first -1.93  inlp -2.38  inlp_random_matched -0.72  inlp_random_sizematched -1.32
test graph 5: base T 100.0  node 2 k 40  probe -0.00  inlp_first -0.00  inlp -0.33  inlp_random_matched -0.00  inlp_random_sizematched -0.00
test graph 6: base T 100.0  node 11 k 34  probe -0.00  inlp_first -0.00  inlp -0.00  inlp_random_matched -0.00  inlp_random_sizematched +0.00
test graph 8: base T 100.0  node 5 k 40  probe -0.00  inlp_first -0.00  inlp -0.00  inlp_random_matched -0.00  inlp_random_sizematched +0.00
test graph 11: base T 100.0  node 3 k 40  probe +0.00  inlp_first +0.00  inlp -0.00  inlp_random_matched -0.00  inlp_random_sizematched -0.00
test graph 13: base T 100.0  node 2 k 40  probe -0.00  inlp_first +0.00  inlp +0.00  inlp_random_matched +0.00  inlp_random_sizematched +0.00
test graph 14: base T 99.9  node 4 k 40  probe -6.07  inlp_first -5.10  inlp -49.51  inlp_random_matched +0.08  inlp_random_sizematched +0.05
test graph 15: base T 75.4  node 3 k 40  probe +5.69  inlp_first +9.11  inlp +23.02  inlp_random_matched -7.62  inlp_random_sizematched +17.61
test graph 16: base T 100.0  node 4 k 40  probe +0.00  inlp_first +0.00  inlp -4.23  inlp_random_matched -0.00  inlp_random_sizematched +0.00
test graph 17: base T 100.0  node 4 k 40  probe -0.00  inlp_first -0.00  inlp -0.01  inlp_random_matched -0.00  inlp_random_sizematched -0.01
test graph 18: base T 100.0  node 3 k 40  probe -0.00  inlp_first -0.00  inlp -0.00  inlp_random_matched -0.00  inlp_random_sizematched +0.00
test graph 19: base T 100.0  node 6 k 40  probe -0.00  inlp_first -0.00  inlp -40.14  inlp_random_matched +0.00  inlp_random_sizematched +0.00
test graph 20: base T 98.4  node 6 k 40  probe +1.52  inlp_first +1.51  inlp +1.11  inlp_random_matched +0.24  inlp_random_sizematched +0.88
test graph 23: base T 100.0  node 2 k 40  probe -0.00  inlp_first -0.00  inlp -0.32  inlp_random_matched +0.00  inlp_random_sizematched -0.00
test graph 24: base T 0.0  node 4 k 40  probe +0.00  inlp_first +0.00  inlp +0.03  inlp_random_matched +0.00  inlp_random_sizematched +0.00
test graph 25: base T 99.9  node 5 k 40  probe -0.06  inlp_first -0.06  inlp -0.42  inlp_random_matched -0.00  inlp_random_sizematched +0.01
test graph 27: base T 100.0  node 3 k 40  probe +0.00  inlp_first +0.00  inlp -0.00  inlp_random_matched -0.00  inlp_random_sizematched -0.00
test graph 28: base T 99.5  node 5 k 40  probe -77.56  inlp_first -61.59  inlp -99.50  inlp_random_matched -0.07  inlp_random_sizematched -0.11
test graph 29: base T 97.0  node 6 k 40  probe -47.84  inlp_first -49.25  inlp -89.65  inlp_random_matched -4.37  inlp_random_sizematched -8.22
test graph 30: base T 100.0  node 3 k 40  probe -0.00  inlp_first -0.00  inlp -0.00  inlp_random_matched -0.00  inlp_random_sizematched -0.00
test graph 31: base T 98.4  node 2 k 40  probe -1.70  inlp_first -1.89  inlp -89.87  inlp_random_matched +0.17  inlp_random_sizematched -1.70
test graph 32: base T 100.0  node 2 k 40  probe +0.00  inlp_first +0.00  inlp +0.00  inlp_random_matched -0.00  inlp_random_sizematched -0.00
test graph 34: base T 100.0  node 4 k 40  probe -0.00  inlp_first -0.00  inlp -79.79  inlp_random_matched +0.00  inlp_random_sizematched -0.00
test graph 35: base T 37.6  node 2 k 40  probe -4.45  inlp_first -8.64  inlp -15.56  inlp_random_matched -2.62  inlp_random_sizematched -3.87
test graph 36: base T 99.8  node 3 k 40  probe +0.01  inlp_first +0.02  inlp +0.01  inlp_random_matched +0.00  inlp_random_sizematched +0.10
test graph 37: base T 9.8  node 2 k 40  probe +47.53  inlp_first +11.48  inlp +62.38  inlp_random_matched +4.30  inlp_random_sizematched +54.88
test graph 38: base T 100.0  node 2 k 40  probe -0.24  inlp_first -0.21  inlp -1.66  inlp_random_matched -0.00  inlp_random_sizematched -0.00
test graph 39: base T 34.8  node 2 k 40  probe -22.96  inlp_first -24.73  inlp -30.04  inlp_random_matched +29.06  inlp_random_sizematched -8.62
test graph 40: base T 100.0  node 4 k 40  probe +0.00  inlp_first +0.00  inlp +0.00  inlp_random_matched -0.00  inlp_random_sizematched -0.00
test graph 41: base T 99.9  node 3 k 40  probe -0.09  inlp_first -0.15  inlp -99.54  inlp_random_matched +0.00  inlp_random_sizematched -0.13
test graph 43: base T 100.0  node 8 k 40  probe +0.00  inlp_first +0.00  inlp -0.00  inlp_random_matched +0.00  inlp_random_sizematched +0.00
test graph 44: base T 61.1  node 4 k 40  probe +20.02  inlp_first +22.29  inlp +32.99  inlp_random_matched -3.37  inlp_random_sizematched -10.63
test graph 45: base T 100.0  node 10 k 40  probe -0.01  inlp_first -0.01  inlp -0.06  inlp_random_matched -0.00  inlp_random_sizematched +0.00
test graph 46: base T 99.7  node 6 k 40  probe -14.91  inlp_first -16.30  inlp -90.08  inlp_random_matched -0.07  inlp_random_sizematched +0.00
test graph 47: base T 99.7  node 2 k 40  probe -0.83  inlp_first -0.71  inlp -25.07  inlp_random_matched +0.02  inlp_random_sizematched -0.15
test graph 48: base T 93.0  node 2 k 40  probe -40.03  inlp_first -50.95  inlp -74.75  inlp_random_matched -0.25  inlp_random_sizematched -4.15
test graph 49: base T 100.0  node 5 k 40  probe -0.43  inlp_first -0.06  inlp -7.18  inlp_random_matched -0.00  inlp_random_sizematched +0.00
test graph 51: base T 97.7  node 5 k 40  probe -0.00  inlp_first -0.28  inlp -12.55  inlp_random_matched -0.07  inlp_random_sizematched +1.74
test graph 53: base T 100.0  node 3 k 40  probe -0.00  inlp_first -0.00  inlp -27.48  inlp_random_matched -0.00  inlp_random_sizematched -0.00
test graph 54: base T 100.0  node 2 k 40  probe +0.01  inlp_first +0.01  inlp -1.76  inlp_random_matched +0.00  inlp_random_sizematched -0.02
test graph 56: base T 95.3  node 4 k 40  probe +0.80  inlp_first +0.82  inlp -19.65  inlp_random_matched +1.00  inlp_random_sizematched +1.75
test graph 57: base T 100.0  node 4 k 40  probe -0.01  inlp_first -0.01  inlp -0.11  inlp_random_matched +0.00  inlp_random_sizematched +0.00
test graph 58: base T 100.0  node 2 k 40  probe -0.00  inlp_first -0.00  inlp -0.00  inlp_random_matched +0.00  inlp_random_sizematched +0.00
test graph 59: base T 100.0  node 5 k 40  probe -0.03  inlp_first -0.04  inlp -0.57  inlp_random_matched +0.00  inlp_random_sizematched -0.00
test graph 60: base T 100.0  node 5 k 40  probe -0.00  inlp_first -0.00  inlp -0.00  inlp_random_matched +0.00  inlp_random_sizematched +0.00
test graph 61: base T 100.0  node 2 k 40  probe -0.00  inlp_first -0.00  inlp -0.01  inlp_random_matched +0.00  inlp_random_sizematched +0.00
test graph 62: base T 100.0  node 5 k 40  probe -0.07  inlp_first -0.06  inlp -0.04  inlp_random_matched +0.00  inlp_random_sizematched +0.00
test graph 63: base T 100.0  node 3 k 40  probe +0.00  inlp_first +0.00  inlp -0.01  inlp_random_matched +0.00  inlp_random_sizematched -0.00
test graph 64: base T 100.0  node 2 k 40  probe -0.00  inlp_first -0.00  inlp -0.01  inlp_random_matched -0.00  inlp_random_sizematched +0.00
test graph 66: base T 0.0  node 6 k 40  probe +0.02  inlp_first +0.02  inlp -0.00  inlp_random_matched +0.00  inlp_random_sizematched -0.00
test graph 67: base T 100.0  node 4 k 40  probe -0.00  inlp_first -0.00  inlp -0.01  inlp_random_matched +0.00  inlp_random_sizematched -0.00
test graph 69: base T 99.4  node 2 k 40  probe -0.02  inlp_first -0.23  inlp -0.38  inlp_random_matched -0.15  inlp_random_sizematched +0.22
test graph 70: base T 100.0  node 4 k 40  probe -0.00  inlp_first -0.00  inlp -92.53  inlp_random_matched -0.00  inlp_random_sizematched -0.00
test graph 72: base T 100.0  node 4 k 40  probe +0.00  inlp_first +0.00  inlp -0.00  inlp_random_matched -0.00  inlp_random_sizematched +0.00
test graph 73: base T 100.0  node 3 k 40  probe +0.00  inlp_first +0.00  inlp +0.01  inlp_random_matched -0.00  inlp_random_sizematched +0.00
test graph 75: base T 97.3  node 4 k 40  probe -12.28  inlp_first -14.53  inlp -39.49  inlp_random_matched -0.15  inlp_random_sizematched +1.03
test graph 76: base T 1.4  node 6 k 40  probe -1.02  inlp_first -0.91  inlp -1.17  inlp_random_matched -0.34  inlp_random_sizematched +1.51
test graph 78: base T 100.0  node 2 k 40  probe -0.02  inlp_first -0.04  inlp -96.50  inlp_random_matched -0.00  inlp_random_sizematched +0.00
test graph 80: base T 100.0  node 4 k 40  probe +0.00  inlp_first -0.00  inlp -0.00  inlp_random_matched -0.00  inlp_random_sizematched -0.00
test graph 83: base T 100.0  node 11 k 34  probe -0.00  inlp_first -0.00  inlp -0.55  inlp_random_matched +0.00  inlp_random_sizematched -0.00
test graph 84: base T 0.9  node 2 k 40  probe -0.26  inlp_first -0.22  inlp +0.05  inlp_random_matched -0.28  inlp_random_sizematched -0.11
test graph 87: base T 100.0  node 7 k 40  probe +0.00  inlp_first +0.00  inlp +0.00  inlp_random_matched -0.00  inlp_random_sizematched +0.00
test graph 89: base T 100.0  node 2 k 40  probe +0.00  inlp_first +0.00  inlp +0.00  inlp_random_matched -0.00  inlp_random_sizematched +0.00
test graph 91: base T 93.5  node 8 k 40  probe -85.62  inlp_first -84.87  inlp -91.71  inlp_random_matched -10.31  inlp_random_sizematched -5.07
test graph 92: base T 100.0  node 2 k 40  probe -0.02  inlp_first -0.00  inlp -0.07  inlp_random_matched +0.01  inlp_random_sizematched +0.02
test graph 93: base T 62.5  node 3 k 40  probe +0.92  inlp_first +4.31  inlp +18.30  inlp_random_matched -0.63  inlp_random_sizematched +23.61
test graph 94: base T 100.0  node 4 k 40  probe -0.00  inlp_first -0.00  inlp -0.43  inlp_random_matched -0.00  inlp_random_sizematched -0.00
test graph 99: base T 100.0  node 4 k 40  probe +0.02  inlp_first +0.03  inlp +0.03  inlp_random_matched -0.00  inlp_random_sizematched -0.00
written: /Users/ecaterina/Developer/phoenix/results/seed0/inlp_arm_n100.json
