graph 0: base T 100.0  average/all -0.1/e0.83  noise/all -6.5/e0.98  zero/all -7.6/e0.98  random_donor/all -0.7/e1.00  removed -8.7/e1.00
graph 1: base T 100.0  average/all -2.1/e0.71  noise/all -0.0/e0.00  zero/all +0.0/e0.00  random_donor/all -37.1/e1.00  removed -1.5/e1.00
graph 2: base T 99.5  average/all -99.0/e0.97  noise/all -99.5/e0.00  zero/all -99.5/e0.00  random_donor/all -74.0/e1.00  removed -99.5/e0.00
graph 3: base T 2.4  average/all -2.3/e0.99  noise/all +80.8/e0.90  zero/all +96.8/e0.90  random_donor/all +3.8/e1.00  removed +94.2/e0.05
graph 4: base T 100.0  average/all -88.6/e0.98  noise/all -39.7/e0.93  zero/all -36.6/e0.89  random_donor/all -100.0/e0.00  removed -14.8/e0.49
graph 5: base T 100.0  average/all -89.9/e0.81  noise/all -0.0/e0.00  zero/all -0.0/e0.00  random_donor/all -58.1/e1.00  removed -0.0/e0.00
graph 6: base T 100.0  average/all -0.0/e0.31  noise/all -10.2/e0.99  zero/all -11.7/e0.99  random_donor/all -38.9/e1.00  removed -16.6/e1.00
graph 7: base T 3.8  average/all +62.3/e0.21  noise/all -3.7/e0.00  zero/all -3.8/e0.00  random_donor/all +96.2/e0.00  removed -3.6/e0.09
graph 8: base T 100.0  average/all -0.0/e0.75  noise/all -0.0/e0.07  zero/all -0.5/e0.22  random_donor/all -0.3/e1.00  removed -0.0/e0.49
graph 9: base T 100.0  average/all -55.2/e0.73  noise/all -0.0/e0.96  zero/all -2.0/e0.94  random_donor/all -0.0/e0.99  removed -0.0/e0.42
graph 10: base T 99.1  average/all -14.7/e0.72  noise/all -61.1/e1.00  zero/all -96.8/e0.78  random_donor/all +0.9/e0.00  removed -26.0/e1.00
graph 11: base T 100.0  average/all -89.0/e0.77  noise/all -0.1/e0.01  zero/all -33.7/e1.00  random_donor/all +0.0/e0.00  removed -23.2/e0.93
graph 12: base T 100.0  average/all -0.0/e0.75  noise/all -0.1/e0.00  zero/all -0.5/e0.34  random_donor/all -50.0/e1.00  removed -0.0/e0.00
graph 13: base T 100.0  average/all -60.7/e0.96  noise/all -99.6/e0.01  zero/all -49.2/e0.87  random_donor/all +0.0/e0.00  removed -99.4/e0.86
graph 14: base T 99.9  average/all -25.7/e0.78  noise/all -37.6/e0.99  zero/all -42.7/e0.97  random_donor/all -96.7/e1.00  removed -9.3/e0.61
graph 15: base T 75.4  average/all -3.4/e0.81  noise/all +17.6/e0.87  zero/all -75.1/e0.92  random_donor/all -13.7/e1.00  removed +19.8/e0.92
graph 16: base T 100.0  average/all -99.9/e0.98  noise/all -67.9/e1.00  zero/all -97.5/e0.96  random_donor/all -74.9/e1.00  removed -72.7/e1.00
graph 17: base T 100.0  average/all -8.3/e0.99  noise/all -96.5/e0.85  zero/all -0.6/e0.06  random_donor/all -7.5/e1.00  removed -3.5/e0.06
graph 18: base T 100.0  average/all -5.3/e0.93  noise/all -0.0/e0.00  zero/all -0.0/e0.03  random_donor/all -12.0/e1.00  removed -6.9/e0.05
graph 19: base T 100.0  average/all -0.0/e0.96  noise/all -0.4/e1.00  zero/all -0.1/e0.62  random_donor/all -55.2/e1.00  removed -6.9/e1.00
graph 20: base T 98.4  average/all -42.0/e0.91  noise/all -98.3/e0.00  zero/all -87.9/e0.25  random_donor/all -16.1/e1.00  removed -98.2/e0.45
graph 21: base T 100.0  average/all -0.4/e0.96  noise/all -90.2/e0.95  zero/all -26.5/e0.93  random_donor/all -99.9/e1.00  removed -51.3/e0.99
graph 22: base T 61.1  average/all -17.1/e0.17  noise/all +38.3/e0.01  zero/all +36.3/e0.21  random_donor/all +15.5/e1.00  removed +38.9/e0.03
graph 23: base T 100.0  average/all -82.0/e0.75  noise/all -0.2/e0.02  zero/all -4.4/e0.93  random_donor/all -71.0/e1.00  removed -60.9/e1.00
graph 24: base T 0.0  average/all +27.0/e0.94  noise/all +84.4/e1.00  zero/all +18.9/e0.99  random_donor/all +17.7/e1.00  removed +4.6/e0.98
graph 25: base T 99.9  average/all +0.0/e0.80  noise/all -2.5/e0.12  zero/all -24.6/e0.96  random_donor/all -40.8/e1.00  removed -0.8/e0.96
graph 26: base T 93.0  average/all -77.9/e0.99  noise/all -12.3/e0.63  zero/all -71.8/e0.84  random_donor/all -76.5/e1.00  removed -12.2/e0.99
graph 27: base T 100.0  average/all -33.6/e0.93  noise/all -0.0/e0.00  zero/all -0.0/e0.00  random_donor/all +0.0/e0.00  removed -0.0/e0.00
graph 28: base T 99.5  average/all -6.4/e0.95  noise/all +0.5/e0.00  zero/all +0.5/e0.00  random_donor/all -18.5/e1.00  removed -3.8/e0.05
graph 29: base T 97.0  average/all -53.8/e0.57  noise/all -96.8/e0.00  zero/all -94.4/e0.99  random_donor/all -90.5/e1.00  removed -63.6/e0.30
graph 30: base T 100.0  average/all -39.1/e0.92  noise/all -91.5/e1.00  zero/all -0.0/e0.60  random_donor/all -55.3/e1.00  removed -98.8/e1.00
graph 31: base T 98.4  average/all -88.1/e0.65  noise/all +0.6/e0.45  zero/all -0.4/e0.58  random_donor/all -11.4/e1.00  removed -19.1/e0.98
graph 32: base T 100.0  average/all -72.6/e0.86  noise/all -74.9/e0.90  zero/all -88.8/e0.98  random_donor/all -90.4/e1.00  removed -77.7/e1.00
graph 33: base T 100.0  average/all -7.7/e0.82  noise/all -98.7/e0.26  zero/all -96.4/e0.80  random_donor/all -34.4/e1.00  removed -100.0/e0.00
graph 34: base T 100.0  average/all -50.7/e0.56  noise/all -1.4/e0.92  zero/all -3.1/e0.08  random_donor/all -77.9/e1.00  removed -24.5/e1.00
graph 35: base T 37.6  average/all +32.4/e0.93  noise/all +12.8/e0.54  zero/all +58.9/e0.81  random_donor/all +37.9/e1.00  removed +58.2/e1.00
graph 36: base T 99.8  average/all -94.6/e0.77  noise/all -3.3/e0.99  zero/all -74.3/e0.99  random_donor/all -37.9/e1.00  removed -28.4/e0.99
graph 37: base T 9.8  average/all +86.7/e0.98  noise/all -9.4/e0.03  zero/all -9.8/e0.00  random_donor/all +29.2/e1.00  removed -9.6/e0.03
graph 38: base T 100.0  average/all -0.6/e0.96  noise/all -99.9/e0.07  zero/all -89.0/e0.95  random_donor/all -4.4/e1.00  removed -99.8/e0.08
graph 39: base T 34.8  average/all +60.9/e0.49  noise/all -16.6/e1.00  zero/all +53.4/e0.99  random_donor/all +65.2/e0.00  removed -2.9/e1.00
graph 40: base T 100.0  average/all -7.5/e0.25  noise/all -100.0/e0.57  zero/all -97.1/e0.87  random_donor/all -100.0/e0.00  removed -98.2/e1.00
graph 41: base T 99.9  average/all -41.6/e0.60  noise/all -10.5/e0.02  zero/all -12.8/e1.00  random_donor/all -16.0/e1.00  removed -9.1/e0.08
graph 42: base T 99.5  average/all -97.2/e0.99  noise/all +0.5/e0.00  zero/all -7.9/e0.06  random_donor/all -71.1/e1.00  removed +0.5/e0.00
graph 43: base T 100.0  average/all -2.0/e0.96  noise/all -49.3/e0.51  zero/all -19.3/e0.90  random_donor/all -17.1/e1.00  removed -100.0/e0.00
graph 44: base T 61.1  average/all +25.9/e0.95  noise/all -61.1/e0.00  zero/all -61.0/e0.00  random_donor/all +16.7/e1.00  removed -61.0/e0.17
graph 45: base T 100.0  average/all -62.5/e1.00  noise/all -100.0/e0.00  zero/all -2.0/e0.87  random_donor/all -10.1/e1.00  removed -99.9/e0.14
graph 46: base T 99.7  average/all -96.6/e0.64  noise/all -2.7/e0.00  zero/all -1.1/e0.69  random_donor/all -20.0/e1.00  removed -99.0/e0.48
graph 47: base T 99.7  average/all -94.3/e0.86  noise/all -17.8/e0.98  zero/all -1.9/e0.30  random_donor/all -32.6/e1.00  removed -10.1/e0.56
graph 48: base T 93.0  average/all -7.3/e0.90  noise/all +7.0/e0.02  zero/all +5.4/e0.43  random_donor/all +7.0/e0.00  removed +7.0/e0.01
graph 49: base T 100.0  average/all -0.8/e0.81  noise/all -87.7/e0.04  zero/all -41.2/e0.61  random_donor/all -7.8/e1.00  removed -98.9/e0.01
graph 50: base T 99.9  average/all -45.2/e0.22  noise/all -14.1/e1.00  zero/all -61.2/e1.00  random_donor/all -0.0/e1.00  removed -13.4/e1.00
graph 51: base T 97.7  average/all -92.3/e0.53  noise/all -12.6/e0.97  zero/all +2.2/e0.07  random_donor/all -97.7/e0.00  removed -52.6/e1.00
graph 52: base T 100.0  average/all -0.5/e0.68  noise/all -13.0/e0.00  zero/all -4.2/e0.00  random_donor/all -97.8/e1.00  removed -7.1/e0.00
graph 53: base T 100.0  average/all -61.1/e0.57  noise/all -32.1/e0.00  zero/all -99.8/e0.01  random_donor/all -14.6/e1.00  removed -72.7/e0.01
graph 54: base T 100.0  average/all -9.6/e0.87  noise/all -79.6/e0.00  zero/all -38.8/e0.03  random_donor/all -38.4/e1.00  removed -85.4/e0.00
graph 55: base T 99.8  average/all +0.1/e0.96  noise/all -99.8/e0.08  zero/all -93.9/e0.90  random_donor/all -8.5/e1.00  removed -0.2/e0.14
graph 56: base T 95.3  average/all -86.8/e0.63  noise/all -95.2/e0.00  zero/all -94.9/e0.07  random_donor/all -89.5/e1.00  removed -88.3/e0.04
graph 57: base T 100.0  average/all -84.3/e0.78  noise/all -5.2/e0.71  zero/all -2.1/e0.10  random_donor/all -100.0/e0.01  removed -10.6/e0.94
graph 58: base T 100.0  average/all -68.8/e0.77  noise/all -0.0/e0.00  zero/all -0.0/e0.00  random_donor/all -100.0/e0.00  removed -0.0/e0.40
graph 59: base T 100.0  average/all -100.0/e0.97  noise/all -0.4/e0.03  zero/all -97.8/e0.89  random_donor/all -74.7/e1.00  removed -79.0/e0.97
graph 60: base T 100.0  average/all -11.6/e1.00  noise/all -0.2/e0.02  zero/all -4.0/e0.97  random_donor/all -6.7/e1.00  removed -87.1/e0.16
graph 61: base T 100.0  average/all -5.4/e0.93  noise/all -61.2/e0.98  zero/all -97.4/e0.72  random_donor/all -16.6/e1.00  removed -0.1/e0.03
graph 62: base T 100.0  average/all -48.0/e0.69  noise/all -11.1/e0.69  zero/all -1.5/e1.00  random_donor/all -33.9/e1.00  removed -61.3/e0.97
graph 63: base T 100.0  average/all -1.0/e1.00  noise/all -0.8/e0.78  zero/all -31.5/e0.91  random_donor/all -9.3/e1.00  removed -2.7/e0.97
graph 64: base T 100.0  average/all -6.8/e0.97  noise/all -99.3/e0.68  zero/all -95.1/e1.00  random_donor/all -9.9/e1.00  removed -6.2/e0.08
graph 65: base T 100.0  average/all -1.6/e0.88  noise/all -63.5/e0.74  zero/all -75.2/e0.67  random_donor/all -3.6/e1.00  removed -90.9/e0.89
graph 66: base T 0.0  average/all +4.7/e1.00  noise/all +41.4/e0.90  zero/all +1.4/e0.44  random_donor/all +1.5/e1.00  removed +10.7/e0.03
graph 67: base T 100.0  average/all -42.7/e0.59  noise/all -0.0/e0.00  zero/all -47.5/e1.00  random_donor/all +0.0/e0.00  removed -0.1/e0.00
graph 68: base T 100.0  average/all -95.7/e0.88  noise/all -6.5/e0.99  zero/all -9.2/e1.00  random_donor/all -100.0/e0.00  removed -43.4/e1.00
graph 69: base T 99.4  average/all -8.8/e0.94  noise/all -99.4/e0.12  zero/all -37.7/e0.88  random_donor/all -87.6/e1.00  removed -95.9/e1.00
graph 70: base T 100.0  average/all -2.6/e0.98  noise/all -0.0/e0.00  zero/all -49.5/e0.99  random_donor/all -1.6/e1.00  removed -0.0/e0.00
graph 71: base T 100.0  average/all -63.7/e0.61  noise/all -21.7/e0.00  zero/all -24.9/e0.35  random_donor/all +0.0/e0.00  removed -0.0/e0.00
graph 72: base T 100.0  average/all -21.1/e0.97  noise/all -78.5/e1.00  zero/all -74.5/e1.00  random_donor/all -84.8/e1.00  removed -53.3/e1.00
graph 73: base T 100.0  average/all -5.9/e0.95  noise/all -56.6/e0.15  zero/all -91.5/e0.29  random_donor/all +0.0/e0.00  removed -0.4/e0.01
graph 74: base T 99.8  average/all -72.2/e0.86  noise/all -14.5/e0.92  zero/all -28.6/e0.92  random_donor/all -93.2/e1.00  removed -63.1/e0.95
graph 75: base T 97.3  average/all -60.1/e0.60  noise/all -97.0/e0.68  zero/all -88.5/e0.47  random_donor/all -4.4/e1.00  removed -82.5/e1.00
graph 76: base T 1.4  average/all +13.5/e0.62  noise/all -1.3/e0.00  zero/all -1.4/e0.00  random_donor/all -1.4/e0.00  removed +89.7/e0.53
graph 77: base T 100.0  average/all -99.5/e0.77  noise/all -2.4/e0.00  zero/all -13.6/e0.00  random_donor/all -99.9/e1.00  removed -0.2/e0.00
graph 78: base T 100.0  average/all -0.4/e0.95  noise/all -99.3/e0.78  zero/all -90.6/e0.90  random_donor/all -0.2/e1.00  removed -99.9/e0.10
graph 79: base T 100.0  average/all -13.3/e0.65  noise/all -0.3/e0.00  zero/all -0.1/e0.00  random_donor/all -100.0/e0.00  removed -99.9/e0.00
graph 80: base T 100.0  average/all -9.5/e0.68  noise/all -0.0/e0.00  zero/all -0.0/e0.00  random_donor/all -4.2/e1.00  removed -0.0/e0.00
graph 81: base T 100.0  average/all -62.5/e0.83  noise/all -81.1/e1.00  zero/all -1.0/e0.56  random_donor/all -49.3/e1.00  removed -64.5/e1.00
graph 82: base T 100.0  average/all -69.9/e0.69  noise/all -39.5/e0.99  zero/all -31.0/e0.90  random_donor/all -74.9/e1.00  removed -13.1/e1.00
graph 83: base T 100.0  average/all -0.0/e0.88  noise/all -98.5/e0.00  zero/all -98.0/e0.00  random_donor/all -0.0/e0.69  removed -10.3/e0.99
graph 84: base T 0.9  average/all +97.2/e0.38  noise/all +58.4/e1.00  zero/all +13.5/e0.96  random_donor/all +47.5/e1.00  removed +75.5/e1.00
graph 85: base T 100.0  average/all -85.2/e0.69  noise/all -92.7/e0.00  zero/all -41.0/e0.00  random_donor/all -61.2/e1.00  removed -51.3/e0.01
graph 86: base T 100.0  average/all -98.2/e0.99  noise/all -0.7/e0.08  zero/all -4.7/e0.25  random_donor/all -77.2/e1.00  removed -2.8/e0.08
graph 87: base T 100.0  average/all -0.1/e0.98  noise/all -14.7/e1.00  zero/all -44.7/e0.99  random_donor/all -0.2/e1.00  removed -13.4/e1.00
graph 88: base T 100.0  average/all -75.4/e0.93  noise/all -95.3/e0.99  zero/all -63.1/e0.99  random_donor/all +0.0/e0.00  removed -98.3/e0.52
graph 89: base T 100.0  average/all -0.8/e1.00  noise/all -2.1/e0.84  zero/all -26.0/e0.98  random_donor/all +0.0/e0.00  removed -20.6/e0.97
graph 90: base T 99.8  average/all -94.4/e0.93  noise/all -16.7/e0.99  zero/all -78.2/e0.60  random_donor/all -76.2/e1.00  removed -33.6/e1.00
graph 91: base T 93.5  average/all -57.2/e0.62  noise/all -93.3/e0.00  zero/all -93.3/e0.00  random_donor/all +6.5/e0.44  removed -93.4/e0.19
graph 92: base T 100.0  average/all -49.6/e0.59  noise/all -0.6/e0.02  zero/all -2.5/e0.01  random_donor/all -91.1/e1.00  removed -0.5/e0.81
graph 93: base T 62.5  average/all +30.0/e0.49  noise/all -61.9/e0.00  zero/all -61.7/e0.00  random_donor/all -62.1/e1.00  removed -61.7/e0.56
graph 94: base T 100.0  average/all -13.1/e0.72  noise/all -70.3/e1.00  zero/all -63.9/e0.98  random_donor/all -0.1/e1.00  removed -87.1/e1.00
graph 95: base T 100.0  average/all -0.1/e0.74  noise/all -10.3/e0.46  zero/all -2.3/e0.81  random_donor/all -12.3/e1.00  removed -0.2/e0.28
graph 96: base T 100.0  average/all -37.8/e0.46  noise/all -63.6/e0.68  zero/all -99.1/e0.10  random_donor/all -89.5/e1.00  removed -25.0/e0.96
graph 97: base T 99.9  average/all -40.5/e0.92  noise/all -99.6/e0.00  zero/all -99.3/e0.01  random_donor/all -3.2/e1.00  removed -99.3/e0.00
graph 98: base T 100.0  average/all -0.6/e0.95  noise/all -99.3/e0.60  zero/all -2.8/e0.84  random_donor/all -96.5/e1.00  removed -99.8/e0.00
graph 99: base T 100.0  average/all -5.6/e0.49  noise/all -97.3/e0.00  zero/all -96.9/e0.00  random_donor/all -47.7/e1.00  removed -99.9/e0.00
written: /Users/ecaterina/Developer/phoenix/results/seed0/necessity_n100.json
