test graph 0: base T 100.0  input_embedding -0.05/e0.00  probe -0.01/e0.00  random_matched +0.00/e0.00
test graph 1: base T 100.0  input_embedding -0.00/e0.00  probe -0.00/e0.00  random_matched -0.00/e0.00
test graph 2: base T 99.5  input_embedding -34.49/e0.02  probe -0.32/e0.00  random_matched +0.08/e0.00
test graph 3: base T 2.4  input_embedding -2.36/e0.00  probe -1.75/e0.00  random_matched -0.03/e0.00
test graph 4: base T 100.0  input_embedding -0.00/e0.00  probe -0.00/e0.00  random_matched +0.00/e0.00
test graph 5: base T 100.0  input_embedding -0.00/e0.00  probe -0.00/e0.00  random_matched +0.00/e0.00
test graph 6: base T 100.0  input_embedding -0.00/e0.00  probe -0.00/e0.00  random_matched -0.00/e0.00
test graph 7: base T 3.8  input_embedding +1.10/e0.02  probe -0.34/e0.01  random_matched -0.19/e0.08
test graph 8: base T 100.0  input_embedding -0.00/e0.00  probe -0.00/e0.00  random_matched +0.00/e0.00
test graph 9: base T 100.0  input_embedding -0.00/e0.00  probe +0.00/e0.00  random_matched -0.00/e0.00
test graph 10: base T 99.1  input_embedding -0.43/e0.00  probe -1.36/e0.01  random_matched -0.09/e0.01
test graph 11: base T 100.0  input_embedding -0.01/e0.00  probe +0.00/e0.00  random_matched -0.00/e0.00
test graph 12: base T 100.0  input_embedding -0.00/e0.00  probe -0.00/e0.00  random_matched +0.00/e0.00
test graph 13: base T 100.0  input_embedding -0.01/e0.00  probe +0.00/e0.00  random_matched +0.00/e0.00
test graph 14: base T 99.9  input_embedding -49.48/e0.02  probe -8.64/e0.02  random_matched -0.00/e0.00
test graph 15: base T 75.4  input_embedding +20.03/e0.05  probe -60.38/e0.61  random_matched -1.43/e0.08
test graph 16: base T 100.0  input_embedding -0.00/e0.00  probe -0.00/e0.00  random_matched +0.00/e0.00
test graph 17: base T 100.0  input_embedding +0.01/e0.00  probe -0.01/e0.00  random_matched +0.00/e0.00
test graph 18: base T 100.0  input_embedding -0.47/e0.01  probe -0.02/e0.00  random_matched +0.00/e0.00
test graph 19: base T 100.0  input_embedding -0.86/e0.00  probe -0.00/e0.00  random_matched +0.00/e0.00
test graph 20: base T 98.4  input_embedding -0.07/e0.00  probe +1.48/e0.00  random_matched +0.07/e0.00
test graph 21: base T 100.0  input_embedding -0.02/e0.00  probe -0.00/e0.00  random_matched -0.00/e0.00
test graph 22: base T 61.1  input_embedding -5.07/e0.00  probe -17.40/e0.00  random_matched +3.54/e0.00
test graph 23: base T 100.0  input_embedding -0.01/e0.00  probe -0.00/e0.00  random_matched +0.00/e0.00
test graph 24: base T 0.0  input_embedding +0.00/e0.00  probe +0.01/e0.00  random_matched +0.00/e0.00
test graph 25: base T 99.9  input_embedding +0.00/e0.21  probe -0.06/e0.07  random_matched +0.00/e0.11
test graph 26: base T 93.0  input_embedding +1.87/e0.05  probe +5.12/e0.04  random_matched +0.09/e0.32
test graph 27: base T 100.0  input_embedding -0.01/e0.00  probe -0.00/e0.00  random_matched +0.00/e0.00
test graph 28: base T 99.5  input_embedding -99.50/e0.00  probe -99.44/e0.00  random_matched +0.03/e0.00
test graph 29: base T 97.0  input_embedding -16.80/e0.00  probe -31.41/e0.00  random_matched -0.22/e0.00
test graph 30: base T 100.0  input_embedding -0.01/e0.00  probe -0.00/e0.00  random_matched +0.00/e0.00
test graph 31: base T 98.4  input_embedding -79.24/e0.00  probe -3.87/e0.00  random_matched +0.04/e0.00
test graph 32: base T 100.0  input_embedding -0.00/e0.00  probe -0.00/e0.00  random_matched +0.00/e0.00
test graph 33: base T 100.0  input_embedding -0.06/e0.00  probe -0.02/e0.00  random_matched -0.00/e0.00
test graph 34: base T 100.0  input_embedding -0.05/e0.00  probe -0.00/e0.00  random_matched +0.00/e0.00
test graph 35: base T 37.6  input_embedding -16.00/e0.01  probe +33.19/e0.03  random_matched -0.66/e0.04
test graph 36: base T 99.8  input_embedding -0.16/e0.00  probe +0.08/e0.00  random_matched -0.01/e0.00
test graph 37: base T 9.8  input_embedding -7.20/e0.00  probe +35.33/e0.00  random_matched +0.54/e0.00
test graph 38: base T 100.0  input_embedding -0.40/e0.00  probe -0.10/e0.00  random_matched -0.00/e0.00
test graph 39: base T 34.8  input_embedding -30.40/e0.00  probe +6.43/e0.00  random_matched +2.14/e0.01
test graph 40: base T 100.0  input_embedding -0.00/e0.00  probe +0.00/e0.00  random_matched +0.00/e0.00
test graph 41: base T 99.9  input_embedding -10.89/e0.00  probe -0.07/e0.00  random_matched +0.00/e0.00
test graph 42: base T 99.5  input_embedding -92.27/e0.00  probe -5.39/e0.01  random_matched +0.05/e0.00
test graph 43: base T 100.0  input_embedding -0.00/e0.00  probe +0.00/e0.00  random_matched -0.00/e0.00
test graph 44: base T 61.1  input_embedding +24.15/e0.01  probe +19.95/e0.03  random_matched +0.25/e0.02
test graph 45: base T 100.0  input_embedding -0.07/e0.01  probe -0.01/e0.01  random_matched -0.00/e0.00
test graph 46: base T 99.7  input_embedding -1.49/e0.00  probe -79.10/e0.00  random_matched +0.02/e0.00
test graph 47: base T 99.7  input_embedding -43.84/e0.00  probe -1.56/e0.00  random_matched +0.02/e0.00
test graph 48: base T 93.0  input_embedding -89.05/e0.00  probe -36.70/e0.00  random_matched -0.01/e0.00
test graph 49: base T 100.0  input_embedding -0.00/e0.00  probe -0.00/e0.00  random_matched +0.00/e0.00
test graph 50: base T 99.9  input_embedding -0.03/e0.00  probe -0.45/e0.00  random_matched +0.00/e0.00
test graph 51: base T 97.7  input_embedding -15.57/e0.64  probe +0.06/e0.46  random_matched -0.09/e0.47
test graph 52: base T 100.0  input_embedding -0.00/e0.00  probe +0.00/e0.00  random_matched +0.00/e0.00
test graph 53: base T 100.0  input_embedding -2.37/e0.00  probe -0.01/e0.00  random_matched -0.00/e0.00
test graph 54: base T 100.0  input_embedding +0.00/e0.00  probe +0.00/e0.00  random_matched +0.00/e0.00
test graph 55: base T 99.8  input_embedding +0.09/e0.00  probe +0.06/e0.00  random_matched -0.01/e0.00
test graph 56: base T 95.3  input_embedding -46.08/e0.00  probe -7.84/e0.00  random_matched -0.08/e0.00
test graph 57: base T 100.0  input_embedding -0.06/e0.00  probe -0.02/e0.00  random_matched +0.00/e0.00
test graph 58: base T 100.0  input_embedding -0.00/e0.00  probe -0.00/e0.00  random_matched +0.00/e0.00
test graph 59: base T 100.0  input_embedding -0.65/e0.01  probe -0.03/e0.02  random_matched -0.00/e0.03
test graph 60: base T 100.0  input_embedding -0.00/e0.00  probe -0.00/e0.00  random_matched -0.00/e0.00
test graph 61: base T 100.0  input_embedding -0.00/e0.00  probe -0.00/e0.00  random_matched +0.00/e0.00
test graph 62: base T 100.0  input_embedding -0.05/e0.00  probe -0.05/e0.03  random_matched +0.00/e0.00
test graph 63: base T 100.0  input_embedding -0.01/e0.00  probe -0.00/e0.00  random_matched +0.00/e0.00
test graph 64: base T 100.0  input_embedding -0.06/e0.00  probe -0.00/e0.00  random_matched -0.00/e0.00
test graph 65: base T 100.0  input_embedding -0.04/e0.00  probe -0.01/e0.00  random_matched +0.00/e0.00
test graph 66: base T 0.0  input_embedding +0.03/e0.00  probe +0.02/e0.00  random_matched +0.00/e0.00
test graph 67: base T 100.0  input_embedding -0.00/e0.00  probe -0.00/e0.00  random_matched -0.00/e0.00
test graph 68: base T 100.0  input_embedding -0.01/e0.00  probe -0.00/e0.00  random_matched +0.00/e0.00
test graph 69: base T 99.4  input_embedding +0.06/e0.00  probe -0.07/e0.00  random_matched +0.02/e0.00
test graph 70: base T 100.0  input_embedding -0.02/e0.00  probe -0.00/e0.00  random_matched -0.00/e0.00
test graph 71: base T 100.0  input_embedding -0.01/e0.00  probe -0.00/e0.00  random_matched -0.00/e0.00
test graph 72: base T 100.0  input_embedding -0.00/e0.00  probe -0.00/e0.00  random_matched +0.00/e0.00
test graph 73: base T 100.0  input_embedding +0.01/e0.00  probe +0.01/e0.00  random_matched -0.00/e0.00
test graph 74: base T 99.8  input_embedding -96.64/e0.00  probe -0.06/e0.00  random_matched -0.01/e0.00
test graph 75: base T 97.3  input_embedding -16.69/e0.00  probe -12.47/e0.00  random_matched +0.15/e0.00
test graph 76: base T 1.4  input_embedding -0.02/e0.00  probe -1.03/e0.00  random_matched -0.15/e0.00
test graph 77: base T 100.0  input_embedding -0.20/e0.00  probe -0.01/e0.00  random_matched -0.00/e0.00
test graph 78: base T 100.0  input_embedding -21.96/e0.06  probe -19.57/e0.03  random_matched -0.00/e0.00
test graph 79: base T 100.0  input_embedding -0.01/e0.00  probe +0.00/e0.00  random_matched -0.00/e0.00
test graph 80: base T 100.0  input_embedding -0.00/e0.00  probe +0.00/e0.00  random_matched +0.00/e0.00
test graph 81: base T 100.0  input_embedding +0.00/e0.00  probe -0.00/e0.00  random_matched -0.00/e0.00
test graph 82: base T 100.0  input_embedding -0.00/e0.00  probe -0.00/e0.00  random_matched -0.00/e0.00
test graph 83: base T 100.0  input_embedding -0.00/e0.00  probe -0.00/e0.00  random_matched -0.00/e0.00
test graph 84: base T 0.9  input_embedding -0.36/e0.00  probe -0.24/e0.00  random_matched -0.07/e0.00
test graph 85: base T 100.0  input_embedding -0.00/e0.00  probe -0.00/e0.00  random_matched +0.00/e0.00
test graph 86: base T 100.0  input_embedding -0.20/e0.00  probe -0.01/e0.00  random_matched -0.00/e0.00
test graph 87: base T 100.0  input_embedding +0.00/e0.00  probe +0.00/e0.00  random_matched -0.00/e0.00
test graph 88: base T 100.0  input_embedding -0.00/e0.00  probe +0.00/e0.00  random_matched -0.00/e0.00
test graph 89: base T 100.0  input_embedding +0.00/e0.00  probe +0.00/e0.00  random_matched -0.00/e0.00
test graph 90: base T 99.8  input_embedding -12.61/e0.02  probe -4.14/e0.01  random_matched +0.01/e0.00
test graph 91: base T 93.5  input_embedding -80.37/e0.00  probe -86.65/e0.00  random_matched +0.55/e0.00
test graph 92: base T 100.0  input_embedding -0.06/e0.00  probe -0.07/e0.00  random_matched -0.00/e0.00
test graph 93: base T 62.5  input_embedding -8.57/e0.00  probe +1.96/e0.00  random_matched -0.56/e0.00
test graph 94: base T 100.0  input_embedding -9.59/e0.00  probe -0.00/e0.00  random_matched +0.00/e0.00
test graph 95: base T 100.0  input_embedding -0.04/e0.00  probe -0.22/e0.00  random_matched -0.00/e0.00
test graph 96: base T 100.0  input_embedding -0.00/e0.00  probe -0.00/e0.00  random_matched -0.00/e0.00
test graph 97: base T 99.9  input_embedding +0.01/e0.00  probe +0.03/e0.00  random_matched -0.00/e0.00
test graph 98: base T 100.0  input_embedding +0.00/e0.00  probe +0.00/e0.00  random_matched +0.00/e0.00
test graph 99: base T 100.0  input_embedding +0.03/e0.00  probe +0.03/e0.00  random_matched -0.00/e0.00
written: /Users/ecaterina/Developer/phoenix/results/seed0/path_deletion_n100.json
