graph 0 candidate_swap: clean T 100.0 corrupted T 100.0 (changed slots [7, 23, 52])
graph 1 candidate_swap: clean T 100.0 corrupted T 0.0 (changed slots [1, 10, 11, 14])
graph 1 rewrite_last: clean T 100.0 corrupted T 100.0 (changed slots [10])
graph 2 candidate_swap: clean T 99.5 corrupted T 0.0 (changed slots [5, 11, 12])
graph 2 rewrite_last: clean T 99.5 corrupted T 0.0 (changed slots [5])
graph 3 candidate_swap: clean T 2.4 corrupted T 0.2 (changed slots [5, 8, 9, 12, 14, 37])
graph 4 candidate_swap: clean T 100.0 corrupted T 0.0 (changed slots [2, 23])
graph 4 rewrite_last: clean T 100.0 corrupted T 67.5 (changed slots [2])
graph 5 candidate_swap: clean T 100.0 corrupted T 0.0 (changed slots [23, 31])
graph 5 rewrite_last: clean T 100.0 corrupted T 0.5 (changed slots [23])
graph 6 candidate_swap: clean T 100.0 corrupted T 99.6 (changed slots [11, 19, 29])
graph 6 rewrite_last: clean T 100.0 corrupted T 100.0 (changed slots [29])
graph 7 candidate_swap: clean T 3.8 corrupted T 1.5 (changed slots [0, 20])
graph 7 rewrite_last: clean T 3.8 corrupted T 2.6 (changed slots [0])
graph 8 candidate_swap: clean T 100.0 corrupted T 100.0 (changed slots [2, 6, 19])
graph 8 rewrite_last: clean T 100.0 corrupted T 100.0 (changed slots [6])
graph 9 candidate_swap: clean T 100.0 corrupted T 0.0 (changed slots [20, 22, 26, 27, 28])
graph 9 rewrite_last: clean T 100.0 corrupted T 100.0 (changed slots [26])
graph 10 candidate_swap: clean T 99.1 corrupted T 93.9 (changed slots [0, 14, 15])
graph 10 rewrite_last: clean T 99.1 corrupted T 97.0 (changed slots [0])
graph 11 candidate_swap: clean T 100.0 corrupted T 0.0 (changed slots [11, 16, 17, 20])
graph 11 rewrite_last: clean T 100.0 corrupted T 96.6 (changed slots [11])
graph 12 candidate_swap: clean T 100.0 corrupted T 66.2 (changed slots [1, 2, 15, 40])
graph 12 rewrite_last: clean T 100.0 corrupted T 100.0 (changed slots [40])
graph 13 candidate_swap: clean T 100.0 corrupted T 0.0 (changed slots [7, 10, 20, 32, 33])
graph 13 rewrite_last: clean T 100.0 corrupted T 97.9 (changed slots [10])
graph 14 candidate_swap: clean T 99.9 corrupted T 26.3 (changed slots [15, 25, 28])
graph 15 candidate_swap: clean T 75.4 corrupted T 0.0 (changed slots [3, 4, 10, 18, 30, 37])
graph 16 candidate_swap: clean T 100.0 corrupted T 0.0 (changed slots [13, 18, 19])
graph 16 rewrite_last: clean T 100.0 corrupted T 0.0 (changed slots [19])
graph 17 candidate_swap: clean T 100.0 corrupted T 99.8 (changed slots [1, 10, 17])
graph 18 candidate_swap: clean T 100.0 corrupted T 1.0 (changed slots [17, 28])
graph 18 rewrite_last: clean T 100.0 corrupted T 100.0 (changed slots [17])
graph 19 candidate_swap: clean T 100.0 corrupted T 73.7 (changed slots [7, 10, 14, 21, 25, 27])
graph 20 candidate_swap: clean T 98.4 corrupted T 0.0 (changed slots [2, 8, 10, 13, 19, 39])
graph 20 rewrite_last: clean T 98.4 corrupted T 90.1 (changed slots [13])
graph 21 candidate_swap: clean T 100.0 corrupted T 0.0 (changed slots [2, 10, 21, 23])
graph 21 rewrite_last: clean T 100.0 corrupted T 99.8 (changed slots [10])
graph 22 candidate_swap: clean T 61.1 corrupted T 1.2 (changed slots [9, 20, 22, 37])
graph 23 candidate_swap: clean T 100.0 corrupted T 0.7 (changed slots [13, 14, 17])
graph 23 rewrite_last: clean T 100.0 corrupted T 98.9 (changed slots [17])
graph 24 candidate_swap: clean T 0.0 corrupted T 100.0 (changed slots [0, 14, 31])
graph 24 rewrite_last: clean T 0.0 corrupted T 0.0 (changed slots [31])
graph 25 candidate_swap: clean T 99.9 corrupted T 8.1 (changed slots [2, 7, 24, 28, 36])
graph 26 candidate_swap: clean T 93.0 corrupted T 0.2 (changed slots [25, 31])
graph 26 rewrite_last: clean T 93.0 corrupted T 89.9 (changed slots [25])
graph 27 candidate_swap: clean T 100.0 corrupted T 0.1 (changed slots [4, 26, 31])
graph 27 rewrite_last: clean T 100.0 corrupted T 99.8 (changed slots [26])
graph 28 candidate_swap: clean T 99.5 corrupted T 0.6 (changed slots [6, 8, 19, 26])
graph 28 rewrite_last: clean T 99.5 corrupted T 1.7 (changed slots [6])
graph 29 candidate_swap: clean T 97.0 corrupted T 1.0 (changed slots [0, 11, 18])
graph 29 rewrite_last: clean T 97.0 corrupted T 50.3 (changed slots [18])
graph 30 candidate_swap: clean T 100.0 corrupted T 0.0 (changed slots [4, 12, 15, 29])
graph 31 candidate_swap: clean T 98.4 corrupted T 4.5 (changed slots [1, 7, 24, 30])
graph 32 candidate_swap: clean T 100.0 corrupted T 0.0 (changed slots [10, 22])
graph 32 rewrite_last: clean T 100.0 corrupted T 1.1 (changed slots [10])
graph 33 candidate_swap: clean T 100.0 corrupted T 0.0 (changed slots [24, 34])
graph 33 rewrite_last: clean T 100.0 corrupted T 2.3 (changed slots [24])
graph 34 candidate_swap: clean T 100.0 corrupted T 0.0 (changed slots [7, 23, 24, 28, 31])
graph 35 candidate_swap: clean T 37.6 corrupted T 23.9 (changed slots [0, 25, 34])
graph 36 candidate_swap: clean T 99.8 corrupted T 23.5 (changed slots [18, 19, 26])
graph 37 candidate_swap: clean T 9.8 corrupted T 0.3 (changed slots [8, 16])
graph 37 rewrite_last: clean T 9.8 corrupted T 0.2 (changed slots [8])
graph 38 candidate_swap: clean T 100.0 corrupted T 0.0 (changed slots [9, 13, 17])
graph 38 rewrite_last: clean T 100.0 corrupted T 27.0 (changed slots [13])
graph 39 candidate_swap: clean T 34.8 corrupted T 0.6 (changed slots [7, 18])
graph 39 rewrite_last: clean T 34.8 corrupted T 0.8 (changed slots [18])
graph 40 candidate_swap: clean T 100.0 corrupted T 0.0 (changed slots [16, 24])
graph 40 rewrite_last: clean T 100.0 corrupted T 100.0 (changed slots [24])
graph 41 candidate_swap: clean T 99.9 corrupted T 0.1 (changed slots [0, 17])
graph 41 rewrite_last: clean T 99.9 corrupted T 0.1 (changed slots [17])
graph 42 candidate_swap: clean T 99.5 corrupted T 0.0 (changed slots [25, 26])
graph 42 rewrite_last: clean T 99.5 corrupted T 0.0 (changed slots [26])
graph 43 candidate_swap: clean T 100.0 corrupted T 3.4 (changed slots [5, 11])
graph 43 rewrite_last: clean T 100.0 corrupted T 100.0 (changed slots [5])
graph 44 candidate_swap: clean T 61.1 corrupted T 4.5 (changed slots [0, 7])
graph 44 rewrite_last: clean T 61.1 corrupted T 35.4 (changed slots [7])
graph 45 candidate_swap: clean T 100.0 corrupted T 90.1 (changed slots [0, 1, 28])
graph 46 candidate_swap: clean T 99.7 corrupted T 0.0 (changed slots [11, 17])
graph 46 rewrite_last: clean T 99.7 corrupted T 0.0 (changed slots [17])
graph 47 candidate_swap: clean T 99.7 corrupted T 0.0 (changed slots [4, 14])
graph 47 rewrite_last: clean T 99.7 corrupted T 0.0 (changed slots [14])
graph 48 candidate_swap: clean T 93.0 corrupted T 0.0 (changed slots [30, 37, 39])
graph 48 rewrite_last: clean T 93.0 corrupted T 0.0 (changed slots [30])
graph 49 candidate_swap: clean T 100.0 corrupted T 0.0 (changed slots [1, 28, 39])
graph 49 rewrite_last: clean T 100.0 corrupted T 64.0 (changed slots [39])
graph 50 candidate_swap: clean T 99.9 corrupted T 0.2 (changed slots [4, 14])
graph 50 rewrite_last: clean T 99.9 corrupted T 1.4 (changed slots [4])
graph 51 candidate_swap: clean T 97.7 corrupted T 0.0 (changed slots [17, 20, 38])
graph 51 rewrite_last: clean T 97.7 corrupted T 97.3 (changed slots [17])
graph 52 candidate_swap: clean T 100.0 corrupted T 0.2 (changed slots [2, 3, 10, 28])
graph 53 candidate_swap: clean T 100.0 corrupted T 0.1 (changed slots [4, 13, 38])
graph 53 rewrite_last: clean T 100.0 corrupted T 0.2 (changed slots [38])
graph 54 candidate_swap: clean T 100.0 corrupted T 0.3 (changed slots [2, 12, 13, 29])
graph 55 candidate_swap: clean T 99.8 corrupted T 0.0 (changed slots [23, 30])
graph 55 rewrite_last: clean T 99.8 corrupted T 0.1 (changed slots [30])
graph 56 candidate_swap: clean T 95.3 corrupted T 0.0 (changed slots [4, 7, 16, 23, 27])
graph 57 candidate_swap: clean T 100.0 corrupted T 0.0 (changed slots [12, 14, 21])
graph 57 rewrite_last: clean T 100.0 corrupted T 99.6 (changed slots [12])
graph 58 candidate_swap: clean T 100.0 corrupted T 1.9 (changed slots [13, 24, 34, 36])
graph 58 rewrite_last: clean T 100.0 corrupted T 100.0 (changed slots [24])
graph 59 candidate_swap: clean T 100.0 corrupted T 0.0 (changed slots [4, 18, 24, 33])
graph 59 rewrite_last: clean T 100.0 corrupted T 96.8 (changed slots [18])
graph 60 candidate_swap: clean T 100.0 corrupted T 100.0 (changed slots [10, 15])
graph 60 rewrite_last: clean T 100.0 corrupted T 100.0 (changed slots [10])
graph 61 candidate_swap: clean T 100.0 corrupted T 0.1 (changed slots [4, 11, 17])
graph 61 rewrite_last: clean T 100.0 corrupted T 95.9 (changed slots [4])
graph 62 candidate_swap: clean T 100.0 corrupted T 0.0 (changed slots [2, 6, 26])
graph 62 rewrite_last: clean T 100.0 corrupted T 99.1 (changed slots [2])
graph 63 candidate_swap: clean T 100.0 corrupted T 0.1 (changed slots [6, 11, 16, 20])
graph 63 rewrite_last: clean T 100.0 corrupted T 86.3 (changed slots [16])
graph 64 candidate_swap: clean T 100.0 corrupted T 0.0 (changed slots [12, 18, 19])
graph 65 candidate_swap: clean T 100.0 corrupted T 0.0 (changed slots [15, 16, 27, 33, 36])
graph 65 rewrite_last: clean T 100.0 corrupted T 96.9 (changed slots [27])
graph 66 candidate_swap: clean T 0.0 corrupted T 0.0 (changed slots [0, 2, 12, 30, 40])
graph 67 candidate_swap: clean T 100.0 corrupted T 0.0 (changed slots [0, 3, 14, 24, 25])
graph 67 rewrite_last: clean T 100.0 corrupted T 75.1 (changed slots [24])
graph 68 candidate_swap: clean T 100.0 corrupted T 0.1 (changed slots [0, 18, 27, 29])
graph 69 candidate_swap: clean T 99.4 corrupted T 82.0 (changed slots [7, 14, 25])
graph 69 rewrite_last: clean T 99.4 corrupted T 99.2 (changed slots [14])
graph 70 candidate_swap: clean T 100.0 corrupted T 1.8 (changed slots [1, 5, 14, 15, 17, 23, 32, 35, 37, 38])
graph 71 candidate_swap: clean T 100.0 corrupted T 0.0 (changed slots [10, 35])
graph 71 rewrite_last: clean T 100.0 corrupted T 96.2 (changed slots [10])
graph 72 candidate_swap: clean T 100.0 corrupted T 0.0 (changed slots [13, 16, 21])
graph 72 rewrite_last: clean T 100.0 corrupted T 99.7 (changed slots [21])
graph 73 candidate_swap: clean T 100.0 corrupted T 0.0 (changed slots [3, 4, 6, 20])
graph 73 rewrite_last: clean T 100.0 corrupted T 100.0 (changed slots [3])
graph 74 candidate_swap: clean T 99.8 corrupted T 0.7 (changed slots [2, 7, 27])
graph 75 candidate_swap: clean T 97.3 corrupted T 0.9 (changed slots [1, 3, 9, 15, 19, 21, 24, 27, 28])
graph 76 candidate_swap: clean T 1.4 corrupted T 3.6 (changed slots [21, 24])
graph 76 rewrite_last: clean T 1.4 corrupted T 28.2 (changed slots [21])
graph 77 candidate_swap: clean T 100.0 corrupted T 31.1 (changed slots [17, 28, 29])
graph 78 candidate_swap: clean T 100.0 corrupted T 0.0 (changed slots [5, 12, 24])
graph 78 rewrite_last: clean T 100.0 corrupted T 3.3 (changed slots [12])
graph 79 candidate_swap: clean T 100.0 corrupted T 0.0 (changed slots [0, 28, 33])
graph 79 rewrite_last: clean T 100.0 corrupted T 99.8 (changed slots [0])
graph 80 candidate_swap: clean T 100.0 corrupted T 0.0 (changed slots [23, 24, 25, 29])
graph 81 candidate_swap: clean T 100.0 corrupted T 0.0 (changed slots [1, 12, 32])
graph 82 candidate_swap: clean T 100.0 corrupted T 0.0 (changed slots [3, 4, 13])
graph 83 candidate_swap: clean T 100.0 corrupted T 0.9 (changed slots [6, 8, 18])
graph 83 rewrite_last: clean T 100.0 corrupted T 100.0 (changed slots [8])
graph 84 candidate_swap: clean T 0.9 corrupted T 7.7 (changed slots [7, 12])
graph 84 rewrite_last: clean T 0.9 corrupted T 0.2 (changed slots [7])
graph 85 candidate_swap: clean T 100.0 corrupted T 0.0 (changed slots [1, 8, 11, 20, 21, 30])
graph 86 candidate_swap: clean T 100.0 corrupted T 0.0 (changed slots [2, 12, 20, 24])
graph 87 candidate_swap: clean T 100.0 corrupted T 99.6 (changed slots [8, 11, 15, 28])
graph 87 rewrite_last: clean T 100.0 corrupted T 100.0 (changed slots [11])
graph 88 candidate_swap: clean T 100.0 corrupted T 0.0 (changed slots [32, 33])
graph 88 rewrite_last: clean T 100.0 corrupted T 99.2 (changed slots [32])
graph 89 candidate_swap: clean T 100.0 corrupted T 100.0 (changed slots [1, 12, 30, 33])
graph 89 rewrite_last: clean T 100.0 corrupted T 100.0 (changed slots [12])
graph 90 candidate_swap: clean T 99.8 corrupted T 0.0 (changed slots [16, 29])
graph 90 rewrite_last: clean T 99.8 corrupted T 7.1 (changed slots [16])
graph 91 candidate_swap: clean T 93.5 corrupted T 3.3 (changed slots [5, 20, 29])
graph 92 candidate_swap: clean T 100.0 corrupted T 0.0 (changed slots [1, 3, 4, 5, 30, 32])
graph 93 candidate_swap: clean T 62.5 corrupted T 2.2 (changed slots [14, 15, 33])
graph 93 rewrite_last: clean T 62.5 corrupted T 25.3 (changed slots [33])
graph 94 candidate_swap: clean T 100.0 corrupted T 0.2 (changed slots [4, 13, 25])
graph 94 rewrite_last: clean T 100.0 corrupted T 6.5 (changed slots [4])
graph 95 candidate_swap: clean T 100.0 corrupted T 100.0 (changed slots [0, 28, 36, 44])
graph 95 rewrite_last: clean T 100.0 corrupted T 99.9 (changed slots [28])
graph 96 candidate_swap: clean T 100.0 corrupted T 0.0 (changed slots [9, 11, 20])
graph 96 rewrite_last: clean T 100.0 corrupted T 89.3 (changed slots [11])
graph 97 candidate_swap: clean T 99.9 corrupted T 0.0 (changed slots [1, 24])
graph 97 rewrite_last: clean T 99.9 corrupted T 0.2 (changed slots [1])
graph 98 candidate_swap: clean T 100.0 corrupted T 0.1 (changed slots [6, 24, 26])
graph 98 rewrite_last: clean T 100.0 corrupted T 25.2 (changed slots [6])
graph 99 candidate_swap: clean T 100.0 corrupted T 0.0 (changed slots [8, 10, 21, 27])
written: /Users/ecaterina/Developer/phoenix/results/seed0/tracing_n100.json
